[1/150] BarbellGraph_10_5        n=25   pw=  9 bound                  0    0.001s C
[2/150] AhrensSzekeresGeneralizedQuadrangleGraph_3 n=27   pw= 18 refutation           378    0.003s C
[3/150] BlanusaSecondSnarkGraph  n=18   pw=  5 refutation            45    0.001s C
[4/150] BidiakisCube             n=12   pw=  4 refutation            12      0.0s C
[5/150] ClebschGraph             n=16   pw=  9 refutation           136    0.001s C
[6/150] BlanusaFirstSnarkGraph   n=18   pw=  5 refutation            45    0.001s C
[7/150] CircularLadderGraph_20   n=40   pw=  4 refutation            40    0.001s C
[8/150] ChvatalGraph             n=12   pw=  6 refutation            16    0.001s C
[9/150] CirculantGraph_20_5      n=20   pw=  2 bound                  0    0.003s C
[10/150] DurerGraph               n=12   pw=  4 refutation            18      0.0s C
[11/150] BrinkmannGraph           n=21   pw=  8 refutation           216    0.023s C
[12/150] FriendshipGraph_10       n=21   pw=  2 bound                  0      0.0s C
[13/150] FruchtGraph              n=12   pw=  4 refutation            23      0.0s C
[14/150] GeneralizedPetersenGraph_10_4 n=20   pw=  6 refutation           190    0.001s C
[15/150] EllinghamHorton54Graph   n=54   pw=  7 refutation          3643    0.017s C
[16/150] DesarguesGraph           n=20   pw=  6 refutation           170    0.001s C
[17/150] CompleteBipartiteGraph_25_20 n=45   pw= 20 bound                  0    0.032s C
[18/150] CompleteGraph_15         n=15   pw= 14 bound                  0      0.0s C
[19/150] FlowerSnark              n=20   pw=  6 refutation           195    0.008s C
[20/150] GrotzschGraph            n=11   pw=  5 refutation            15      0.0s C
[21/150] Grid2dGraph_5_5          n=25   pw=  5 refutation           104    0.001s C
[22/150] ErreraGraph              n=17   pw=  6 refutation            12    0.001s C
[23/150] GoethalsSeidelGraph_2_3  n=16   pw= 12 refutation            16    0.018s C
[24/150] HarborthGraph            n=52   pw=  5 refutation           111    0.002s C
[25/150] CycleGraph_100           n=100  pw=  2 bound                  0    0.031s C
[26/150] DodecahedralGraph        n=20   pw=  6 refutation           290    0.014s C
[27/150] HeawoodGraph             n=14   pw=  6 refutation           119    0.001s C
[28/150] HerschelGraph            n=11   pw=  4 refutation             8      0.0s C
[29/150] HexahedralGraph          n=8    pw=  4 refutation             8      0.0s C
[30/150] HararyGraph_6_15         n=15   pw=  6 bound                  0    0.012s C
[31/150] HoffmanGraph             n=16   pw=  7 refutation           104    0.001s C
[32/150] FolkmanGraph             n=20   pw=  7 refutation           153    0.013s C
[33/150] FranklinGraph            n=12   pw=  5 refutation            48    0.013s C
[34/150] GoldnerHararyGraph       n=11   pw=  4 refutation            13    0.023s C
[35/150] HouseGraph               n=5    pw=  2 bound                  0      0.0s C
[36/150] HouseXGraph              n=5    pw=  3 bound                  0      0.0s C
[37/150] HyperStarGraph_10_2      n=45   pw=  8 bound                  0    0.001s C
[38/150] GossetGraph              n=56   pw= 43 refutation         14924    0.053s C
[39/150] IcosahedralGraph         n=12   pw=  6 refutation            12      0.0s C
[40/150] EllinghamHorton78Graph   n=78   pw=  6 refutation           663    0.049s C
[41/150] F26AGraph                n=26   pw=  8 refutation          3884    0.059s C
[42/150] KittellGraph             n=23   pw=  7 refutation            66    0.001s C
[43/150] DyckGraph                n=32   pw=  9 refutation         20578     0.09s C
[44/150] HoltGraph                n=27   pw= 10 refutation          2071    0.045s C
[45/150] Klein7RegularGraph       n=24   pw= 13 refutation           542    0.002s C
[46/150] JohnsonGraph_8_2         n=28   pw= 18 refutation           100    0.021s C
[47/150] KrackhardtKiteGraph      n=10   pw=  4 refutation             9      0.0s C
[48/150] LadderGraph_20           n=40   pw=  2 bound                  0    0.001s C
[49/150] KneserGraph_10_2         n=45   pw= 36 refutation           405    0.015s C
[50/150] DoubleStarSnark          n=30   pw=  7 refutation          1295    0.048s C
[51/150] LollipopGraph_7_5        n=12   pw=  6 bound                  0      0.0s C
[52/150] MarkstroemGraph          n=24   pw=  5 refutation           128    0.001s C
[53/150] McGeeGraph               n=24   pw=  8 refutation          3812    0.054s C
[54/150] CoxeterGraph             n=28   pw=  9 refutation         16487    0.169s C
[55/150] MoebiusKantorGraph       n=16   pw=  6 refutation           136    0.001s C
[56/150] MoserSpindle             n=7    pw=  3 bound                  0      0.0s C
[57/150] MeredithGraph            n=70   pw=  8 refutation          1963    0.028s C
[58/150] BuckyBall                n=60   pw= 10 refutation        238772    0.265s C
[59/150] NKStarGraph_8_2          n=56   pw= 18 refutation          9146    0.106s C
[60/150] NauruGraph               n=24   pw=  8 refutation          3471    0.042s C
[61/150] NonisotropicOrthogonalPolarGraph_3_5 n=15   pw= 10 refutation            15      0.0s C
[62/150] HortonGrap               n=96   pw=  8 refutation         37400    0.424s C
[63/150] OctahedralGraph          n=6    pw=  4 bound                  0      0.0s C
[64/150] OddGraph_3               n=10   pw=  5 refutation            25      0.0s C
[65/150] HanoiTowerGraph_4_3      n=64   pw= 14 refutation         78226    0.451s C
[66/150] NonisotropicUnitaryPolarGraph_3_3 n=63   pw= 54 refutation         26103    0.306s C
[67/150] OrthogonalArrayBlockGraph_4_3 n=9    pw=  8 bound                  0      0.0s C
[68/150] OrthogonalPolarGraph_5_2 n=15   pw= 10 refutation           120    0.001s C
[69/150] PaleyGraph_17            n=17   pw= 12 refutation            85    0.013s C
[70/150] PappusGraph              n=18   pw=  7 refutation           873    0.002s C
[71/150] PasechnikGraph_1         n=9    pw=  2 bound                  0      0.0s C
[72/150] OddGraph_4               n=35   pw= 13 refutation         57206    0.329s C
[73/150] PasechnikGraph_2         n=49   pw= 36 refutation         20433    0.209s C
[74/150] PathGraph_100            n=100  pw=  1 bound                  0    0.025s C
[75/150] PasechnikGraph_3         n=121  pw=102 refutation       1319603    2.396s C
[76/150] PetersenGraph            n=10   pw=  5 refutation            25      0.0s C
[77/150] PoussinGraph             n=15   pw=  6 refutation            15      0.0s C
[78/150] KneserGraph_8_3          n=56   pw= 32 refutation       2312055    4.424s C
[79/150] RingedTree_6             n=63   pw=  9 refutation         13257    0.077s C
[80/150] BrouwerHaemersGraph      n=81   pw= 56 refutation       2449275     4.75s C
[81/150] RobertsonGraph           n=19   pw=  8 refutation           185    0.001s C
[82/150] SchlaefliGraph           n=27   pw= 21 refutation           243    0.001s C
[83/150] ShrikhandeGraph          n=16   pw=  9 refutation            64      0.0s C
[84/150] SierpinskiGasketGraph_3  n=15   pw=  4 refutation            21    0.008s C
[85/150] NKStarGraph_5_3          n=60   pw= 15 refutation       2340423    4.581s C
[86/150] SierpinskiGasketGraph_5  n=123  pw=  6 refutation          2266    0.038s C
[87/150] SousselierGraph          n=16   pw=  5 refutation            23      0.0s C
[88/150] SquaredSkewHadamardMatrixGraph_1 n=9    pw=  5 refutation             9      0.0s C
[89/150] SquaredSkewHadamardMatrixGraph_2 n=49   pw= 41 refutation         10437    0.084s C
[90/150] HallJankoGraph           n=100  pw= 82 refutation       4283297    5.284s C
[91/150] StarGraph_100            n=101  pw=  1 bound                  0    0.005s C
[92/150] SwitchedSquaredSkewHadamardMatrixGraph_1 n=10   pw=  5 refutation            25      0.0s C
[93/150] SwitchedSquaredSkewHadamardMatrixGraph_2 n=50   pw= 39 refutation         11477    0.038s C
[94/150] SquaredSkewHadamardMatrixGraph_3 n=121  pw=108 refutation        693283    1.909s C
[95/150] SylvesterGraph           n=36   pw= 16 refutation         70816    0.184s C
[96/150] SwitchedSquaredSkewHadamardMatrixGraph_3 n=122  pw=106 refutation        878838    1.722s C
[97/150] SymplecticDualPolarGraph_4_3 n=40   pw= 28 refutation         33733    0.131s C
[98/150] SymplecticPolarGraph_4_3 n=40   pw= 29 refutation         83240    0.196s C
[99/150] HoffmanSingletonGraph    n=50   pw= 27 refutation       5656090    8.444s C
[100/150] SzekeresSnarkGraph       n=50   pw=  7 refutation          3002    0.017s C
[101/150] T2starGeneralizedQuadrangleGraph_2 n=8    pw=  4 bound                  0      0.0s C
[102/150] CubeGraph_6              n=64   pw= 23 refutation       7495085    9.031s C
[103/150] TaylorTwographDescendantSRG_3 n=27   pw= 18 refutation           386    0.002s C
[104/150] TaylorTwographSRG_3      n=28   pw= 22 refutation           244    0.001s C
[105/150] TetrahedralGraph         n=4    pw=  3 bound                  0      0.0s C
[106/150] ThomsenGraph             n=6    pw=  3 bound                  0      0.0s C
[107/150] TietzeGraph              n=12   pw=  5 refutation            35      0.0s C
[108/150] Toroidal6RegularGrid2dGraph_4_6 n=24   pw=  9 refutation            96    0.001s C
[109/150] SimsGewirtzGraph         n=56   pw= 34 refutation       3269291    4.375s C
[110/150] TruncatedTetrahedralGraph n=12   pw=  4 bound                  0      0.0s C
[111/150] T2starGeneralizedQuadrangleGraph_4 n=64   pw= 47 refutation       1179385    1.768s C
[112/150] TutteCoxeterGraph        n=30   pw=  9 refutation         19003    0.063s C
[113/150] TutteGraph               n=46   pw=  6 refutation          1029    0.007s C
[114/150] WagnerGraph              n=8    pw=  4 refutation             8      0.0s C
[115/150] WatkinsSnarkGraph        n=50   pw=  7 refutation          2792    0.013s C
[116/150] WellsGraph               n=32   pw= 15 refutation         31648    0.096s C
[117/150] WheelGraph_100           n=100  pw=  3 bound                  0    0.007s C
[118/150] WienerArayaGraph         n=42   pw=  7 refutation          1616     0.01s C
[119/150] FibonacciTree_10         n=143  pw=  3 refutation         75536   10.945s python
[120/150] GrayGraph                n=54   pw= 13 refutation      19747143   15.464s C
[121/150] Klein3RegularGraph       n=56   pw= 13 refutation      17729105   17.076s C
[122/150] TruncatedIcosidodecahedralGraph n=120  pw= 12 refutation      74798110   63.965s C
[123/150] PerkelGraph              n=57   pw= 27 refutation     102323646   77.977s C
[124/150] M22Graph                 n=77   pw= 54 refutation      93993472  106.709s C
[125/150] Balaban11Cage            n=112  pw= 24 budget         139108352  120.016s C
[126/150] Balaban10Cage            n=70   pw= 15 budget         148368204  120.022s C
[127/150] BiggsSmithGraph          n=102  pw= 19 budget         123146240  120.023s C
[128/150] BubbleSortGraph_5        n=120  pw= 23 budget          99606528   120.02s C
[129/150] DejterGraph              n=112  pw= 33 budget          83197104   120.03s C
[130/150] FosterGraph              n=90   pw= 20 budget         109002752  120.015s C
[131/150] HarriesWongGraph         n=70   pw= 15 budget          94691861  120.017s C
[132/150] FoldedCubeGraph_7        n=64   pw= 31 budget         149405696  120.034s C
[133/150] HigmanSimsGraph          n=100  pw= 74 budget          63999451  120.013s C
[134/150] HarriesGraph             n=70   pw= 15 budget          92827703  120.029s C
[135/150] LjubljanaGraph           n=112  pw= 22 budget          87781718  120.009s C
[136/150] HyperStarGraph_10_5      n=252  pw= 62 budget            594881  120.138s python
[137/150] NStarGraph_5             n=120  pw= 28 budget          70308152  120.027s C
[138/150] JohnsonGraph_10_4        n=210  pw=110 budget            573440  120.203s python
[139/150] BalancedTree_3_5         n=364  pw=  5 budget            414770  120.357s python
[140/150] CameronGraph             n=231  pw=161 budget            422424  120.372s python
[141/150] OddGraph_5               n=126  pw= 41 budget          98433951  120.012s C
[142/150] Grid2dGraph_20_40        n=800  pw= 20 budget             86016  120.859s python
[143/150] Cell120                  n=600  pw= 67 budget            155648  121.291s python
[144/150] RingedTree_10            n=1023 pw= 17 budget             81920  121.666s python
[145/150] RingedTree_8             n=255  pw= 13 budget            544768  120.528s python
[146/150] SymplecticDualPolarGraph_4_4 n=85   pw= 64 budget          85159936  120.009s C
[147/150] SymplecticPolarGraph_4_4 n=85   pw= 64 budget         115351552   120.01s C
[148/150] Tutte12Cage              n=126  pw= 27 budget          98614164  120.009s C
[149/150] WorldMap                 n=166  pw=  8 budget           1277952  120.015s python
[150/150] DorogovtsevGoltsevMendesGraph n=3282 pw=    error: RecursionError: maximum recursion depth exceeded               656.275s python
done: 150 graphs, 124 proved, 657s wall -> /home/al/dev/pathwidth/bench/results/named.csv
