[1/1032] grafo10111.96            n=96   pw=  8 refutation      22994105   14.451s C
[2/1032] grafo10050.97            n=97   pw=  9 refutation      63308631   51.929s C
[3/1032] grafo10118.97            n=97   pw=  9 refutation      95953973   56.948s C
[4/1032] grafo10146.97            n=97   pw=  9 refutation       9919168    8.111s C
[5/1032] grafo10132.97            n=97   pw=  9 refutation      48171011   34.399s C
[6/1032] grafo10006.98            n=98   pw=  9 refutation     113965212   97.424s C
[7/1032] grafo10148.97            n=97   pw=  8 refutation      31567987   22.587s C
[8/1032] grafo10150.95            n=95   pw=  9 refutation       9841440    7.582s C
[9/1032] grafo10028.96            n=96   pw= 10 budget         204005376  120.011s C
[10/1032] grafo10099.94            n=94   pw= 12 budget         161685504  120.012s C
[11/1032] grafo10092.97            n=97   pw= 10 budget         180948992  120.025s C
[12/1032] grafo10072.97            n=97   pw=  9 budget         152316110   120.01s C
[13/1032] grafo10017.96            n=96   pw= 11 budget         201084928  120.034s C
[14/1032] grafo10103.98            n=98   pw=  9 budget         179589120  120.037s C
[15/1032] grafo10061.99            n=99   pw=  9 budget         158618914  120.028s C
[16/1032] grafo10084.97            n=97   pw= 11 budget         169261844  120.012s C
[17/1032] grafo10098.95            n=95   pw= 10 budget         169647862   120.02s C
[18/1032] grafo10093.98            n=98   pw= 11 budget         170991616  120.023s C
[19/1032] grafo10100.99            n=99   pw= 10 budget         148580647  120.019s C
[20/1032] grafo10076.90            n=90   pw= 10 budget         167661631  120.042s C
[21/1032] grafo10074.90            n=90   pw= 10 budget         223882627  120.041s C
[22/1032] grafo10112.98            n=98   pw= 10 budget         172826624  120.017s C
[23/1032] grafo10123.96            n=96   pw=  9 budget         251437056  120.036s C
[24/1032] grafo10104.96            n=96   pw= 10 budget         184012800  120.013s C
[25/1032] grafo10116.100           n=100  pw= 11 budget         185880576  120.016s C
[26/1032] grafo10117.98            n=98   pw=  9 budget         231849984  120.016s C
[27/1032] grafo10130.97            n=97   pw= 10 budget         164966400  120.032s C
[28/1032] grafo10105.93            n=93   pw= 11 budget         172842761  120.014s C
[29/1032] grafo10113.94            n=94   pw= 13 budget         162889728  120.029s C
[30/1032] grafo10124.100           n=100  pw= 11 budget         190001152  120.023s C
[31/1032] grafo10126.98            n=98   pw= 11 budget         180293632  120.012s C
[32/1032] grafo10129.99            n=99   pw= 10 budget         154228691  120.029s C
[33/1032] grafo10165.96            n=96   pw=  8 refutation       9112964    8.234s C
[34/1032] grafo10131.98            n=98   pw=  9 budget         220581888  120.011s C
[35/1032] grafo10181.93            n=93   pw=  9 refutation      12797227   18.071s C
[36/1032] grafo10201.93            n=93   pw=  8 refutation      29897531   21.067s C
[37/1032] grafo10162.93            n=93   pw=  9 refutation      42924926   45.311s C
[38/1032] grafo10147.94            n=94   pw= 11 budget         189243457  120.011s C
[39/1032] grafo10180.98            n=98   pw=  9 refutation     101751055   73.402s C
[40/1032] grafo10166.98            n=98   pw=  9 refutation     120349527   76.194s C
[41/1032] grafo10202.92            n=92   pw= 10 refutation     107854342    80.93s C
[42/1032] grafo10149.95            n=95   pw= 11 budget         197914624  120.024s C
[43/1032] grafo10151.94            n=94   pw= 11 budget         179777536   120.01s C
[44/1032] grafo10197.96            n=96   pw= 10 refutation     154489188  116.642s C
[45/1032] grafo10153.100           n=100  pw=  9 budget         187080704   120.03s C
[46/1032] grafo10155.97            n=97   pw=  9 budget         182760001  120.012s C
[47/1032] grafo10154.94            n=94   pw= 10 budget         202682368  120.028s C
[48/1032] grafo10156.97            n=97   pw= 12 budget         143758759  120.017s C
[49/1032] grafo10160.96            n=96   pw= 11 budget         145870848  120.017s C
[50/1032] grafo10161.99            n=99   pw= 10 budget         142221315  120.017s C
[51/1032] grafo10164.98            n=98   pw= 10 budget         178696333  120.013s C
[52/1032] grafo10168.95            n=95   pw=  9 budget         186683392   120.04s C
[53/1032] grafo10170.96            n=96   pw=  9 budget         182280192  120.039s C
[54/1032] grafo10171.99            n=99   pw= 12 budget         178183589  120.036s C
[55/1032] grafo10173.97            n=97   pw= 10 budget         151601514   120.03s C
[56/1032] grafo10175.99            n=99   pw= 11 budget         175431680  120.017s C
[57/1032] grafo10179.97            n=97   pw= 11 budget         160096256  120.012s C
[58/1032] grafo10183.100           n=100  pw=  9 budget         186269696  120.009s C
[59/1032] grafo10176.97            n=97   pw= 10 budget         181089335  120.031s C
[60/1032] grafo10184.100           n=100  pw= 10 budget         161834314  120.015s C
[61/1032] grafo10195.99            n=99   pw= 10 budget         179523584  120.015s C
[62/1032] grafo10203.97            n=97   pw= 11 budget         164198261   120.01s C
[63/1032] grafo10217.99            n=99   pw=  9 refutation      25614350   18.977s C
[64/1032] grafo10243.95            n=95   pw=  9 refutation      19079135   16.009s C
[65/1032] grafo10204.100           n=100  pw= 11 budget         167247980  120.011s C
[66/1032] grafo10205.97            n=97   pw= 11 budget         155795456  120.011s C
[67/1032] grafo10247.95            n=95   pw=  9 refutation      38194505   26.765s C
[68/1032] grafo10228.95            n=95   pw=  9 refutation      46887941    42.56s C
[69/1032] grafo10227.96            n=96   pw=  8 refutation      53388350   44.807s C
[70/1032] grafo10207.98            n=98   pw= 11 budget         220016640  120.028s C
[71/1032] grafo10252.96            n=96   pw=  9 refutation      35543266   29.499s C
[72/1032] grafo10239.91            n=91   pw=  9 refutation      90730376   59.445s C
[73/1032] grafo10219.99            n=99   pw=  9 refutation      84056194   62.177s C
[74/1032] grafo10224.95            n=95   pw=  9 refutation      63908108   62.295s C
[75/1032] grafo10209.99            n=99   pw= 10 budget         203282806  120.023s C
[76/1032] grafo10212.97            n=97   pw=  9 budget         226882489   120.01s C
[77/1032] grafo10213.99            n=99   pw= 10 budget         222808870  120.011s C
[78/1032] grafo10268.97            n=97   pw=  9 refutation      24583574   20.571s C
[79/1032] grafo10215.93            n=93   pw= 11 budget         180277114  120.024s C
[80/1032] grafo10216.97            n=97   pw=  9 budget         209993728  120.012s C
[81/1032] grafo10283.92            n=92   pw=  9 refutation      17400858   13.408s C
[82/1032] grafo10242.93            n=93   pw=  9 refutation     204712188  107.919s C
[83/1032] grafo10261.96            n=96   pw=  8 refutation     131501442   67.077s C
[84/1032] grafo10289.99            n=99   pw=  8 refutation      13503765   10.516s C
[85/1032] grafo10265.100           n=100  pw=  9 refutation     113745887   70.015s C
[86/1032] grafo10218.99            n=99   pw= 11 budget         209092608  120.011s C
[87/1032] grafo10220.97            n=97   pw=  9 budget         192823923  120.014s C
[88/1032] grafo10222.99            n=99   pw=  9 budget         204306302  120.025s C
[89/1032] grafo10223.100           n=100  pw=  9 budget         194936906  120.024s C
[90/1032] grafo10225.99            n=99   pw=  9 budget         153612588  120.025s C
[91/1032] grafo10237.100           n=100  pw= 11 budget         127900223  120.025s C
[92/1032] grafo10240.97            n=97   pw= 10 budget         220340224  120.013s C
[93/1032] grafo10245.92            n=92   pw= 12 budget         168697856  120.015s C
[94/1032] grafo10244.99            n=99   pw= 10 budget         210135411  120.016s C
[95/1032] grafo10246.96            n=96   pw=  9 budget         158815444  120.015s C
[96/1032] grafo10249.94            n=94   pw= 10 budget         164798464  120.019s C
[97/1032] grafo10250.100           n=100  pw=  9 budget         206131200   120.01s C
[98/1032] grafo10255.93            n=93   pw=  9 budget         154755051  120.021s C
[99/1032] grafo10314.96            n=96   pw=  8 refutation      25054821    20.08s C
[100/1032] grafo10259.100           n=100  pw= 10 budget         171134976   120.01s C
[101/1032] grafo10260.98            n=98   pw=  9 budget         237019136  120.016s C
[102/1032] grafo10262.100           n=100  pw=  9 budget         147032436  120.011s C
[103/1032] grafo10266.94            n=94   pw= 11 budget         155379289  120.021s C
[104/1032] grafo10269.99            n=99   pw=  9 budget         180862581  120.011s C
[105/1032] grafo10270.93            n=93   pw= 12 budget         136667136  120.027s C
[106/1032] grafo10271.100           n=100  pw=  9 budget         186041496  120.012s C
[107/1032] grafo10318.98            n=98   pw= 10 refutation      69615309   52.948s C
[108/1032] grafo10330.96            n=96   pw=  8 refutation      16477812   10.541s C
[109/1032] grafo10273.97            n=97   pw= 10 budget         175992832  120.028s C
[110/1032] grafo10274.99            n=99   pw=  9 budget         217807975  120.012s C
[111/1032] grafo10291.93            n=93   pw= 10 refutation     136887939   91.158s C
[112/1032] grafo10275.97            n=97   pw= 11 budget         152378177  120.009s C
[113/1032] grafo10302.96            n=96   pw=  9 refutation     132721722   88.252s C
[114/1032] grafo10345.95            n=95   pw=  9 refutation      23025839   15.582s C
[115/1032] grafo10288.95            n=95   pw= 11 budget         203382784  120.024s C
[116/1032] grafo10303.96            n=96   pw= 10 refutation     153485891  105.053s C
[117/1032] grafo10292.100           n=100  pw= 11 budget         184705024  120.017s C
[118/1032] grafo10295.95            n=95   pw= 10 budget         211230150  120.011s C
[119/1032] grafo10296.100           n=100  pw=  9 budget         145642838  120.011s C
[120/1032] grafo10299.94            n=94   pw=  9 refutation     182370850  115.874s C
[121/1032] grafo10297.98            n=98   pw= 11 budget         192062556  120.011s C
[122/1032] grafo10298.97            n=97   pw= 10 budget         216713591  120.028s C
[123/1032] grafo10301.94            n=94   pw= 11 budget         181493760  120.012s C
[124/1032] grafo10305.100           n=100  pw=  9 budget         158749005  120.013s C
[125/1032] grafo10308.96            n=96   pw=  9 budget         178270419  120.016s C
[126/1032] grafo10309.94            n=94   pw= 10 budget         196366336  120.026s C
[127/1032] grafo10357.94            n=94   pw=  8 refutation      28257448    19.69s C
[128/1032] grafo10329.97            n=97   pw=  9 refutation     125189485   87.328s C
[129/1032] grafo10316.100           n=100  pw=  9 budget         208007245  120.012s C
[130/1032] grafo10366.99            n=99   pw=  9 refutation      24253197   17.664s C
[131/1032] grafo10321.97            n=97   pw= 11 budget         244482048   120.01s C
[132/1032] grafo10322.97            n=97   pw= 10 budget         186171392  120.012s C
[133/1032] grafo10372.100           n=100  pw=  8 refutation      23444529   15.517s C
[134/1032] grafo10363.98            n=98   pw=  8 refutation      28586640   24.022s C
[135/1032] grafo10323.97            n=97   pw=  9 budget         179318963   120.01s C
[136/1032] grafo10325.96            n=96   pw= 12 budget         175936716  120.017s C
[137/1032] grafo10367.96            n=96   pw=  9 refutation      47433978   38.817s C
[138/1032] grafo10327.97            n=97   pw= 11 budget         151171654  120.024s C
[139/1032] grafo10365.97            n=97   pw=  9 refutation      69195819   45.778s C
[140/1032] grafo10389.94            n=94   pw=  9 refutation      45113477   35.086s C
[141/1032] grafo10331.100           n=100  pw=  9 budget         175501312   120.01s C
[142/1032] grafo10332.94            n=94   pw= 10 budget         210817024  120.029s C
[143/1032] grafo10339.95            n=95   pw= 12 budget         142024704  120.026s C
[144/1032] grafo10346.97            n=97   pw= 11 budget         159785026  120.025s C
[145/1032] grafo10406.97            n=97   pw=  8 refutation      15298151   10.239s C
[146/1032] grafo10348.99            n=99   pw=  9 budget         184463204   120.02s C
[147/1032] grafo10350.96            n=96   pw=  9 budget         179601408  120.011s C
[148/1032] grafo10351.97            n=97   pw= 10 budget         212189257  120.011s C
[149/1032] grafo10353.99            n=99   pw= 10 budget         150615084  120.013s C
[150/1032] grafo10354.99            n=99   pw= 11 budget         173854720  120.014s C
[151/1032] grafo10355.94            n=94   pw=  8 budget         204689408  120.025s C
[152/1032] grafo10370.98            n=98   pw=  9 refutation     124080635   99.323s C
[153/1032] grafo10358.95            n=95   pw= 10 budget         190447616   120.01s C
[154/1032] grafo10359.95            n=95   pw= 12 budget         180329376  120.011s C
[155/1032] grafo10361.97            n=97   pw= 10 budget         202018816  120.011s C
[156/1032] grafo10362.94            n=94   pw=  9 budget         167997799  120.012s C
[157/1032] grafo10369.100           n=100  pw= 11 budget         173809664   120.01s C
[158/1032] grafo10412.94            n=94   pw=  9 refutation      94358192   56.319s C
[159/1032] grafo10377.94            n=94   pw= 10 budget         173451097  120.024s C
[160/1032] grafo10380.98            n=98   pw= 11 budget         242697911  120.008s C
[161/1032] grafo10381.99            n=99   pw=  9 budget         168720597  120.021s C
[162/1032] grafo10382.94            n=94   pw= 11 budget         181067894  120.012s C
[163/1032] grafo10383.99            n=99   pw= 10 budget         166555175  120.024s C
[164/1032] grafo10385.94            n=94   pw= 10 budget         192766039  120.025s C
[165/1032] grafo10386.99            n=99   pw=  9 budget         188956672   120.01s C
[166/1032] grafo10388.95            n=95   pw= 10 budget         165597186  120.021s C
[167/1032] grafo10419.91            n=91   pw= 10 refutation      68066832   49.254s C
[168/1032] grafo10391.94            n=94   pw=  9 budget         188940351  120.012s C
[169/1032] grafo10437.97            n=97   pw=  8 refutation      25927691   19.846s C
[170/1032] grafo10392.94            n=94   pw= 10 refutation     158405464  116.943s C
[171/1032] grafo10435.96            n=96   pw=  8 refutation      31825712   27.187s C
[172/1032] grafo10393.96            n=96   pw= 10 budget         170459307  120.019s C
[173/1032] grafo10404.97            n=97   pw= 10 budget         182189351  120.012s C
[174/1032] grafo10405.97            n=97   pw= 12 budget         199049216  120.012s C
[175/1032] grafo10409.96            n=96   pw= 10 budget         150804740  120.025s C
[176/1032] grafo10411.98            n=98   pw=  9 budget         217842182  120.011s C
[177/1032] grafo10413.93            n=93   pw= 10 budget         161260702  120.011s C
[178/1032] grafo10414.98            n=98   pw= 10 budget         163999620  120.011s C
[179/1032] grafo10415.94            n=94   pw= 10 budget         208044032  120.011s C
[180/1032] grafo10447.99            n=99   pw=  8 refutation      61503693    43.08s C
[181/1032] grafo10416.96            n=96   pw= 11 budget         176427008  120.015s C
[182/1032] grafo10418.100           n=100  pw= 12 budget         211988480  120.015s C
[183/1032] grafo10420.97            n=97   pw= 11 budget         144338657  120.011s C
[184/1032] grafo10426.100           n=100  pw=  9 refutation     161261856  106.578s C
[185/1032] grafo10475.98            n=98   pw=  8 refutation      31990953   24.822s C
[186/1032] grafo10421.99            n=99   pw=  9 budget         179017919   120.01s C
[187/1032] grafo10480.95            n=95   pw=  8 refutation      43231695   23.753s C
[188/1032] grafo10422.97            n=97   pw= 10 budget         172508906  120.011s C
[189/1032] grafo10427.95            n=95   pw=  9 budget         174274409   120.01s C
[190/1032] grafo10444.100           n=100  pw=  9 refutation     138574893   95.606s C
[191/1032] grafo10429.100           n=100  pw=  9 budget         181608448  120.011s C
[192/1032] grafo10432.99            n=99   pw= 11 budget         198137995  120.011s C
[193/1032] grafo10433.97            n=97   pw=  9 budget         185630720   120.02s C
[194/1032] grafo10434.98            n=98   pw=  9 budget         175465047  120.019s C
[195/1032] grafo10436.95            n=95   pw= 12 budget         173581255  120.027s C
[196/1032] grafo10438.97            n=97   pw=  9 budget         175575527  120.012s C
[197/1032] grafo10441.98            n=98   pw= 10 budget         229994830   120.01s C
[198/1032] grafo10445.94            n=94   pw= 12 budget         143183872  120.012s C
[199/1032] grafo10446.95            n=95   pw= 13 budget         169056411  120.025s C
[200/1032] grafo10449.96            n=96   pw=  9 budget         196955298  120.012s C
[201/1032] grafo10504.100           n=100  pw=  8 refutation      31982114   24.592s C
[202/1032] grafo10508.100           n=100  pw=  9 refutation      32517226   23.595s C
[203/1032] grafo10451.95            n=95   pw= 10 budget         187961344  120.011s C
[204/1032] grafo10452.94            n=94   pw= 10 budget         165920483  120.012s C
[205/1032] grafo10453.97            n=97   pw= 10 budget         183169478  120.012s C
[206/1032] grafo10496.98            n=98   pw=  9 refutation      90817861   65.274s C
[207/1032] grafo10465.96            n=96   pw=  9 budget         203592504  120.012s C
[208/1032] grafo10467.100           n=100  pw= 10 budget         158665017  120.011s C
[209/1032] grafo10495.97            n=97   pw=  9 refutation     119182896   77.518s C
[210/1032] grafo10469.100           n=100  pw= 12 budget         185962496  120.011s C
[211/1032] grafo10470.92            n=92   pw= 11 budget         188204849  120.012s C
[212/1032] grafo10501.96            n=96   pw=  9 refutation      89836736   63.727s C
[213/1032] grafo10473.95            n=95   pw=  9 budget         191815680   120.01s C
[214/1032] grafo10530.100           n=100  pw=  8 refutation      13419095   10.931s C
[215/1032] grafo10474.94            n=94   pw= 12 budget         189079552  120.023s C
[216/1032] grafo10520.99            n=99   pw=  8 refutation      71111257   41.703s C
[217/1032] grafo10479.98            n=98   pw= 10 budget         185008357  120.016s C
[218/1032] grafo10484.99            n=99   pw= 12 budget         148692992  120.012s C
[219/1032] grafo10540.97            n=97   pw=  8 refutation      25945000   21.763s C
[220/1032] grafo10488.98            n=98   pw= 12 budget         202010624  120.023s C
[221/1032] grafo10490.99            n=99   pw=  9 refutation     178857992  115.907s C
[222/1032] grafo10546.98            n=98   pw=  8 refutation      30811341   19.084s C
[223/1032] grafo10489.95            n=95   pw= 10 budget         235333988  120.011s C
[224/1032] grafo10491.97            n=97   pw= 10 budget         247476224   120.01s C
[225/1032] grafo10492.96            n=96   pw= 12 budget         152572569  120.011s C
[226/1032] grafo10526.97            n=97   pw=  9 refutation      66976687   52.477s C
[227/1032] grafo10532.99            n=99   pw=  9 refutation      56511778   46.557s C
[228/1032] grafo10497.95            n=95   pw=  9 budget         209145856  120.012s C
[229/1032] grafo10538.100           n=100  pw=  9 refutation      48146140   42.471s C
[230/1032] grafo10555.98            n=98   pw=  8 refutation      21166204   14.666s C
[231/1032] grafo10498.99            n=99   pw=  9 budget         227020800  120.011s C
[232/1032] grafo10502.91            n=91   pw= 11 budget         165674990  120.022s C
[233/1032] grafo10506.98            n=98   pw=  9 budget         219643904  120.027s C
[234/1032] grafo10516.94            n=94   pw= 10 budget         162014301  120.011s C
[235/1032] grafo10517.93            n=93   pw= 10 budget         171241472   120.01s C
[236/1032] grafo10518.94            n=94   pw= 12 budget         183992320  120.023s C
[237/1032] grafo10519.98            n=98   pw=  9 budget         163184640  120.011s C
[238/1032] grafo10522.99            n=99   pw= 10 budget         148893696  120.012s C
[239/1032] grafo10523.97            n=97   pw= 11 budget         149245952  120.025s C
[240/1032] grafo10594.94            n=94   pw=  9 refutation      13794579   12.937s C
[241/1032] grafo10577.100           n=100  pw=  9 refutation      83264987   57.175s C
[242/1032] grafo10527.93            n=93   pw= 11 budget         215560192  120.024s C
[243/1032] grafo10528.98            n=98   pw= 10 budget         202899456  120.012s C
[244/1032] grafo10534.100           n=100  pw= 11 budget         192225280  120.011s C
[245/1032] grafo10536.99            n=99   pw= 11 budget         171208704  120.023s C
[246/1032] grafo10537.95            n=95   pw= 11 budget         202436608   120.01s C
[247/1032] grafo10541.93            n=93   pw= 10 budget         205901824  120.011s C
[248/1032] grafo10542.100           n=100  pw=  9 budget         190111235   120.01s C
[249/1032] grafo10616.96            n=96   pw=  9 refutation      12994799    9.517s C
[250/1032] grafo10547.94            n=94   pw= 10 refutation     155010576  118.584s C
[251/1032] grafo10548.94            n=94   pw= 11 budget         193957888  120.011s C
[252/1032] grafo10549.99            n=99   pw= 10 budget         193077752  120.011s C
[253/1032] grafo10574.94            n=94   pw=  9 refutation     159462628  101.822s C
[254/1032] grafo10552.96            n=96   pw= 12 budget         270872576  120.021s C
[255/1032] grafo10556.100           n=100  pw=  9 budget         182149120  120.011s C
[256/1032] grafo10557.98            n=98   pw=  9 budget         173971673  120.013s C
[257/1032] grafo10589.93            n=93   pw= 10 refutation      88533938   70.392s C
[258/1032] grafo10559.98            n=98   pw=  9 budget         188632399  120.012s C
[259/1032] grafo10560.95            n=95   pw= 11 budget         161333248  120.013s C
[260/1032] grafo10627.96            n=96   pw=  9 refutation      24461610   17.041s C
[261/1032] grafo10572.92            n=92   pw= 11 budget         177315904  120.027s C
[262/1032] grafo10575.99            n=99   pw=  9 budget         180055048  120.026s C
[263/1032] grafo10623.98            n=98   pw=  9 refutation      46726883   27.419s C
[264/1032] grafo10578.96            n=96   pw= 11 budget         178544640  120.011s C
[265/1032] grafo10640.94            n=94   pw=  8 refutation      13846308   10.521s C
[266/1032] grafo10580.98            n=98   pw= 10 budget         214011904  120.022s C
[267/1032] grafo10582.94            n=94   pw=  9 budget         200278016  120.012s C
[268/1032] grafo10641.99            n=99   pw=  8 refutation      12583222   11.308s C
[269/1032] grafo10585.93            n=93   pw=  9 budget         227763861   120.01s C
[270/1032] grafo10586.100           n=100  pw= 10 budget         169091072  120.012s C
[271/1032] grafo10639.91            n=91   pw=  9 refutation      54106050    37.65s C
[272/1032] grafo10614.92            n=92   pw= 10 refutation     137669316    80.85s C
[273/1032] grafo10592.98            n=98   pw=  9 budget         213527223  120.012s C
[274/1032] grafo10593.98            n=98   pw=  9 budget         191135089   120.01s C
[275/1032] grafo10629.100           n=100  pw=  9 refutation     120133869   75.781s C
[276/1032] grafo10596.99            n=99   pw= 11 budget         146645289  120.024s C
[277/1032] grafo10600.93            n=93   pw= 10 budget         218492928  120.012s C
[278/1032] grafo10603.100           n=100  pw=  9 budget         207974344  120.008s C
[279/1032] grafo10605.99            n=99   pw=  9 budget         181723136  120.022s C
[280/1032] grafo10608.93            n=93   pw= 11 budget         165575525  120.021s C
[281/1032] grafo10609.100           n=100  pw=  9 budget         196460762   120.01s C
[282/1032] grafo10610.95            n=95   pw= 10 budget         202642185  120.011s C
[283/1032] grafo10642.90            n=90   pw=  9 refutation     118284596   70.621s C
[284/1032] grafo10643.94            n=94   pw=  8 refutation     131934961   75.884s C
[285/1032] grafo10624.91            n=91   pw= 11 budget         179542062  120.012s C
[286/1032] grafo10626.100           n=100  pw= 10 budget         177187413  120.011s C
[287/1032] grafo10671.100           n=100  pw=  9 refutation      37438690   28.788s C
[288/1032] grafo10630.94            n=94   pw= 10 budget         233899663  120.012s C
[289/1032] grafo10631.98            n=98   pw=  9 budget         197198895  120.012s C
[290/1032] grafo10632.100           n=100  pw= 12 budget         161583104  120.011s C
[291/1032] grafo10633.100           n=100  pw= 10 budget         161629032  120.026s C
[292/1032] grafo10634.96            n=96   pw= 10 budget         190669217  120.011s C
[293/1032] grafo10635.95            n=95   pw= 12 budget         185081856  120.024s C
[294/1032] grafo10677.95            n=95   pw=  8 refutation      14805773   10.568s C
[295/1032] grafo10637.94            n=94   pw= 11 budget         193095169  120.011s C
[296/1032] grafo10638.100           n=100  pw= 11 budget         180957184  120.011s C
[297/1032] grafo10693.98            n=98   pw= 10 refutation      29975431   20.875s C
[298/1032] grafo10644.100           n=100  pw= 11 budget         202552381   120.02s C
[299/1032] grafo10645.95            n=95   pw=  9 budget         191152128  120.028s C
[300/1032] grafo10646.100           n=100  pw= 13 budget         144513797  120.012s C
[301/1032] grafo10674.99            n=99   pw=  9 refutation      84927321   60.754s C
[302/1032] grafo10647.98            n=98   pw= 10 budget         164327424  120.012s C
[303/1032] grafo10648.98            n=98   pw= 12 budget         160796743  120.025s C
[304/1032] grafo10649.95            n=95   pw=  9 budget         204955329  120.023s C
[305/1032] grafo10650.98            n=98   pw= 10 budget         188358050   120.01s C
[306/1032] grafo10652.100           n=100  pw= 11 budget         217792512  120.012s C
[307/1032] grafo10681.93            n=93   pw=  9 refutation     118501765   69.124s C
[308/1032] grafo10653.100           n=100  pw= 10 budget         211079168   120.01s C
[309/1032] grafo10654.96            n=96   pw=  9 budget         264331264  120.011s C
[310/1032] grafo10661.95            n=95   pw= 10 budget         251494400  120.012s C
[311/1032] grafo10662.100           n=100  pw=  9 budget         224281144   120.02s C
[312/1032] grafo10663.99            n=99   pw= 10 budget         189100238  120.011s C
[313/1032] grafo10676.100           n=100  pw=  9 refutation     153343878   87.706s C
[314/1032] grafo10669.93            n=93   pw=  9 budget         209363030  120.011s C
[315/1032] grafo10670.100           n=100  pw= 10 budget         192254331  120.012s C
[316/1032] grafo10689.98            n=98   pw=  9 refutation     135356495     83.5s C
[317/1032] grafo10709.98            n=98   pw=  9 refutation      74572041   52.836s C
[318/1032] grafo10716.97            n=97   pw=  9 refutation      63020482   42.498s C
[319/1032] grafo10672.98            n=98   pw=  9 budget         200474081  120.028s C
[320/1032] grafo10675.95            n=95   pw=  9 budget         243250145  120.011s C
[321/1032] grafo10680.95            n=95   pw=  9 budget         193605967  120.012s C
[322/1032] grafo10757.96            n=96   pw=  9 refutation      31424918   23.126s C
[323/1032] grafo10717.96            n=96   pw=  8 refutation     137947763   69.092s C
[324/1032] grafo10685.98            n=98   pw= 12 budget         221737050   120.01s C
[325/1032] grafo10688.95            n=95   pw= 10 budget         213954560  120.012s C
[326/1032] grafo10694.96            n=96   pw= 11 budget         175669248  120.013s C
[327/1032] grafo10695.98            n=98   pw= 11 budget         241238016  120.022s C
[328/1032] grafo10696.99            n=99   pw= 10 budget         252182528  120.011s C
[329/1032] grafo10719.96            n=96   pw=  9 refutation     137072857   80.919s C
[330/1032] grafo10763.92            n=92   pw=  9 refutation      26690009   16.939s C
[331/1032] grafo10698.95            n=95   pw= 10 budget         176043028  120.012s C
[332/1032] grafo10700.98            n=98   pw= 10 budget         207766870  120.012s C
[333/1032] grafo10705.97            n=97   pw=  9 budget         200521831  120.012s C
[334/1032] grafo10774.93            n=93   pw=  9 refutation      43599353   29.509s C
[335/1032] grafo10712.98            n=98   pw= 10 budget         175575257  120.027s C
[336/1032] grafo10725.99            n=99   pw=  8 refutation     188182775   94.548s C
[337/1032] grafo10713.92            n=92   pw= 11 budget         200351744  120.012s C
[338/1032] grafo10714.99            n=99   pw= 11 budget         214773760  120.011s C
[339/1032] grafo10744.96            n=96   pw=  9 refutation     115635308   80.383s C
[340/1032] grafo10720.96            n=96   pw=  9 budget         202065793  120.011s C
[341/1032] grafo10722.96            n=96   pw= 11 budget         185585664  120.011s C
[342/1032] grafo10726.99            n=99   pw= 10 budget         216272896  120.026s C
[343/1032] grafo10727.94            n=94   pw= 11 budget         233820160  120.013s C
[344/1032] grafo10735.99            n=99   pw= 10 budget         173518848  120.012s C
[345/1032] grafo10794.100           n=100  pw=  8 refutation      30713822   22.882s C
[346/1032] grafo10737.99            n=99   pw= 12 budget         207589376  120.013s C
[347/1032] grafo10790.98            n=98   pw=  8 refutation      62571615   35.887s C
[348/1032] grafo10738.96            n=96   pw=  9 budget         235728896   120.01s C
[349/1032] grafo10741.92            n=92   pw= 10 budget         179462227  120.011s C
[350/1032] grafo10742.99            n=99   pw=  9 budget         194437235  120.011s C
[351/1032] grafo10793.95            n=95   pw=  9 refutation      71465939   39.591s C
[352/1032] grafo10750.100           n=100  pw= 10 budget         182829056  120.026s C
[353/1032] grafo10758.96            n=96   pw= 11 budget         223408128  120.012s C
[354/1032] grafo10759.96            n=96   pw=  8 budget         195444736  120.013s C
[355/1032] grafo10760.96            n=96   pw= 12 budget         224980992  120.012s C
[356/1032] grafo10761.95            n=95   pw=  9 budget         212676608  120.022s C
[357/1032] grafo10762.99            n=99   pw=  9 budget         223651279  120.013s C
[358/1032] grafo10772.100           n=100  pw= 12 budget         187114478   120.01s C
[359/1032] grafo10830.92            n=92   pw=  9 refutation      14704707    9.419s C
[360/1032] grafo10782.95            n=95   pw=  9 refutation     168249394   98.708s C
[361/1032] grafo10777.100           n=100  pw=  9 budget         182271211  120.013s C
[362/1032] grafo10785.94            n=94   pw=  9 refutation     198215491  100.905s C
[363/1032] grafo10778.100           n=100  pw=  9 budget         191859886  120.024s C
[364/1032] grafo10780.99            n=99   pw= 12 budget         200683520  120.013s C
[365/1032] grafo10823.96            n=96   pw=  9 refutation      73231245   46.645s C
[366/1032] grafo10781.100           n=100  pw= 11 budget         191594671  120.012s C
[367/1032] grafo10819.95            n=95   pw=  9 refutation     114008939   62.292s C
[368/1032] grafo10820.100           n=100  pw=  9 refutation      80125339   59.791s C
[369/1032] grafo10826.93            n=93   pw=  9 refutation      60358940   38.184s C
[370/1032] grafo10788.98            n=98   pw=  9 budget         208228470  120.011s C
[371/1032] grafo10789.91            n=91   pw= 11 budget         184287232  120.025s C
[372/1032] grafo10792.98            n=98   pw= 11 budget         200122368   120.01s C
[373/1032] grafo10805.98            n=98   pw= 10 budget         202661888  120.012s C
[374/1032] grafo10806.97            n=97   pw= 11 budget         193990656  120.012s C
[375/1032] grafo10807.95            n=95   pw= 10 budget         227364728  120.011s C
[376/1032] grafo10808.98            n=98   pw= 10 budget         174579261  120.012s C
[377/1032] grafo10809.99            n=99   pw= 10 budget         205389824  120.013s C
[378/1032] grafo10810.97            n=97   pw= 11 budget         161108037  120.011s C
[379/1032] grafo10863.94            n=94   pw=  9 refutation      51272921   36.215s C
[380/1032] grafo10811.96            n=96   pw= 11 budget         209768448  120.011s C
[381/1032] grafo10814.98            n=98   pw= 11 budget         191938560  120.011s C
[382/1032] grafo10821.96            n=96   pw=  8 budget         259018752  120.011s C
[383/1032] grafo10822.97            n=97   pw= 10 budget         212144128   120.01s C
[384/1032] grafo10854.99            n=99   pw=  8 refutation     139935051   75.346s C
[385/1032] grafo10864.99            n=99   pw=  9 refutation      61946830   50.235s C
[386/1032] grafo10825.98            n=98   pw= 11 budget         220737471   120.01s C
[387/1032] grafo10831.98            n=98   pw= 10 budget         202661913  120.012s C
[388/1032] grafo10832.94            n=94   pw= 11 budget         217759205   120.01s C
[389/1032] grafo10833.98            n=98   pw=  9 budget         229679104  120.011s C
[390/1032] grafo10834.93            n=93   pw= 10 budget         225521239  120.012s C
[391/1032] grafo10836.97            n=97   pw= 11 budget         199626752  120.012s C
[392/1032] grafo10849.95            n=95   pw= 11 budget         179593216  120.013s C
[393/1032] grafo10851.95            n=95   pw=  9 budget         236109824   120.01s C
[394/1032] grafo10897.95            n=95   pw=  8 refutation      23127416    13.56s C
[395/1032] grafo10856.91            n=91   pw=  9 budget         234752121  120.011s C
[396/1032] grafo10857.95            n=95   pw=  9 budget         231845946  120.012s C
[397/1032] grafo10898.95            n=95   pw=  9 refutation      34685651   18.965s C
[398/1032] grafo10859.97            n=97   pw= 10 budget         182055465  120.011s C
[399/1032] grafo10860.93            n=93   pw= 12 budget         212000589  120.017s C
[400/1032] grafo10861.100           n=100  pw= 10 budget         243220480  120.013s C
[401/1032] grafo10862.98            n=98   pw=  9 budget         227900542  120.011s C
[402/1032] grafo10879.92            n=92   pw=  9 refutation     130746299   77.694s C
[403/1032] grafo10895.98            n=98   pw=  9 refutation     109288672   58.248s C
[404/1032] grafo10865.100           n=100  pw= 10 budget         173305513  120.021s C
[405/1032] grafo10926.99            n=99   pw=  9 refutation      13661647   11.307s C
[406/1032] grafo10866.98            n=98   pw= 10 budget         204271496  120.018s C
[407/1032] grafo10867.95            n=95   pw= 11 budget         179691520  120.024s C
[408/1032] grafo10869.96            n=96   pw= 11 budget         192716800  120.013s C
[409/1032] grafo10870.94            n=94   pw= 10 budget         165924941  120.027s C
[410/1032] grafo10873.97            n=97   pw= 10 budget         200826880  120.011s C
[411/1032] grafo10876.98            n=98   pw= 10 budget         205938867  120.013s C
[412/1032] grafo10878.94            n=94   pw= 11 budget         169383639  120.011s C
[413/1032] grafo10894.97            n=97   pw=  9 refutation     155568731  103.568s C
[414/1032] grafo10882.95            n=95   pw= 10 budget         154291686   120.01s C
[415/1032] grafo10883.93            n=93   pw= 11 budget         202362880  120.011s C
[416/1032] grafo10885.98            n=98   pw=  9 budget         238075904  120.011s C
[417/1032] grafo10893.92            n=92   pw= 10 budget         169098905  120.026s C
[418/1032] grafo10901.94            n=94   pw=  9 refutation     160315491   86.946s C
[419/1032] grafo10929.94            n=94   pw=  9 refutation      50925640   41.954s C
[420/1032] grafo10924.98            n=98   pw=  8 refutation     122337907   67.627s C
[421/1032] grafo10936.98            n=98   pw=  8 refutation      44861011   33.051s C
[422/1032] grafo10925.95            n=95   pw=  9 refutation     126480512   72.495s C
[423/1032] grafo10933.94            n=94   pw=  9 refutation      78341690   52.162s C
[424/1032] grafo10900.93            n=93   pw= 10 budget         224411648  120.036s C
[425/1032] grafo10903.93            n=93   pw= 10 budget         198340608  120.011s C
[426/1032] grafo10904.94            n=94   pw=  9 budget         187334656  120.027s C
[427/1032] grafo10921.97            n=97   pw=  9 refutation     162979202   104.13s C
[428/1032] grafo10905.97            n=97   pw= 11 budget         206155776  120.011s C
[429/1032] grafo10907.99            n=99   pw=  9 budget         157409280  120.012s C
[430/1032] grafo10908.98            n=98   pw= 10 budget         168357888  120.013s C
[431/1032] grafo10911.100           n=100  pw=  9 budget         207279554  120.011s C
[432/1032] grafo10915.97            n=97   pw= 10 budget         189382656  120.012s C
[433/1032] grafo10918.98            n=98   pw= 11 budget         160968801  120.019s C
[434/1032] grafo10919.97            n=97   pw= 11 budget         166572032  120.012s C
[435/1032] grafo10944.96            n=96   pw=  9 refutation     110103069    74.97s C
[436/1032] grafo10973.94            n=94   pw=  9 refutation      26601564   18.874s C
[437/1032] grafo10923.97            n=97   pw=  9 budget         161140998  120.032s C
[438/1032] grafo10937.100           n=100  pw=  9 refutation     122054365   94.295s C
[439/1032] grafo10975.96            n=96   pw=  9 refutation      43409490   35.517s C
[440/1032] grafo10980.95            n=95   pw=  8 refutation      60650652   38.326s C
[441/1032] grafo10985.96            n=96   pw=  9 refutation      50405944   37.087s C
[442/1032] grafo10930.100           n=100  pw=  9 budget         186486784  120.011s C
[443/1032] grafo10966.96            n=96   pw=  9 refutation     100395202   59.697s C
[444/1032] grafo10935.94            n=94   pw= 10 budget         205168640  120.013s C
[445/1032] grafo10943.95            n=95   pw= 10 budget         156653132   120.02s C
[446/1032] grafo10945.98            n=98   pw= 10 budget         172716427   120.01s C
[447/1032] grafo10998.100           n=100  pw=  9 refutation      33100159   23.999s C
[448/1032] grafo10947.97            n=97   pw=  9 budget         203530240  120.027s C
[449/1032] grafo10990.96            n=96   pw=  9 refutation      70718560   51.886s C
[450/1032] grafo10949.95            n=95   pw= 10 budget         178987068  120.011s C
[451/1032] grafo10950.97            n=97   pw= 10 budget         227791420  120.011s C
[452/1032] grafo10952.96            n=96   pw= 10 budget         208398419  120.025s C
[453/1032] grafo10955.94            n=94   pw=  9 budget         187678720  120.021s C
[454/1032] grafo10993.95            n=95   pw=  9 refutation      92488911   66.323s C
[455/1032] grafo10958.98            n=98   pw= 13 budget         170618880  120.024s C
[456/1032] grafo10969.98            n=98   pw=  8 refutation     148437922   92.871s C
[457/1032] grafo10959.97            n=97   pw=  9 budget         190758984  120.012s C
[458/1032] grafo10960.98            n=98   pw= 11 budget         184299520   120.01s C
[459/1032] grafo10962.100           n=100  pw= 12 budget         167738929  120.023s C
[460/1032] grafo10995.96            n=96   pw=  9 refutation     106126550   73.271s C
[461/1032] grafo10963.97            n=97   pw=  9 budget         200015599   120.01s C
[462/1032] grafo10965.99            n=99   pw=  9 budget         211185664   120.01s C
[463/1032] grafo10972.95            n=95   pw= 10 budget         150733824  120.013s C
[464/1032] grafo10976.92            n=92   pw= 10 budget         174458496   120.01s C
[465/1032] grafo10978.98            n=98   pw=  9 budget         201936896  120.012s C
[466/1032] grafo10984.98            n=98   pw=  9 budget         195984949  120.011s C
[467/1032] grafo11041.97            n=97   pw=  8 refutation      33168459   20.752s C
[468/1032] grafo10992.94            n=94   pw= 11 budget         256485199  120.011s C
[469/1032] grafo11000.99            n=99   pw= 10 budget         185880760  120.028s C
[470/1032] grafo11001.97            n=97   pw= 11 budget         184594432  120.013s C
[471/1032] grafo11002.96            n=96   pw=  9 budget         205352960  120.026s C
[472/1032] grafo11040.95            n=95   pw=  9 refutation     105816162   68.389s C
[473/1032] grafo11003.100           n=100  pw= 10 budget         243160899  120.012s C
[474/1032] grafo11006.97            n=97   pw= 10 budget         192847985  120.012s C
[475/1032] grafo11008.99            n=99   pw= 11 budget         189335679  120.028s C
[476/1032] grafo11010.97            n=97   pw=  9 budget         272535552  120.008s C
[477/1032] grafo11011.100           n=100  pw=  9 budget         255152128  120.012s C
[478/1032] grafo11012.96            n=96   pw= 11 budget         179466240  120.026s C
[479/1032] grafo11014.100           n=100  pw= 10 budget         209584333   120.01s C
[480/1032] grafo11034.95            n=95   pw=  9 refutation     164462831    99.89s C
[481/1032] grafo11048.94            n=94   pw=  9 refutation      67430692   51.608s C
[482/1032] grafo11015.98            n=98   pw= 10 budget         176164864  120.012s C
[483/1032] grafo11064.94            n=94   pw=  8 refutation       9675660    7.306s C
[484/1032] grafo11016.98            n=98   pw= 11 budget         155262976  120.013s C
[485/1032] grafo11017.97            n=97   pw=  9 budget         206614604  120.012s C
[486/1032] grafo11018.99            n=99   pw=  9 budget         191355554  120.011s C
[487/1032] grafo11020.100           n=100  pw= 11 budget         180391517  120.012s C
[488/1032] grafo11025.94            n=94   pw=  9 budget         186450055  120.014s C
[489/1032] grafo11035.99            n=99   pw= 11 budget         203870208  120.013s C
[490/1032] grafo11036.97            n=97   pw=  9 budget         172759274  120.011s C
[491/1032] grafo11037.99            n=99   pw= 11 budget         156635136  120.021s C
[492/1032] grafo11039.96            n=96   pw= 11 budget         185692267   120.01s C
[493/1032] grafo11067.98            n=98   pw=  9 refutation      67062989   43.942s C
[494/1032] grafo11042.94            n=94   pw= 10 budget         186615046  120.011s C
[495/1032] grafo11045.94            n=94   pw= 10 refutation     176149559  112.999s C
[496/1032] grafo11043.94            n=94   pw= 10 budget         191383007   120.01s C
[497/1032] grafo11044.95            n=95   pw= 11 budget         288772096  120.011s C
[498/1032] grafo11059.98            n=98   pw=  9 refutation     110197444   69.753s C
[499/1032] grafo11047.92            n=92   pw= 11 budget         194760704  120.013s C
[500/1032] grafo11075.97            n=97   pw=  9 refutation      83100026   55.718s C
[501/1032] grafo11062.99            n=99   pw=  8 refutation     117947122   79.666s C
[502/1032] grafo11053.94            n=94   pw=  9 refutation     173481851  103.159s C
[503/1032] grafo11050.98            n=98   pw= 10 budget         202727424  120.011s C
[504/1032] grafo11052.97            n=97   pw= 10 budget         173187072  120.025s C
[505/1032] grafo11054.96            n=96   pw=  9 budget         226300830  120.023s C
[506/1032] grafo11056.98            n=98   pw= 10 budget         233529344  120.011s C
[507/1032] grafo11057.96            n=96   pw= 10 budget         190580476  120.013s C
[508/1032] grafo11058.98            n=98   pw=  9 budget         244812177  120.011s C
[509/1032] grafo11060.99            n=99   pw= 10 budget         174137344  120.011s C
[510/1032] grafo11069.93            n=93   pw= 12 budget         202559488   120.01s C
[511/1032] grafo11070.94            n=94   pw= 12 budget         204963840   120.01s C
[512/1032] grafo11072.98            n=98   pw= 10 budget         179527685  120.013s C
[513/1032] grafo11073.100           n=100  pw= 12 budget         202051584  120.011s C
[514/1032] grafo11074.96            n=96   pw=  9 budget         229441536  120.012s C
[515/1032] grafo11076.97            n=97   pw= 10 budget         184565760  120.012s C
[516/1032] grafo11088.97            n=97   pw= 11 budget         190238915  120.012s C
[517/1032] grafo11091.97            n=97   pw=  9 budget         204062720  120.012s C
[518/1032] grafo11092.97            n=97   pw= 10 budget         179339264  120.013s C
[519/1032] grafo11141.95            n=95   pw=  8 refutation      15616618   11.185s C
[520/1032] grafo11136.98            n=98   pw=  8 refutation      42105565   22.841s C
[521/1032] grafo11114.93            n=93   pw= 10 refutation      73942194   46.286s C
[522/1032] grafo11094.98            n=98   pw=  9 budget         213736082   120.01s C
[523/1032] grafo11095.93            n=93   pw= 10 budget         206637514  120.013s C
[524/1032] grafo11096.97            n=97   pw= 10 budget         201179136  120.011s C
[525/1032] grafo11097.96            n=96   pw= 11 budget         295243776  120.011s C
[526/1032] grafo11099.99            n=99   pw= 13 budget         213278720   120.01s C
[527/1032] grafo11100.95            n=95   pw= 10 budget         198639616  120.022s C
[528/1032] grafo11101.95            n=95   pw= 10 budget         188542578  120.012s C
[529/1032] grafo11102.98            n=98   pw=  9 budget         179400550  120.011s C
[530/1032] grafo11104.95            n=95   pw= 10 budget         163991552  120.026s C
[531/1032] grafo11105.95            n=95   pw= 10 budget         189672116  120.025s C
[532/1032] grafo11139.98            n=98   pw=  8 refutation      98304426   64.377s C
[533/1032] grafo11106.99            n=99   pw=  9 budget         195198763  120.011s C
[534/1032] grafo11140.98            n=98   pw=  9 refutation     120327202   74.143s C
[535/1032] grafo11109.94            n=94   pw= 10 budget         200746342  120.008s C
[536/1032] grafo11110.99            n=99   pw= 10 budget         182239232  120.012s C
[537/1032] grafo11111.94            n=94   pw=  9 budget         204173951  120.028s C
[538/1032] grafo11113.98            n=98   pw=  9 refutation     171931328  117.483s C
[539/1032] grafo11112.96            n=96   pw= 12 budget         209932288  120.015s C
[540/1032] grafo11169.99            n=99   pw=  9 refutation      53060078   44.742s C
[541/1032] grafo11115.92            n=92   pw= 12 budget         166526833   120.02s C
[542/1032] grafo11119.98            n=98   pw= 10 budget         189767680  120.022s C
[543/1032] grafo11144.92            n=92   pw= 10 refutation     146521903   91.095s C
[544/1032] grafo11194.100           n=100  pw=  8 refutation      12806496   10.284s C
[545/1032] grafo11157.100           n=100  pw=  9 refutation      66857604   63.853s C
[546/1032] grafo11125.100           n=100  pw= 10 budget         224075903   120.01s C
[547/1032] grafo11132.95            n=95   pw= 10 budget         196622670  120.019s C
[548/1032] grafo11188.99            n=99   pw=  9 refutation      39145705   26.816s C
[549/1032] grafo11179.99            n=99   pw=  8 refutation      79340517   51.106s C
[550/1032] grafo11142.99            n=99   pw=  9 budget         182342831  120.011s C
[551/1032] grafo11143.98            n=98   pw= 10 budget         181814134   120.01s C
[552/1032] grafo11145.99            n=99   pw= 10 budget         165486592  120.023s C
[553/1032] grafo11148.99            n=99   pw= 10 budget         147118193  120.022s C
[554/1032] grafo11149.100           n=100  pw=  9 budget         182678600  120.043s C
[555/1032] grafo11150.99            n=99   pw= 10 budget         231817216  120.017s C
[556/1032] grafo11151.92            n=92   pw=  9 budget         186474573  120.024s C
[557/1032] grafo11152.98            n=98   pw= 10 budget         200814592  120.015s C
[558/1032] grafo11154.95            n=95   pw= 10 budget         167280640  120.025s C
[559/1032] grafo11189.94            n=94   pw=  9 refutation      86262851   66.612s C
[560/1032] grafo11155.99            n=99   pw=  9 budget         169676223  120.017s C
[561/1032] grafo11162.100           n=100  pw=  9 budget         179187712  120.011s C
[562/1032] grafo11176.100           n=100  pw=  9 budget         140312935   120.01s C
[563/1032] grafo11177.98            n=98   pw=  9 budget         157921850  120.011s C
[564/1032] grafo11178.95            n=95   pw= 10 budget         163451938  120.011s C
[565/1032] grafo11256.99            n=99   pw=  8 refutation      20491465   14.836s C
[566/1032] grafo11181.95            n=95   pw= 12 budget         209231872  120.024s C
[567/1032] grafo11257.91            n=91   pw=  9 refutation      20397577   19.694s C
[568/1032] grafo11182.99            n=99   pw=  9 budget         165584055  120.013s C
[569/1032] grafo11187.98            n=98   pw=  9 budget         161664826  120.032s C
[570/1032] grafo11195.93            n=93   pw= 10 budget         182558720   120.01s C
[571/1032] grafo11198.98            n=98   pw= 10 budget         184991744   120.01s C
[572/1032] grafo11219.94            n=94   pw=  9 refutation     124948768   92.628s C
[573/1032] grafo11201.99            n=99   pw= 10 budget         173703168   120.01s C
[574/1032] grafo11203.100           n=100  pw=  9 budget         139415552  120.008s C
[575/1032] grafo11204.99            n=99   pw= 10 budget         148575539  120.022s C
[576/1032] grafo11205.94            n=94   pw= 10 budget         146710528   120.02s C
[577/1032] grafo11206.91            n=91   pw=  9 refutation     142473646  119.474s C
[578/1032] grafo11215.93            n=93   pw= 10 budget         200138752   120.01s C
[579/1032] grafo11217.95            n=95   pw=  9 budget         169885762  120.024s C
[580/1032] grafo11218.99            n=99   pw= 12 budget         203015881  120.012s C
[581/1032] grafo11233.93            n=93   pw=  9 refutation     119741114  101.746s C
[582/1032] grafo11220.92            n=92   pw= 11 budget         176553940  120.027s C
[583/1032] grafo11223.99            n=99   pw= 12 budget         145800803  120.021s C
[584/1032] grafo11227.100           n=100  pw= 10 budget         168430659   120.02s C
[585/1032] grafo11232.92            n=92   pw= 10 budget         167878767  120.023s C
[586/1032] grafo11306.99            n=99   pw=  8 refutation      39722431   27.128s C
[587/1032] grafo11250.99            n=99   pw= 10 budget         165228544  120.021s C
[588/1032] grafo11251.93            n=93   pw= 11 budget         140506000  120.016s C
[589/1032] grafo11252.93            n=93   pw= 10 budget         147355613  120.014s C
[590/1032] grafo11253.94            n=94   pw=  9 budget         201142272  120.025s C
[591/1032] grafo11254.99            n=99   pw= 10 budget         181067776  120.023s C
[592/1032] grafo11267.92            n=92   pw= 10 budget         132742715  120.021s C
[593/1032] grafo11314.92            n=92   pw=  9 refutation      67627016   50.336s C
[594/1032] grafo11365.92            n=92   pw=  9 refutation      26182753   20.298s C
[595/1032] grafo11269.93            n=93   pw= 10 budget         168296707  120.022s C
[596/1032] grafo11352.90            n=90   pw= 10 refutation      81751451   37.508s C
[597/1032] grafo11271.99            n=99   pw= 10 budget         148155487  120.024s C
[598/1032] grafo11272.99            n=99   pw=  9 budget         144220311  120.025s C
[599/1032] grafo11274.93            n=93   pw= 10 budget         156020736   120.02s C
[600/1032] grafo11275.93            n=93   pw= 10 budget         114917532   120.01s C
[601/1032] grafo11315.91            n=91   pw= 10 refutation      73430952   66.303s C
[602/1032] grafo11276.92            n=92   pw= 10 budget         157900825   120.01s C
[603/1032] grafo11280.99            n=99   pw= 11 budget         143004152  120.011s C
[604/1032] grafo11287.93            n=93   pw= 10 budget         140098717  120.011s C
[605/1032] grafo11297.93            n=93   pw=  9 budget         197222400  120.025s C
[606/1032] grafo11299.93            n=93   pw= 10 budget         154374144  120.022s C
[607/1032] grafo11300.91            n=91   pw= 10 budget         185592404  120.025s C
[608/1032] grafo11301.93            n=93   pw= 10 budget         159989760  120.022s C
[609/1032] grafo11302.99            n=99   pw=  8 budget         204570515  120.009s C
[610/1032] grafo11303.93            n=93   pw= 10 budget         140816384  120.028s C
[611/1032] grafo11430.91            n=91   pw=  9 refutation      37720713    35.94s C
[612/1032] grafo11305.99            n=99   pw=  9 budget         183097101  120.012s C
[613/1032] grafo11313.96            n=96   pw= 11 budget         149287826  120.012s C
[614/1032] grafo11448.91            n=91   pw=  9 refutation      23351972   22.901s C
[615/1032] grafo11394.90            n=90   pw=  9 refutation      95223020   75.138s C
[616/1032] grafo11316.99            n=99   pw=  9 budget         142467072  120.011s C
[617/1032] grafo11324.100           n=100  pw=  9 budget         164722723  120.011s C
[618/1032] grafo11335.100           n=100  pw= 11 budget         147689472   120.02s C
[619/1032] grafo11354.92            n=92   pw= 11 budget         152969216  120.011s C
[620/1032] grafo11355.92            n=92   pw= 10 budget         155394048  120.011s C
[621/1032] grafo11358.99            n=99   pw=  9 budget         160717450  120.023s C
[622/1032] grafo11432.92            n=92   pw=  9 refutation      99466963   61.209s C
[623/1032] grafo11524.100           n=100  pw=  8 refutation      34171511    21.87s C
[624/1032] grafo11369.96            n=96   pw= 10 budget         232466606   120.01s C
[625/1032] grafo11419.92            n=92   pw=  9 refutation     148987660   95.159s C
[626/1032] grafo11379.92            n=92   pw=  9 budget         182743040  120.015s C
[627/1032] grafo11380.97            n=97   pw= 10 budget         158424862   120.01s C
[628/1032] grafo11381.92            n=92   pw= 10 budget         169013248  120.011s C
[629/1032] grafo11390.90            n=90   pw= 10 budget         233201664   120.02s C
[630/1032] grafo11393.92            n=92   pw= 11 budget         165171200  120.011s C
[631/1032] grafo11602.95            n=95   pw=  9 refutation      24655477   19.542s C
[632/1032] grafo11408.92            n=92   pw= 11 budget         193691648  120.011s C
[633/1032] grafo11420.92            n=92   pw= 10 budget         182112256  120.011s C
[634/1032] grafo11591.93            n=93   pw=  9 refutation      50062229   32.908s C
[635/1032] grafo11546.97            n=97   pw=  9 refutation      55702936   45.163s C
[636/1032] grafo11431.92            n=92   pw= 10 budget         211890176  120.012s C
[637/1032] grafo11491.96            n=96   pw=  8 refutation     131357059   89.625s C
[638/1032] grafo11648.90            n=90   pw=  9 refutation      55285422   34.531s C
[639/1032] grafo3184.91             n=91   pw=  9 refutation      29611282   21.785s C
[640/1032] grafo11433.92            n=92   pw= 11 budget         167854190  120.011s C
[641/1032] grafo11439.92            n=92   pw= 10 budget         160493633  120.009s C
[642/1032] grafo11536.91            n=91   pw= 10 refutation     125378185   76.198s C
[643/1032] grafo11453.91            n=91   pw= 10 budget         173983041  120.022s C
[644/1032] grafo11457.92            n=92   pw= 11 budget         168689725  120.013s C
[645/1032] grafo11458.100           n=100  pw= 10 budget         204386304  120.028s C
[646/1032] grafo11469.96            n=96   pw= 10 budget         169304134  120.009s C
[647/1032] grafo11470.91            n=91   pw= 11 budget         169091072  120.024s C
[648/1032] grafo11471.91            n=91   pw= 10 budget         228941824   120.01s C
[649/1032] grafo11472.91            n=91   pw= 11 budget         197599232   120.01s C
[650/1032] grafo11505.91            n=91   pw= 10 refutation     151022804  107.754s C
[651/1032] grafo11502.100           n=100  pw=  8 budget         195858494  120.022s C
[652/1032] grafo11507.91            n=91   pw=  9 budget         177816862  120.013s C
[653/1032] grafo3435.99             n=99   pw=  9 refutation      61751287   44.223s C
[654/1032] grafo3861.99             n=99   pw=  9 refutation      49902629   40.815s C
[655/1032] grafo11557.95            n=95   pw= 11 budget         163369695  120.011s C
[656/1032] grafo11568.95            n=95   pw=  8 budget         212061540  120.013s C
[657/1032] grafo3979.98             n=98   pw=  9 refutation      35043654   24.102s C
[658/1032] grafo11569.93            n=93   pw= 11 budget         224575488  120.008s C
[659/1032] grafo4137.82             n=82   pw=  9 refutation      10167021    6.945s C
[660/1032] grafo3879.96             n=96   pw=  9 refutation      89376752   54.992s C
[661/1032] grafo11616.91            n=91   pw= 11 budget         225751040  120.012s C
[662/1032] grafo11624.96            n=96   pw= 10 budget         166793087  120.013s C
[663/1032] grafo11635.92            n=92   pw= 10 budget         211107840  120.013s C
[664/1032] grafo11647.90            n=90   pw= 11 budget         210649088  120.012s C
[665/1032] grafo4147.81             n=81   pw=  9 refutation      47941076   22.609s C
[666/1032] grafo11657.100           n=100  pw=  9 budget         260161604  120.022s C
[667/1032] grafo3158.98             n=98   pw=  9 budget         176020590  120.025s C
[668/1032] grafo4687.79             n=79   pw=  9 refutation      10403339    6.767s C
[669/1032] grafo4752.81             n=81   pw=  9 refutation      15673695    9.831s C
[670/1032] grafo3224.98             n=98   pw= 10 budget         215736500  120.011s C
[671/1032] grafo3262.92             n=92   pw= 10 budget         217811721   120.01s C
[672/1032] grafo4297.79             n=79   pw=  9 refutation      57641343   31.395s C
[673/1032] grafo3315.96             n=96   pw= 10 budget         218664960  120.011s C
[674/1032] grafo4833.83             n=83   pw= 10 refutation      18631452   15.411s C
[675/1032] grafo3482.98             n=98   pw=  9 budget         193415921  120.012s C
[676/1032] grafo4091.99             n=99   pw=  8 refutation     102552688   61.104s C
[677/1032] grafo3532.99             n=99   pw= 11 budget         146270699  120.027s C
[678/1032] grafo3680.99             n=99   pw= 12 budget         196194304   120.01s C
[679/1032] grafo3699.99             n=99   pw=  9 budget         172396544  120.027s C
[680/1032] grafo3712.95             n=95   pw= 12 budget         169132032  120.011s C
[681/1032] grafo3756.90             n=90   pw=  9 budget         228954112  120.011s C
[682/1032] grafo4608.83             n=83   pw=  9 refutation      69601342   43.458s C
[683/1032] grafo4437.80             n=80   pw=  9 refutation      73265645   48.256s C
[684/1032] grafo3808.97             n=97   pw=  9 budget         218004130  120.011s C
[685/1032] grafo3822.94             n=94   pw=  9 budget         214585344  120.011s C
[686/1032] grafo5572.82             n=82   pw= 10 refutation      59186896   38.973s C
[687/1032] grafo3871.88             n=88   pw= 10 budget         222765056  120.023s C
[688/1032] grafo3876.94             n=94   pw=  9 budget         226164736  120.011s C
[689/1032] grafo4649.85             n=85   pw=  9 refutation     104442417   59.707s C
[690/1032] grafo5681.79             n=79   pw= 11 refutation      65414105   43.836s C
[691/1032] grafo3890.96             n=107  pw=  9 budget         185020416   120.01s C
[692/1032] grafo6660.98             n=98   pw=  9 refutation      50983458   32.534s C
[693/1032] grafo7167.87             n=87   pw= 10 refutation      23122357   20.891s C
[694/1032] grafo6307.92             n=92   pw=  9 refutation      90637709   55.578s C
[695/1032] grafo3898.99             n=99   pw=  9 budget         165716700  120.026s C
[696/1032] grafo3909.92             n=92   pw=  9 budget         199118848  120.011s C
[697/1032] grafo7524.90             n=90   pw=  8 refutation      19237629   11.454s C
[698/1032] grafo4507.80             n=80   pw= 10 refutation     133631108   86.197s C
[699/1032] grafo7792.96             n=96   pw=  8 refutation      13193050    8.729s C
[700/1032] grafo3995.97             n=97   pw= 10 budget         185967384  120.025s C
[701/1032] grafo7354.93             n=93   pw=  9 refutation      55409923   36.879s C
[702/1032] grafo4101.91             n=91   pw= 10 budget         239243264  120.012s C
[703/1032] grafo6418.89             n=89   pw= 10 refutation     130631356   82.057s C
[704/1032] grafo6813.84             n=84   pw=  9 refutation     117416677     66.6s C
[705/1032] grafo4348.83             n=83   pw= 10 budget         224502671  120.011s C
[706/1032] grafo6806.83             n=83   pw=  9 refutation     119639520    75.77s C
[707/1032] grafo7918.84             n=84   pw= 11 refutation      37283385   22.945s C
[708/1032] grafo7100.86             n=86   pw= 10 refutation     148819615   95.861s C
[709/1032] grafo7101.86             n=86   pw= 10 refutation     148819615   96.208s C
[710/1032] grafo6532.83             n=83   pw= 10 budget         234590208  120.012s C
[711/1032] grafo6533.83             n=83   pw= 10 budget         243228672  120.008s C
[712/1032] grafo6562.98             n=98   pw= 10 budget         239046656  120.011s C
[713/1032] grafo6625.99             n=99   pw=  9 budget         207469044  120.028s C
[714/1032] grafo6817.94             n=94   pw= 10 budget         240250880  120.012s C
[715/1032] grafo6877.85             n=85   pw= 10 budget         239542272  120.027s C
[716/1032] grafo6975.39             n=105  pw=  9 budget         179810463  120.012s C
[717/1032] grafo7130.90             n=90   pw= 10 refutation     195272045  118.927s C
[718/1032] grafo7917.84             n=84   pw=  9 refutation      85546155   53.425s C
[719/1032] grafo7981.85             n=85   pw=  9 refutation      35544716   22.026s C
[720/1032] grafo7221.99             n=99   pw= 10 budget         175241768  120.024s C
[721/1032] grafo7223.40             n=110  pw=  8 budget         167714799  120.015s C
[722/1032] grafo7263.99             n=99   pw=  9 budget         230784048  120.011s C
[723/1032] grafo7417.39             n=104  pw=  9 budget         189682005  120.022s C
[724/1032] grafo7996.95             n=95   pw=  9 refutation      27049350   20.548s C
[725/1032] grafo7990.94             n=94   pw=  9 refutation      31413428   23.356s C
[726/1032] grafo7447.98             n=98   pw= 10 budget         225824768  120.012s C
[727/1032] grafo7973.75             n=75   pw= 11 refutation      78346449   41.525s C
[728/1032] grafo7529.93             n=93   pw=  9 budget         213692650  120.012s C
[729/1032] grafo7885.83             n=83   pw= 10 refutation     139473160   92.814s C
[730/1032] grafo7587.95             n=95   pw=  9 budget         264183808   120.01s C
[731/1032] grafo8014.88             n=88   pw=  9 refutation      34261562   25.349s C
[732/1032] grafo7674.93             n=93   pw=  9 budget         195375282   120.01s C
[733/1032] grafo7780.90             n=90   pw= 11 budget         187042721  120.021s C
[734/1032] grafo7793.98             n=98   pw= 10 budget         195748086  120.011s C
[735/1032] grafo8137.86             n=86   pw=  9 refutation      25684036   18.164s C
[736/1032] grafo8177.88             n=88   pw=  9 refutation      14901330   10.763s C
[737/1032] grafo7796.93             n=93   pw=  9 budget         195874816   120.02s C
[738/1032] grafo8065.82             n=82   pw=  9 refutation      44094088   29.468s C
[739/1032] grafo7797.100            n=100  pw= 12 budget         177606656  120.021s C
[740/1032] grafo8158.81             n=81   pw=  9 refutation      40297345   25.296s C
[741/1032] grafo7818.83             n=83   pw= 10 budget         190058496  120.012s C
[742/1032] grafo7861.87             n=87   pw=  9 budget         215048192  120.015s C
[743/1032] grafo8266.81             n=81   pw=  9 refutation      24475110   14.628s C
[744/1032] grafo7911.88             n=88   pw=  9 budget         242290688  120.011s C
[745/1032] grafo8135.81             n=81   pw= 10 refutation      60662972   41.858s C
[746/1032] grafo7942.83             n=83   pw= 10 refutation     167321526   89.679s C
[747/1032] grafo8224.100            n=100  pw=  8 refutation      45217149   28.237s C
[748/1032] grafo8298.78             n=78   pw= 10 refutation      11323540    8.983s C
[749/1032] grafo8284.84             n=84   pw= 10 refutation      30132399   23.521s C
[750/1032] grafo8209.91             n=91   pw=  8 refutation      87404250    47.21s C
[751/1032] grafo7940.83             n=83   pw= 10 refutation     188594802  108.188s C
[752/1032] grafo8086.81             n=81   pw= 10 refutation      91484069   63.359s C
[753/1032] grafo8296.86             n=86   pw=  9 refutation      32649705   22.329s C
[754/1032] grafo8160.83             n=83   pw=  9 refutation      83522664   55.645s C
[755/1032] grafo8280.88             n=88   pw=  9 refutation      70160631   41.494s C
[756/1032] grafo7948.90             n=90   pw=  9 budget         191552837  120.023s C
[757/1032] grafo7953.79             n=79   pw= 10 budget         248531820  120.012s C
[758/1032] grafo8290.81             n=81   pw= 10 refutation      63109329   36.251s C
[759/1032] grafo8320.83             n=83   pw=  9 refutation      35562198    25.06s C
[760/1032] grafo8054.85             n=85   pw=  9 refutation     162774144   93.678s C
[761/1032] grafo7985.93             n=93   pw=  9 budget         191913984  120.011s C
[762/1032] grafo8351.89             n=89   pw=  9 refutation      19689653   16.046s C
[763/1032] grafo8335.93             n=93   pw=  9 refutation      52725612    32.99s C
[764/1032] grafo8365.87             n=87   pw=  9 refutation      29422282   19.125s C
[765/1032] grafo8000.99             n=99   pw=  9 budget         158481220  120.011s C
[766/1032] grafo8008.95             n=95   pw= 10 budget         151543166  120.013s C
[767/1032] grafo8009.87             n=87   pw=  9 budget         240087040  120.011s C
[768/1032] grafo8394.89             n=89   pw=  9 refutation      10907443    8.587s C
[769/1032] grafo8035.98             n=98   pw=  9 budget         188526438  120.025s C
[770/1032] grafo8036.94             n=94   pw= 10 budget         173268992   120.01s C
[771/1032] grafo8355.87             n=87   pw= 10 refutation      59833883   36.591s C
[772/1032] grafo8334.95             n=95   pw=  8 refutation      77907546   54.844s C
[773/1032] grafo8398.85             n=85   pw=  9 refutation      38348537   24.812s C
[774/1032] grafo8148.85             n=85   pw= 10 budget         184967168  120.011s C
[775/1032] grafo8186.90             n=90   pw=  9 budget         192723507  120.011s C
[776/1032] grafo8198.99             n=99   pw= 10 budget         215137231  120.011s C
[777/1032] grafo8377.92             n=92   pw=  9 refutation      62962422   42.678s C
[778/1032] grafo8223.99             n=99   pw= 11 budget         169811902  120.023s C
[779/1032] grafo8226.90             n=90   pw= 10 budget         218925637  120.012s C
[780/1032] grafo8478.98             n=98   pw=  9 refutation      33215167   27.028s C
[781/1032] grafo8248.86             n=86   pw= 10 budget         223866880  120.012s C
[782/1032] grafo8494.90             n=90   pw=  9 refutation      22586010   16.268s C
[783/1032] grafo8260.86             n=86   pw= 10 budget         263479296  120.011s C
[784/1032] grafo8437.82             n=82   pw=  9 refutation      81489555   47.428s C
[785/1032] grafo8316.82             n=82   pw= 10 refutation     169202361   96.764s C
[786/1032] grafo8275.82             n=82   pw= 10 budget         164130929  120.019s C
[787/1032] grafo8297.87             n=87   pw= 10 budget         221556736   120.02s C
[788/1032] grafo8380.93             n=93   pw=  9 refutation     102592318   74.362s C
[789/1032] grafo8310.86             n=86   pw= 12 budget         187765789   120.01s C
[790/1032] grafo8430.83             n=83   pw= 10 refutation     137732447   77.549s C
[791/1032] grafo8330.88             n=88   pw= 10 budget         190821691  120.023s C
[792/1032] grafo8506.88             n=88   pw=  9 refutation      71182344   44.277s C
[793/1032] grafo8342.97             n=97   pw=  9 budget         194827731  120.011s C
[794/1032] grafo8348.99             n=99   pw=  9 budget         235219774  120.011s C
[795/1032] grafo8465.85             n=85   pw=  9 refutation     152965738   84.846s C
[796/1032] grafo8349.91             n=91   pw= 10 budget         175280371  120.012s C
[797/1032] grafo8549.100            n=100  pw=  8 refutation      39728239   28.063s C
[798/1032] grafo8554.84             n=84   pw=  9 refutation      17373558   13.684s C
[799/1032] grafo8553.84             n=84   pw=  9 refutation      29988864   19.337s C
[800/1032] grafo8371.96             n=96   pw=  9 budget         175395414  120.012s C
[801/1032] grafo8373.100            n=100  pw= 10 budget         244842496  120.012s C
[802/1032] grafo8512.94             n=94   pw=  9 refutation      80990413   59.883s C
[803/1032] grafo8578.87             n=87   pw= 10 refutation      37531911   24.066s C
[804/1032] grafo8579.88             n=88   pw=  9 refutation      40180607   22.131s C
[805/1032] grafo8538.80             n=80   pw= 10 refutation     127816284   68.855s C
[806/1032] grafo8452.85             n=85   pw= 10 budget         210231296  120.013s C
[807/1032] grafo8593.87             n=87   pw=  9 refutation      48858374   25.067s C
[808/1032] grafo8511.94             n=94   pw=  9 refutation     134189238   78.709s C
[809/1032] grafo8474.90             n=90   pw= 10 budget         217681920  120.024s C
[810/1032] grafo8476.95             n=95   pw= 10 budget         170147272  120.013s C
[811/1032] grafo8477.89             n=89   pw=  9 budget         293724160  120.011s C
[812/1032] grafo8596.84             n=84   pw=  9 refutation      48447743   30.708s C
[813/1032] grafo8500.89             n=89   pw=  9 refutation     144175799  100.732s C
[814/1032] grafo8612.84             n=84   pw=  9 refutation      34188282   21.443s C
[815/1032] grafo8629.84             n=84   pw=  9 refutation      32334719   19.478s C
[816/1032] grafo8490.95             n=95   pw= 11 budget         264388608  120.011s C
[817/1032] grafo8491.92             n=92   pw=  9 budget         199106631  120.012s C
[818/1032] grafo8597.83             n=83   pw=  9 refutation      66939391   37.406s C
[819/1032] grafo8541.86             n=86   pw= 10 refutation     127342806   82.046s C
[820/1032] grafo8499.99             n=99   pw=  9 refutation     177149493  112.564s C
[821/1032] grafo8539.87             n=87   pw= 10 refutation     143823280   99.225s C
[822/1032] grafo8631.87             n=87   pw= 10 refutation      53488114   31.952s C
[823/1032] grafo8658.89             n=89   pw=  9 refutation      23961431   15.327s C
[824/1032] grafo8510.100            n=100  pw= 10 budget         189404728  120.012s C
[825/1032] grafo8513.100            n=100  pw=  9 budget         179221810  120.012s C
[826/1032] grafo8514.95             n=95   pw=  9 budget         213361957  120.022s C
[827/1032] grafo8537.84             n=84   pw= 10 budget         223854592  120.011s C
[828/1032] grafo8681.86             n=86   pw=  9 refutation      28876507   16.919s C
[829/1032] grafo8646.92             n=92   pw=  9 refutation      84890849    46.16s C
[830/1032] grafo8694.81             n=81   pw= 10 refutation      17282799   10.702s C
[831/1032] grafo8551.85             n=85   pw= 11 budget         222650368   120.01s C
[832/1032] grafo8692.87             n=87   pw= 10 refutation      27770323   26.799s C
[833/1032] grafo8689.87             n=87   pw= 10 refutation      52921600   35.475s C
[834/1032] grafo8558.90             n=90   pw= 10 budget         194797568   120.01s C
[835/1032] grafo8564.100            n=100  pw=  9 budget         178610176   120.02s C
[836/1032] grafo8571.94             n=94   pw= 11 budget         200429568  120.023s C
[837/1032] grafo8582.96             n=96   pw=  9 budget         298762240  120.022s C
[838/1032] grafo8585.91             n=91   pw= 10 budget         246370304  120.011s C
[839/1032] grafo8729.87             n=87   pw=  9 refutation      14945210   12.152s C
[840/1032] grafo8676.94             n=94   pw=  9 refutation     126062698   68.463s C
[841/1032] grafo8632.84             n=84   pw=  9 refutation     193226851   99.315s C
[842/1032] grafo8594.84             n=84   pw= 10 budget         333942784   120.01s C
[843/1032] grafo8718.97             n=97   pw=  8 refutation      65751396   34.615s C
[844/1032] grafo8706.86             n=86   pw=  9 refutation      86933917   41.917s C
[845/1032] grafo8601.87             n=87   pw= 11 budget         175624192  120.024s C
[846/1032] grafo8687.86             n=86   pw= 10 refutation      91380870   67.946s C
[847/1032] grafo8761.89             n=89   pw=  9 refutation      19817675    14.16s C
[848/1032] grafo8619.84             n=84   pw= 10 budget         239362048  120.011s C
[849/1032] grafo8762.86             n=86   pw=  9 refutation      27036067   15.957s C
[850/1032] grafo8733.88             n=88   pw=  9 refutation      78327665   42.943s C
[851/1032] grafo8645.92             n=92   pw= 10 budget         212189249  120.019s C
[852/1032] grafo8647.91             n=91   pw= 11 budget         231124992  120.025s C
[853/1032] grafo8650.91             n=91   pw= 10 budget         224657408  120.023s C
[854/1032] grafo8651.92             n=92   pw= 10 budget         242769920  120.011s C
[855/1032] grafo8774.88             n=88   pw=  9 refutation      20281591   18.388s C
[856/1032] grafo8655.95             n=95   pw= 10 budget         160473151  120.037s C
[857/1032] grafo8740.87             n=87   pw=  9 refutation      82533497   43.504s C
[858/1032] grafo8755.93             n=93   pw=  9 refutation      71242966   38.989s C
[859/1032] grafo8659.92             n=92   pw= 10 budget         224453543  120.019s C
[860/1032] grafo8767.86             n=86   pw=  9 refutation      35559286   27.481s C
[861/1032] grafo8662.91             n=91   pw= 10 budget         182044003  120.011s C
[862/1032] grafo8664.89             n=89   pw= 10 budget         232271872   120.01s C
[863/1032] grafo8673.98             n=98   pw= 10 budget         145995737  120.017s C
[864/1032] grafo8674.100            n=100  pw=  9 budget         169878627  120.021s C
[865/1032] grafo8784.94             n=94   pw=  9 refutation      20894232   17.441s C
[866/1032] grafo8779.88             n=88   pw=  9 refutation      57750076   28.119s C
[867/1032] grafo8786.91             n=91   pw=  9 refutation      25724737   16.984s C
[868/1032] grafo8675.93             n=93   pw= 10 budget         161865728  120.022s C
[869/1032] grafo8739.99             n=99   pw=  9 refutation      88171361   63.875s C
[870/1032] grafo8684.86             n=86   pw= 10 budget         244015104  120.011s C
[871/1032] grafo8802.91             n=91   pw=  9 refutation      37495655   27.437s C
[872/1032] grafo8701.90             n=90   pw= 11 budget         179048448  120.023s C
[873/1032] grafo8813.88             n=88   pw=  9 refutation      40572401   33.977s C
[874/1032] grafo8719.93             n=93   pw= 11 budget         153274594  120.024s C
[875/1032] grafo8720.100            n=100  pw=  9 budget         200794278  120.011s C
[876/1032] grafo8726.87             n=87   pw= 10 refutation     186111518  119.596s C
[877/1032] grafo8744.90             n=90   pw= 10 budget         224550912  120.019s C
[878/1032] grafo8792.98             n=98   pw=  9 refutation     129149467   85.466s C
[879/1032] grafo8747.89             n=89   pw= 10 budget         199885372  120.014s C
[880/1032] grafo8753.91             n=91   pw= 11 budget         201093120  120.024s C
[881/1032] grafo8842.89             n=89   pw=  9 refutation      26815485   26.838s C
[882/1032] grafo8764.87             n=87   pw= 10 budget         174608384  120.022s C
[883/1032] grafo8796.88             n=88   pw=  9 refutation     177198470   95.611s C
[884/1032] grafo8777.98             n=98   pw= 10 budget         213196795  120.011s C
[885/1032] grafo8851.90             n=90   pw=  8 refutation      44519109   26.586s C
[886/1032] grafo8818.89             n=89   pw=  9 refutation     166563600   96.473s C
[887/1032] grafo8780.96             n=96   pw=  9 budget         170689061  120.013s C
[888/1032] grafo8790.97             n=97   pw= 10 budget         199299072  120.011s C
[889/1032] grafo8854.89             n=89   pw=  9 refutation      53120161   33.875s C
[890/1032] grafo8791.94             n=94   pw= 10 budget         270716813  120.012s C
[891/1032] grafo8872.88             n=88   pw=  9 refutation      16393178   11.467s C
[892/1032] grafo8793.100            n=100  pw= 10 budget         189235200  120.012s C
[893/1032] grafo8876.88             n=88   pw=  9 refutation      14414830   10.407s C
[894/1032] grafo8800.93             n=93   pw=  9 budget         256839766  120.011s C
[895/1032] grafo8803.96             n=96   pw=  9 budget         185061376   120.01s C
[896/1032] grafo8807.87             n=87   pw= 11 budget         197857877  120.012s C
[897/1032] grafo8811.96             n=96   pw=  9 budget         203210752  120.011s C
[898/1032] grafo8812.99             n=99   pw= 13 budget         177553408  120.011s C
[899/1032] grafo8817.88             n=88   pw= 11 budget         166406462  120.011s C
[900/1032] grafo8881.91             n=91   pw=  9 refutation      17832984   11.635s C
[901/1032] grafo8821.94             n=94   pw= 11 budget         209694720  120.011s C
[902/1032] grafo8822.88             n=88   pw=  9 refutation     214903160  119.767s C
[903/1032] grafo8909.89             n=89   pw=  9 refutation      12176579    7.608s C
[904/1032] grafo8846.94             n=94   pw=  9 refutation     118593310   72.299s C
[905/1032] grafo8858.92             n=92   pw=  9 refutation      68698982   43.775s C
[906/1032] grafo8823.93             n=93   pw= 11 budget         180926763  120.012s C
[907/1032] grafo8825.92             n=92   pw=  9 budget         264114176  120.012s C
[908/1032] grafo8922.92             n=92   pw=  9 refutation      20055846   12.472s C
[909/1032] grafo8888.99             n=99   pw=  8 refutation      48237610   30.892s C
[910/1032] grafo8826.100            n=100  pw= 11 budget         158937818  120.012s C
[911/1032] grafo8925.89             n=89   pw=  9 refutation      26760787   17.576s C
[912/1032] grafo8836.88             n=88   pw= 10 budget         238292992  120.011s C
[913/1032] grafo8837.87             n=87   pw= 10 budget         206991360  120.011s C
[914/1032] grafo8840.90             n=90   pw=  9 refutation     187461630  108.196s C
[915/1032] grafo8924.89             n=89   pw=  9 refutation      78655214    41.82s C
[916/1032] grafo8855.100            n=100  pw=  9 refutation     176003135  108.218s C
[917/1032] grafo8900.94             n=94   pw=  9 refutation     140372850   79.456s C
[918/1032] grafo8856.97             n=97   pw=  9 budget         238858240  120.012s C
[919/1032] grafo8857.99             n=99   pw= 10 budget         264867840  120.012s C
[920/1032] grafo8864.98             n=98   pw= 11 budget         221151232   120.01s C
[921/1032] grafo8976.85             n=85   pw=  9 refutation      14516763    8.367s C
[922/1032] grafo8865.100            n=100  pw= 10 budget         252314534  120.011s C
[923/1032] grafo8867.97             n=97   pw= 11 budget         262094848  120.011s C
[924/1032] grafo9004.85             n=85   pw=  9 refutation      14429704     9.03s C
[925/1032] grafo8878.93             n=93   pw=  9 budget         362819285  120.011s C
[926/1032] grafo8882.100            n=100  pw= 13 budget         192245760  120.011s C
[927/1032] grafo8951.93             n=93   pw=  9 refutation     147523974   85.589s C
[928/1032] grafo8892.100            n=100  pw= 10 budget         220708864  120.012s C
[929/1032] grafo8893.96             n=96   pw= 10 budget         206991360  120.013s C
[930/1032] grafo9012.91             n=91   pw=  9 refutation      20397577   11.553s C
[931/1032] grafo8904.92             n=92   pw=  9 budget         239446072  120.012s C
[932/1032] grafo8905.100            n=100  pw=  8 budget         250574385   120.01s C
[933/1032] grafo8908.96             n=96   pw= 10 budget         219184592  120.011s C
[934/1032] grafo8910.91             n=91   pw=  9 budget         235917312  120.012s C
[935/1032] grafo8921.98             n=98   pw= 13 budget         188284928  120.011s C
[936/1032] grafo8923.90             n=90   pw= 10 budget         228782653  120.011s C
[937/1032] grafo8969.94             n=94   pw=  9 refutation      83323213   50.766s C
[938/1032] grafo9198.81             n=81   pw= 10 refutation      14457022      9.7s C
[939/1032] grafo9230.83             n=83   pw= 10 refutation      12552709    7.669s C
[940/1032] grafo9139.85             n=85   pw=  9 refutation      25309506   15.936s C
[941/1032] grafo8927.88             n=88   pw= 10 budget         292704256  120.012s C
[942/1032] grafo9217.88             n=88   pw=  9 refutation      34874645   13.767s C
[943/1032] grafo9171.84             n=84   pw=  9 refutation      29922675   18.494s C
[944/1032] grafo9261.82             n=82   pw=  9 refutation      13060004    7.776s C
[945/1032] grafo8942.96             n=96   pw=  9 budget         247803904  120.013s C
[946/1032] grafo8943.98             n=98   pw= 11 budget         182394223  120.012s C
[947/1032] grafo8944.97             n=97   pw=  9 budget         288952320  120.012s C
[948/1032] grafo9327.89             n=89   pw=  9 refutation      16027004    9.697s C
[949/1032] grafo9299.92             n=92   pw=  9 refutation      24152139   14.749s C
[950/1032] grafo8945.94             n=94   pw= 10 budget         262559032  120.012s C
[951/1032] grafo8953.94             n=94   pw=  9 budget         232284612  120.011s C
[952/1032] grafo8954.91             n=91   pw= 11 budget         207372288  120.011s C
[953/1032] grafo9315.87             n=87   pw=  9 refutation      34784853   21.158s C
[954/1032] grafo8956.92             n=92   pw=  9 budget         264486912  120.012s C
[955/1032] grafo9436.82             n=82   pw= 10 refutation      18181101   12.598s C
[956/1032] grafo9122.79             n=79   pw= 10 refutation      90676687   47.324s C
[957/1032] grafo8957.90             n=90   pw= 11 budget         212033536  120.011s C
[958/1032] grafo9471.92             n=92   pw=  9 refutation      10835429    7.606s C
[959/1032] grafo9396.88             n=88   pw=  9 refutation      45666988   26.579s C
[960/1032] grafo9252.84             n=84   pw= 10 refutation      77886647   35.904s C
[961/1032] grafo9450.84             n=84   pw= 10 refutation      27941969   16.215s C
[962/1032] grafo9406.84             n=84   pw= 10 refutation      58762566   33.621s C
[963/1032] grafo8960.95             n=95   pw=  9 budget         204152958  120.011s C
[964/1032] grafo9580.97             n=97   pw=  8 refutation      17248029    9.913s C
[965/1032] grafo9314.88             n=88   pw=  9 refutation      93055366   48.678s C
[966/1032] grafo9577.97             n=97   pw=  8 refutation      35181762   21.671s C
[967/1032] grafo8963.92             n=92   pw= 11 budget         197101877  120.012s C
[968/1032] grafo9581.91             n=91   pw=  9 refutation      39696587   22.375s C
[969/1032] grafo9227.88             n=88   pw= 10 refutation     147211581   74.846s C
[970/1032] grafo9629.83             n=83   pw=  9 refutation      35054301   18.239s C
[971/1032] grafo8970.97             n=97   pw=  9 budget         225956140  120.011s C
[972/1032] grafo9056.96             n=96   pw=  9 refutation     176526691    96.86s C
[973/1032] grafo8991.99             n=99   pw=  9 budget         240759857  120.012s C
[974/1032] grafo9619.79             n=79   pw= 10 refutation      75674873   39.838s C
[975/1032] grafo9691.79             n=79   pw= 11 refutation      32187187   16.304s C
[976/1032] grafo9236.80             n=80   pw= 10 refutation     217861785   90.928s C
[977/1032] grafo8997.96             n=96   pw= 11 budget         262851649   120.01s C
[978/1032] grafo9027.87             n=87   pw= 11 refutation     195274827  104.675s C
[979/1032] grafo9008.91             n=91   pw= 11 budget         238788608  120.011s C
[980/1032] grafo9135.85             n=85   pw= 10 refutation     209948030  109.707s C
[981/1032] grafo9706.88             n=88   pw=  9 refutation      30726544   15.838s C
[982/1032] grafo9432.89             n=89   pw=  9 refutation     175522466   82.968s C
[983/1032] grafo9747.80             n=80   pw= 10 refutation      29370359   15.114s C
[984/1032] grafo9784.85             n=85   pw=  9 refutation      19137215   12.398s C
[985/1032] grafo9414.75             n=75   pw= 11 refutation     201530079   93.528s C
[986/1032] grafo9792.80             n=80   pw=  9 refutation      14885818    9.228s C
[987/1032] grafo9823.90             n=90   pw=  9 refutation      16443564    9.387s C
[988/1032] grafo9464.85             n=85   pw= 10 refutation     166810951   87.216s C
[989/1032] grafo9788.80             n=80   pw= 10 refutation      31534146   16.176s C
[990/1032] grafo9337.86             n=86   pw= 10 budget         299286528  120.011s C
[991/1032] grafo9357.99             n=99   pw= 12 budget         191066893   120.01s C
[992/1032] grafo9709.86             n=86   pw=  9 refutation     137492818   44.429s C
[993/1032] grafo9362.98             n=98   pw= 11 budget         205508608  120.011s C
[994/1032] grafo9832.92             n=92   pw=  9 refutation      42002517    26.16s C
[995/1032] grafo9742.92             n=92   pw=  9 refutation      86605684   45.881s C
[996/1032] grafo9429.86             n=86   pw= 10 budget         211897915  120.011s C
[997/1032] grafo9925.91             n=91   pw=  9 refutation      16258125   10.173s C
[998/1032] grafo9542.87             n=87   pw= 11 budget         222281149  120.012s C
[999/1032] grafo9550.85             n=85   pw= 10 budget         251551744  120.013s C
[1000/1032] grafo9914.91             n=91   pw=  9 refutation      32162045   19.842s C
[1001/1032] grafo9553.79             n=79   pw= 11 budget         267829248  120.008s C
[1002/1032] grafo9565.86             n=86   pw=  8 budget         320110739  120.011s C
[1003/1032] grafo9576.92             n=92   pw=  9 budget         230179399  120.011s C
[1004/1032] grafo9945.91             n=91   pw=  9 refutation      25106690   15.252s C
[1005/1032] grafo9596.88             n=88   pw= 10 budget         228364288  120.012s C
[1006/1032] grafo9611.89             n=89   pw= 11 budget         223666176  120.011s C
[1007/1032] grafo9676.89             n=89   pw=  9 refutation     212973817  108.185s C
[1008/1032] grafo9987.91             n=91   pw=  8 refutation      29096016   18.291s C
[1009/1032] grafo9962.97             n=97   pw=  8 refutation      33896476   20.641s C
[1010/1032] grafo9630.95             n=95   pw=  9 budget         212233253  120.013s C
[1011/1032] grafo9759.81             n=81   pw= 10 refutation     197491836   89.953s C
[1012/1032] grafo9635.99             n=99   pw=  9 budget         226123908  120.008s C
[1013/1032] grafo9846.81             n=81   pw= 10 refutation     137533182    70.87s C
[1014/1032] grafo9787.82             n=82   pw= 10 refutation     185874931   90.963s C
[1015/1032] grafo9685.83             n=83   pw= 10 budget         338912904  120.009s C
[1016/1032] grafo9753.85             n=85   pw= 10 refutation     182148962  102.603s C
[1017/1032] grafo9699.86             n=86   pw= 11 budget         248055999  120.009s C
[1018/1032] grafo9993.91             n=91   pw=  9 refutation      77624310   39.438s C
[1019/1032] grafo9950.100            n=100  pw=  8 refutation     122612257   53.556s C
[1020/1032] grafo9738.100            n=100  pw= 11 budget         223634067   120.01s C
[1021/1032] grafo9973.96             n=96   pw= 10 refutation     153824886   59.523s C
[1022/1032] grafo9842.89             n=89   pw= 10 budget         273715200  120.009s C
[1023/1032] grafo9850.95             n=95   pw=  9 budget         333963264  120.009s C
[1024/1032] grafo9854.91             n=91   pw= 11 budget         327889605  120.008s C
[1025/1032] grafo9863.91             n=91   pw=  9 budget         423477911  120.009s C
[1026/1032] grafo9887.91             n=91   pw= 10 refutation     277748174  118.235s C
[1027/1032] grafo9864.91             n=91   pw= 11 budget         356356096   120.01s C
[1028/1032] grafo9894.91             n=91   pw= 10 budget         348147712  120.008s C
[1029/1032] grafo9911.91             n=91   pw= 10 budget         349405184  120.009s C
[1030/1032] grafo9932.91             n=91   pw= 11 budget         328167509  120.009s C
[1031/1032] grafo9995.94             n=94   pw= 10 refutation     312084419  104.481s C
[1032/1032] grafo9948.91             n=91   pw= 10 budget         335757312   120.01s C
done: 1032 graphs, 386 proved, 3487s wall -> bench/results/rome_capped_120s.csv
