[1/646] grafo10103.98            n=98   pw=  9 refutation     234118350  111.543s C
[2/646] grafo10123.96            n=96   pw=  9 refutation     276370233  121.235s C
[3/646] grafo10072.97            n=97   pw=  9 refutation     233917929  138.186s C
[4/646] grafo10074.90            n=90   pw= 10 refutation     400625291  174.978s C
[5/646] grafo10129.99            n=99   pw= 10 refutation     429328680  250.406s C
[6/646] grafo10076.90            n=90   pw= 10 refutation     663408269  337.179s C
[7/646] grafo10105.93            n=93   pw= 11 refutation     966308696  366.548s C
[8/646] grafo10117.98            n=98   pw=  9 refutation    1114037307  413.056s C
[9/646] grafo10061.99            n=99   pw=  9 refutation     740227802  419.964s C
[10/646] grafo10100.99            n=99   pw= 10 refutation     791290925  504.088s C
[11/646] grafo10104.96            n=96   pw= 10 refutation    1225361336  543.714s C
[12/646] grafo10151.94            n=94   pw= 11 refutation     859419424  371.194s C
[13/646] grafo10099.94            n=94   pw= 12 budget        1345753088  600.021s C
[14/646] grafo10113.94            n=94   pw= 12 budget        1333790057  600.021s C
[15/646] grafo10093.98            n=98   pw= 11 budget        1404080128  600.023s C
[16/646] grafo10084.97            n=97   pw= 11 budget        1175407380  600.024s C
[17/646] grafo10112.98            n=98   pw= 10 budget        1386520576  600.022s C
[18/646] grafo10116.100           n=100  pw= 11 budget        1117646848  600.021s C
[19/646] grafo10028.96            n=96   pw= 10 budget        1319833600  600.016s C
[20/646] grafo10017.96            n=96   pw= 11 budget        1756209152  600.017s C
[21/646] grafo10098.95            n=95   pw= 10 budget        1305132790  600.019s C
[22/646] grafo10092.97            n=97   pw= 10 budget        1519562752  600.016s C
[23/646] grafo10126.98            n=98   pw= 11 budget        1295904768  600.018s C
[24/646] grafo10124.100           n=100  pw= 11 budget        1257226240  600.015s C
[25/646] grafo10130.97            n=97   pw= 10 budget        1799958528  600.013s C
[26/646] grafo10168.95            n=95   pw=  9 refutation     423562271  117.006s C
[27/646] grafo10155.97            n=97   pw=  9 refutation     627409036  317.785s C
[28/646] grafo10131.98            n=98   pw=  9 budget        1355927552  600.012s C
[29/646] grafo10147.94            n=94   pw= 11 budget        1040941121  600.012s C
[30/646] grafo10149.95            n=95   pw= 10 budget        1198645436  600.011s C
[31/646] grafo10173.97            n=97   pw= 10 refutation     448861148  189.926s C
[32/646] grafo10153.100           n=100  pw=  9 refutation    1537829139  560.145s C
[33/646] grafo10154.94            n=94   pw= 10 budget        1116868608  600.014s C
[34/646] grafo10215.93            n=93   pw= 11 refutation     407259367  259.764s C
[35/646] grafo10156.97            n=97   pw= 12 budget        1033614759  600.013s C
[36/646] grafo10160.96            n=96   pw= 11 budget        1135882240  600.011s C
[37/646] grafo10212.97            n=97   pw=  9 refutation     673175523  343.754s C
[38/646] grafo10220.97            n=97   pw=  9 refutation     395630055  220.738s C
[39/646] grafo10195.99            n=99   pw= 10 refutation     741113022  443.493s C
[40/646] grafo10176.97            n=97   pw= 10 refutation     870861521  465.577s C
[41/646] grafo10161.99            n=99   pw= 10 budget        1011478531  600.009s C
[42/646] grafo10225.99            n=99   pw=  9 refutation     166907485  101.051s C
[43/646] grafo10184.100           n=100  pw= 10 refutation     986315935  534.733s C
[44/646] grafo10164.98            n=98   pw= 10 budget        1284198541  600.011s C
[45/646] grafo10246.96            n=96   pw=  9 refutation     297751949  105.949s C
[46/646] grafo10171.99            n=99   pw= 12 budget        1069415845  600.018s C
[47/646] grafo10175.99            n=99   pw= 11 budget        1164693504  600.022s C
[48/646] grafo10179.97            n=97   pw= 11 budget        1051463680  600.021s C
[49/646] grafo10183.100           n=100  pw=  9 budget        1092128768  600.019s C
[50/646] grafo10170.96            n=96   pw=  9 budget        1187618816   600.04s C
[51/646] grafo10203.97            n=97   pw= 11 budget        1280235381  600.016s C
[52/646] grafo10204.100           n=100  pw= 11 budget        1209442412   600.02s C
[53/646] grafo10205.97            n=97   pw= 11 budget        1185075200  600.021s C
[54/646] grafo10207.98            n=98   pw= 11 budget        1563070464  600.021s C
[55/646] grafo10250.100           n=100  pw=  9 refutation     228256298  117.424s C
[56/646] grafo10209.99            n=99   pw= 10 budget        1075706230  600.015s C
[57/646] grafo10222.99            n=99   pw=  9 refutation     601277964  359.258s C
[58/646] grafo10213.99            n=99   pw= 10 budget        1264053030  600.039s C
[59/646] grafo10216.97            n=97   pw=  9 budget        1158053888  600.017s C
[60/646] grafo10218.99            n=99   pw= 11 budget         982208512  600.034s C
[61/646] grafo10255.93            n=93   pw=  9 refutation     351441520  268.779s C
[62/646] grafo10296.100           n=100  pw=  9 refutation     177374781  187.187s C
[63/646] grafo10274.99            n=99   pw=  9 refutation     479911392  348.073s C
[64/646] grafo10223.100           n=100  pw=  9 budget         942489674  600.019s C
[65/646] grafo10237.100           n=100  pw= 11 budget         720820799   600.02s C
[66/646] grafo10240.97            n=97   pw= 10 budget         925360128  600.041s C
[67/646] grafo10244.99            n=99   pw= 10 budget        1054321011  600.047s C
[68/646] grafo10245.92            n=92   pw= 12 budget         994889728  600.021s C
[69/646] grafo10249.94            n=94   pw= 10 budget         903266304  600.021s C
[70/646] grafo10259.100           n=100  pw= 10 budget         719335424  600.027s C
[71/646] grafo10260.98            n=98   pw=  9 budget        1329389568  600.024s C
[72/646] grafo10275.97            n=97   pw= 11 refutation     533091431  586.764s C
[73/646] grafo10262.100           n=100  pw=  9 budget         726976884  600.022s C
[74/646] grafo10271.100           n=100  pw=  9 budget         671306904  600.036s C
[75/646] grafo10266.94            n=94   pw= 11 budget         733304409  600.059s C
[76/646] grafo10273.97            n=97   pw= 10 budget         671383552  600.051s C
[77/646] grafo10270.93            n=93   pw= 12 budget         602927104  600.075s C
[78/646] grafo10269.99            n=99   pw=  9 budget         733576821   600.08s C
[79/646] grafo10288.95            n=95   pw= 10 budget         735167144  600.033s C
[80/646] grafo10323.97            n=97   pw=  9 refutation     251111659  170.413s C
[81/646] grafo10292.100           n=100  pw= 10 budget         700103671  600.027s C
[82/646] grafo10295.95            n=95   pw= 10 budget         721317318  600.028s C
[83/646] grafo10316.100           n=100  pw=  9 refutation     485242515  329.398s C
[84/646] grafo10297.98            n=98   pw= 11 budget         828527708   600.02s C
[85/646] grafo10298.97            n=97   pw= 10 budget         826358135  600.018s C
[86/646] grafo10348.99            n=99   pw=  9 refutation     185814838  141.903s C
[87/646] grafo10301.94            n=94   pw= 11 budget         611344384  600.026s C
[88/646] grafo10305.100           n=100  pw=  9 budget         831443277   600.02s C
[89/646] grafo10308.96            n=96   pw=  9 refutation     816451219  539.508s C
[90/646] grafo10350.96            n=96   pw=  9 refutation     304843401  225.724s C
[91/646] grafo10355.94            n=94   pw=  8 refutation     448991919  257.916s C
[92/646] grafo10358.95            n=95   pw= 10 refutation     363406431  291.853s C
[93/646] grafo10309.94            n=94   pw= 10 budget        1057775616  600.025s C
[94/646] grafo10362.94            n=94   pw=  9 refutation     328698477  262.298s C
[95/646] grafo10321.97            n=97   pw= 11 budget        1002704896  600.021s C
[96/646] grafo10322.97            n=97   pw= 10 budget         894902272   600.02s C
[97/646] grafo10353.99            n=99   pw= 10 refutation     507878874  439.984s C
[98/646] grafo10325.96            n=96   pw= 12 budget         719951052  600.018s C
[99/646] grafo10381.99            n=99   pw=  9 refutation     346296757  260.829s C
[100/646] grafo10327.97            n=97   pw= 11 budget         686707270   600.06s C
[101/646] grafo10391.94            n=94   pw=  9 refutation     212926993  156.627s C
[102/646] grafo10331.100           n=100  pw=  9 budget         779288576  600.027s C
[103/646] grafo10332.94            n=94   pw= 10 budget         894443520  600.024s C
[104/646] grafo10339.95            n=95   pw= 12 budget         676237312  600.011s C
[105/646] grafo10346.97            n=97   pw= 11 budget         709738562  600.059s C
[106/646] grafo10351.97            n=97   pw= 10 budget         827658313  600.021s C
[107/646] grafo10354.99            n=99   pw= 10 budget         677250573  600.026s C
[108/646] grafo10359.95            n=95   pw= 12 budget         768416672  600.021s C
[109/646] grafo10361.97            n=97   pw= 10 budget         950415360  600.022s C
[110/646] grafo10369.100           n=100  pw= 11 budget         825335808  600.019s C
[111/646] grafo10388.95            n=95   pw= 10 refutation     495979506  432.605s C
[112/646] grafo10377.94            n=94   pw= 10 budget         978417497  600.013s C
[113/646] grafo10380.98            n=98   pw= 11 budget         965863095  600.021s C
[114/646] grafo10409.96            n=96   pw= 10 refutation     404585204  347.224s C
[115/646] grafo10382.94            n=94   pw= 11 budget         762810486  600.023s C
[116/646] grafo10421.99            n=99   pw=  9 refutation     302828315  218.381s C
[117/646] grafo10383.99            n=99   pw= 10 budget         868724263  600.053s C
[118/646] grafo10385.94            n=94   pw= 10 budget         860295255  600.023s C
[119/646] grafo10386.99            n=99   pw=  9 budget         905719808  600.028s C
[120/646] grafo10415.94            n=94   pw= 10 refutation     553506077  373.176s C
[121/646] grafo10393.96            n=96   pw= 10 refutation     614528375  513.183s C
[122/646] grafo10420.97            n=97   pw= 11 refutation     343652742   304.71s C
[123/646] grafo10427.95            n=95   pw=  9 refutation     458539420  341.328s C
[124/646] grafo10434.98            n=98   pw=  9 refutation     267499075  246.954s C
[125/646] grafo10438.97            n=97   pw=  9 refutation     384346392  250.799s C
[126/646] grafo10404.97            n=97   pw= 10 budget         890146087  600.013s C
[127/646] grafo10405.97            n=97   pw= 12 budget         838676480  600.009s C
[128/646] grafo10449.96            n=96   pw=  9 refutation     317454308  212.595s C
[129/646] grafo10411.98            n=98   pw=  9 budget         984977926  600.012s C
[130/646] grafo10413.93            n=93   pw= 10 budget         926852254  600.013s C
[131/646] grafo10414.98            n=98   pw= 10 budget         858939268  600.012s C
[132/646] grafo10416.96            n=96   pw= 11 budget         937922560  600.014s C
[133/646] grafo10418.100           n=100  pw= 12 budget        1082028032   600.01s C
[134/646] grafo10452.94            n=94   pw= 10 refutation     465923946  322.958s C
[135/646] grafo10422.97            n=97   pw= 10 budget         889444074  600.012s C
[136/646] grafo10465.96            n=96   pw=  9 refutation     601737223  343.271s C
[137/646] grafo10429.100           n=100  pw=  9 budget        1049939968  600.014s C
[138/646] grafo10432.99            n=99   pw= 11 budget        1080080523  600.012s C
[139/646] grafo10498.99            n=99   pw=  9 refutation     234201075  114.022s C
[140/646] grafo10433.97            n=97   pw=  9 budget        1104666624  600.012s C
[141/646] grafo10516.94            n=94   pw= 10 refutation     166713739  104.188s C
[142/646] grafo10436.95            n=95   pw= 12 budget         942523335  600.013s C
[143/646] grafo10441.98            n=98   pw= 10 budget        1355448654  600.025s C
[144/646] grafo10489.95            n=95   pw= 10 refutation    1193567600  346.669s C
[145/646] grafo10445.94            n=94   pw= 12 budget         851058688  600.015s C
[146/646] grafo10453.97            n=97   pw= 10 refutation     969524578  531.328s C
[147/646] grafo10446.95            n=95   pw= 13 budget         908335259  600.013s C
[148/646] grafo10451.95            n=95   pw= 10 budget        1246494720  600.013s C
[149/646] grafo10517.93            n=93   pw= 10 refutation     408780172  188.261s C
[150/646] grafo10473.95            n=95   pw=  9 refutation    1172450096  480.685s C
[151/646] grafo10467.100           n=100  pw= 10 budget        1074280761  600.013s C
[152/646] grafo10469.100           n=100  pw= 12 budget        1304240128  600.012s C
[153/646] grafo10470.92            n=92   pw= 11 budget        1447855921  600.012s C
[154/646] grafo10474.94            n=94   pw= 12 budget        1175437312  600.011s C
[155/646] grafo10479.98            n=98   pw= 10 budget        1424928997  600.012s C
[156/646] grafo10484.99            n=99   pw= 12 budget         940556288  600.014s C
[157/646] grafo10488.98            n=98   pw= 12 budget        1456111616  600.008s C
[158/646] grafo10542.100           n=100  pw=  9 refutation     597985231  231.088s C
[159/646] grafo10522.99            n=99   pw= 10 refutation     596901311  347.126s C
[160/646] grafo10502.91            n=91   pw= 11 refutation     830717856  484.657s C
[161/646] grafo10556.100           n=100  pw=  9 refutation     211662096  126.694s C
[162/646] grafo10491.97            n=97   pw= 10 budget        1533272064   600.02s C
[163/646] grafo10541.93            n=93   pw= 10 refutation     612349746  287.809s C
[164/646] grafo10519.98            n=98   pw=  9 refutation     757443248   412.02s C
[165/646] grafo10492.96            n=96   pw= 12 budget         914367129  600.023s C
[166/646] grafo10497.95            n=95   pw=  9 budget        2016743424  600.021s C
[167/646] grafo10506.98            n=98   pw=  9 budget        1359208448  600.023s C
[168/646] grafo10575.99            n=99   pw=  9 refutation     356743386  199.378s C
[169/646] grafo10592.98            n=98   pw=  9 refutation     313545603  163.157s C
[170/646] grafo10527.93            n=93   pw= 11 refutation     953819434    504.0s C
[171/646] grafo10518.94            n=94   pw= 11 budget         993001942  600.009s C
[172/646] grafo10582.94            n=94   pw=  9 refutation     440730170  235.138s C
[173/646] grafo10523.97            n=97   pw= 11 budget        1087045632  600.013s C
[174/646] grafo10557.98            n=98   pw=  9 refutation     657322235  339.786s C
[175/646] grafo10528.98            n=98   pw= 10 budget        1642823680  600.012s C
[176/646] grafo10534.100           n=100  pw= 11 budget        1197707264  600.011s C
[177/646] grafo10536.99            n=99   pw= 10 budget        1087160776  600.011s C
[178/646] grafo10537.95            n=95   pw= 11 budget        1634668544  600.012s C
[179/646] grafo10626.100           n=100  pw= 10 refutation     261636986    98.75s C
[180/646] grafo10548.94            n=94   pw= 11 budget        1301278720  600.008s C
[181/646] grafo10559.98            n=98   pw=  9 refutation     793224752  460.287s C
[182/646] grafo10549.99            n=99   pw= 10 budget        1056383480  600.011s C
[183/646] grafo10552.96            n=96   pw= 12 budget        1400176640  600.011s C
[184/646] grafo10631.98            n=98   pw=  9 refutation     254311431   139.14s C
[185/646] grafo10560.95            n=95   pw= 11 budget        1138348032  600.011s C
[186/646] grafo10572.92            n=92   pw= 11 budget        1406279744  600.009s C
[187/646] grafo10585.93            n=93   pw=  9 refutation    1004086490  550.273s C
[188/646] grafo10630.94            n=94   pw= 10 refutation     581933498  273.073s C
[189/646] grafo10609.100           n=100  pw=  9 refutation     723098972   380.33s C
[190/646] grafo10578.96            n=96   pw= 11 budget        1170882560  600.011s C
[191/646] grafo10580.98            n=98   pw= 10 budget        1210531840  600.024s C
[192/646] grafo10593.98            n=98   pw=  9 refutation    1176483659  558.528s C
[193/646] grafo10586.100           n=100  pw= 10 budget        1085972480  600.008s C
[194/646] grafo10600.93            n=93   pw= 10 refutation    1139651896  523.591s C
[195/646] grafo10596.99            n=99   pw= 11 budget        1024766249  600.011s C
[196/646] grafo10610.95            n=95   pw= 10 refutation     808586533  450.295s C
[197/646] grafo10645.95            n=95   pw=  9 refutation     435334882  252.254s C
[198/646] grafo10649.95            n=95   pw=  9 refutation     245311738  125.885s C
[199/646] grafo10603.100           n=100  pw=  9 refutation    1006810140  529.516s C
[200/646] grafo10624.91            n=91   pw= 11 refutation     870981619  512.104s C
[201/646] grafo10634.96            n=96   pw= 10 refutation     780884679  396.939s C
[202/646] grafo10669.93            n=93   pw=  9 refutation     275054288   95.503s C
[203/646] grafo10605.99            n=99   pw=  9 budget        1388666880  600.012s C
[204/646] grafo10608.93            n=93   pw= 11 budget        1004559205  600.012s C
[205/646] grafo10654.96            n=96   pw=  9 refutation     459702552  189.621s C
[206/646] grafo10637.94            n=94   pw= 11 refutation     804056127  432.805s C
[207/646] grafo10675.95            n=95   pw=  9 refutation     336810713  163.827s C
[208/646] grafo10672.98            n=98   pw=  9 refutation     419012583  193.325s C
[209/646] grafo10632.100           n=100  pw= 12 budget         991223808   600.01s C
[210/646] grafo10633.100           n=100  pw= 10 budget         974263144  600.012s C
[211/646] grafo10650.98            n=98   pw= 10 refutation     723898550  377.434s C
[212/646] grafo10635.95            n=95   pw= 12 budget        1160794112   600.01s C
[213/646] grafo10647.98            n=98   pw= 10 refutation     890021533  446.554s C
[214/646] grafo10638.100           n=100  pw= 11 budget        1171722240  600.013s C
[215/646] grafo10644.100           n=100  pw= 11 budget        1470469181  600.009s C
[216/646] grafo10696.99            n=99   pw= 10 refutation     718206454  256.095s C
[217/646] grafo10705.97            n=97   pw=  9 refutation     519891426  169.411s C
[218/646] grafo10663.99            n=99   pw= 10 refutation    1135109030  424.627s C
[219/646] grafo10646.100           n=100  pw= 13 budget        1178319621  600.022s C
[220/646] grafo10648.98            n=98   pw= 12 budget         921825351  600.012s C
[221/646] grafo10698.95            n=95   pw= 10 refutation     629187540  357.645s C
[222/646] grafo10652.100           n=100  pw= 11 budget        1194369024  600.012s C
[223/646] grafo10653.100           n=100  pw= 10 budget        1029640192  600.013s C
[224/646] grafo10661.95            n=95   pw= 10 budget        1276911616  600.025s C
[225/646] grafo10662.100           n=100  pw=  9 budget        1239863864  600.012s C
[226/646] grafo10670.100           n=100  pw= 10 budget         968139131  600.012s C
[227/646] grafo10759.96            n=96   pw=  8 refutation     251198990  162.381s C
[228/646] grafo10680.95            n=95   pw=  9 budget        1079800143  600.009s C
[229/646] grafo10685.98            n=98   pw= 12 budget        1012883546  600.016s C
[230/646] grafo10742.99            n=99   pw=  9 refutation     294789835  206.841s C
[231/646] grafo10688.95            n=95   pw= 10 budget        1349103616  600.008s C
[232/646] grafo10694.96            n=96   pw= 11 budget         927485952  600.014s C
[233/646] grafo10695.98            n=98   pw= 10 budget        1122860509  600.024s C
[234/646] grafo10700.98            n=98   pw= 10 budget         947352918  600.029s C
[235/646] grafo10761.95            n=95   pw=  9 refutation     346727141  252.356s C
[236/646] grafo10712.98            n=98   pw= 10 budget         946667737  600.021s C
[237/646] grafo10713.92            n=92   pw= 11 budget        1300201472  600.011s C
[238/646] grafo10714.99            n=99   pw= 11 budget        1200676864  600.011s C
[239/646] grafo10720.96            n=96   pw=  9 budget        1061435265   600.03s C
[240/646] grafo10788.98            n=98   pw=  9 refutation     271869721  194.462s C
[241/646] grafo10722.96            n=96   pw= 11 budget         946417664  600.012s C
[242/646] grafo10726.99            n=99   pw= 10 budget         967593984  600.026s C
[243/646] grafo10777.100           n=100  pw=  9 refutation     350224553  286.727s C
[244/646] grafo10727.94            n=94   pw= 11 budget         987721728  600.012s C
[245/646] grafo10735.99            n=99   pw= 10 budget         855699456  600.011s C
[246/646] grafo10737.99            n=99   pw= 12 budget         838443008   600.02s C
[247/646] grafo10778.100           n=100  pw=  9 refutation     409142402  333.672s C
[248/646] grafo10738.96            n=96   pw=  9 budget        1075961856  600.012s C
[249/646] grafo10762.99            n=99   pw=  9 refutation     637175145  440.628s C
[250/646] grafo10741.92            n=92   pw= 10 budget         871010387  600.029s C
[251/646] grafo10750.100           n=100  pw= 10 budget         786526208  600.011s C
[252/646] grafo10758.96            n=96   pw= 11 budget         889708544  600.012s C
[253/646] grafo10760.96            n=96   pw= 12 budget         951693312   600.01s C
[254/646] grafo10772.100           n=100  pw= 12 budget         723047406  600.011s C
[255/646] grafo10780.99            n=99   pw= 12 budget         883421184  600.023s C
[256/646] grafo10781.100           n=100  pw= 11 budget         860827823  600.011s C
[257/646] grafo10789.91            n=91   pw= 11 budget         827645952  600.022s C
[258/646] grafo10831.98            n=98   pw= 10 refutation     443535416  333.281s C
[259/646] grafo10792.98            n=98   pw= 11 budget         809762816   600.01s C
[260/646] grafo10805.98            n=98   pw= 10 budget         805441536  600.026s C
[261/646] grafo10806.97            n=97   pw= 11 budget         874172416  600.011s C
[262/646] grafo10807.95            n=95   pw= 10 budget         780136312  600.012s C
[263/646] grafo10808.98            n=98   pw= 10 budget         747974205  600.011s C
[264/646] grafo10833.98            n=98   pw=  9 refutation     618108173  470.499s C
[265/646] grafo10809.99            n=99   pw=  9 budget         831133905  600.014s C
[266/646] grafo10810.97            n=97   pw= 11 budget         706351173  600.014s C
[267/646] grafo10811.96            n=96   pw= 11 budget         750723072  600.028s C
[268/646] grafo10814.98            n=98   pw= 11 budget         756297728   600.02s C
[269/646] grafo10821.96            n=96   pw=  8 refutation    1062628261  597.189s C
[270/646] grafo10822.97            n=97   pw= 10 budget         783261696  600.012s C
[271/646] grafo10825.98            n=98   pw= 11 budget         768049087  600.024s C
[272/646] grafo10859.97            n=97   pw= 10 refutation     327057596  296.384s C
[273/646] grafo10851.95            n=95   pw=  9 refutation     712534057  487.851s C
[274/646] grafo10856.91            n=91   pw=  9 refutation     735850393  463.538s C
[275/646] grafo10832.94            n=94   pw= 11 budget         801775077  600.012s C
[276/646] grafo10834.93            n=93   pw= 10 refutation     836055879  593.603s C
[277/646] grafo10836.97            n=97   pw= 11 budget         864055296  600.013s C
[278/646] grafo10870.94            n=94   pw= 10 refutation     265964077  186.015s C
[279/646] grafo10849.95            n=95   pw= 11 budget         777322496  600.011s C
[280/646] grafo10904.94            n=94   pw=  9 refutation     210817706  113.774s C
[281/646] grafo10882.95            n=95   pw= 10 refutation     285372900  202.347s C
[282/646] grafo10907.99            n=99   pw=  9 refutation     168574004  111.763s C
[283/646] grafo10878.94            n=94   pw= 11 refutation     423476417  251.379s C
[284/646] grafo10893.92            n=92   pw= 10 refutation     393928096  219.141s C
[285/646] grafo10923.97            n=97   pw=  9 refutation     203705184  139.886s C
[286/646] grafo10857.95            n=95   pw=  9 budget         943587386  600.026s C
[287/646] grafo10860.93            n=93   pw= 12 budget         830775117  600.011s C
[288/646] grafo10861.100           n=100  pw= 10 budget         977006592  600.021s C
[289/646] grafo10862.98            n=98   pw=  9 budget        1046223998   600.01s C
[290/646] grafo10865.100           n=100  pw= 10 budget         759652009  600.013s C
[291/646] grafo10866.98            n=98   pw= 10 budget         896700296  600.012s C
[292/646] grafo10867.95            n=95   pw= 11 budget         871489536  600.027s C
[293/646] grafo10869.96            n=96   pw= 11 budget         929189888  600.011s C
[294/646] grafo10903.93            n=93   pw= 10 refutation     844103019  465.158s C
[295/646] grafo10935.94            n=94   pw= 10 refutation     490813651  312.424s C
[296/646] grafo10873.97            n=97   pw= 10 budget        1019367424  600.008s C
[297/646] grafo10876.98            n=98   pw= 10 budget         970379443  600.012s C
[298/646] grafo10943.95            n=95   pw= 10 refutation     400449160  318.004s C
[299/646] grafo10911.100           n=100  pw=  9 refutation     688735344  452.953s C
[300/646] grafo10883.93            n=93   pw= 11 budget         981753856  600.015s C
[301/646] grafo10885.98            n=98   pw=  9 budget        1135316992  600.007s C
[302/646] grafo10900.93            n=93   pw= 10 budget        1022111744  600.012s C
[303/646] grafo10955.94            n=94   pw=  9 refutation     259477930  199.188s C
[304/646] grafo10905.97            n=97   pw= 10 budget         871298067  600.029s C
[305/646] grafo10959.97            n=97   pw=  9 refutation     237346225  188.679s C
[306/646] grafo10930.100           n=100  pw=  9 refutation     720547545    499.4s C
[307/646] grafo10972.95            n=95   pw= 10 refutation     160908333  143.171s C
[308/646] grafo10963.97            n=97   pw=  9 refutation     221566231  172.545s C
[309/646] grafo10908.98            n=98   pw= 10 budget        1059307520  600.022s C
[310/646] grafo10915.97            n=97   pw= 10 budget        1155751936  600.022s C
[311/646] grafo10976.92            n=92   pw= 10 refutation     261794239  187.216s C
[312/646] grafo10918.98            n=98   pw= 11 budget         813572193  600.025s C
[313/646] grafo10919.97            n=97   pw= 11 budget         821313536  600.011s C
[314/646] grafo10945.98            n=98   pw= 10 refutation     553184797  475.588s C
[315/646] grafo10947.97            n=97   pw=  9 budget         953802752  600.011s C
[316/646] grafo10949.95            n=95   pw= 10 budget         833142844  600.025s C
[317/646] grafo10950.97            n=97   pw= 10 budget         885809724   600.01s C
[318/646] grafo10952.96            n=96   pw= 10 budget        1037756499  600.017s C
[319/646] grafo11002.96            n=96   pw=  9 refutation     540743043  334.353s C
[320/646] grafo10958.98            n=98   pw= 13 budget         855711744  600.022s C
[321/646] grafo11011.100           n=100  pw=  9 refutation     714875337  379.302s C
[322/646] grafo10960.98            n=98   pw= 10 budget         839463045  600.012s C
[323/646] grafo10962.100           n=100  pw= 12 budget         763346481   600.01s C
[324/646] grafo10965.99            n=99   pw=  9 budget         950861824  600.011s C
[325/646] grafo11036.97            n=97   pw=  9 refutation     202118431  160.093s C
[326/646] grafo10978.98            n=98   pw=  9 budget         853356544  600.012s C
[327/646] grafo10984.98            n=98   pw=  9 budget         910274101  600.026s C
[328/646] grafo10992.94            n=94   pw= 11 budget        1147668303  600.011s C
[329/646] grafo11000.99            n=99   pw= 10 budget         888692920  600.011s C
[330/646] grafo11025.94            n=94   pw=  9 refutation     376631153  261.573s C
[331/646] grafo11001.97            n=97   pw= 11 budget         862142464  600.012s C
[332/646] grafo11003.100           n=100  pw= 10 budget        1165948739  600.011s C
[333/646] grafo11006.97            n=97   pw= 10 budget         851812465  600.013s C
[334/646] grafo11008.99            n=99   pw= 11 budget         838465663  600.011s C
[335/646] grafo11010.97            n=97   pw=  9 budget        1148530688  600.024s C
[336/646] grafo11018.99            n=99   pw=  9 refutation     535151820  381.271s C
[337/646] grafo11012.96            n=96   pw= 10 budget         844780749  600.012s C
[338/646] grafo11014.100           n=100  pw= 10 budget         917409997  600.025s C
[339/646] grafo11015.98            n=98   pw= 10 budget         842760192  600.023s C
[340/646] grafo11016.98            n=98   pw= 11 budget         767766528  600.029s C
[341/646] grafo11017.97            n=97   pw=  9 budget         913301580  600.023s C
[342/646] grafo11047.92            n=92   pw= 11 refutation     353121795  263.838s C
[343/646] grafo11043.94            n=94   pw= 10 refutation     473029632  336.324s C
[344/646] grafo11020.100           n=100  pw= 11 budget         846061149  600.024s C
[345/646] grafo11057.96            n=96   pw= 10 refutation     457710430  330.123s C
[346/646] grafo11035.99            n=99   pw= 11 budget         863399936  600.024s C
[347/646] grafo11072.98            n=98   pw= 10 refutation     412396561  329.825s C
[348/646] grafo11042.94            n=94   pw= 10 refutation     809939422  566.506s C
[349/646] grafo11037.99            n=99   pw= 11 budget         765304832  600.013s C
[350/646] grafo11039.96            n=96   pw= 11 budget         852627563   600.02s C
[351/646] grafo11044.95            n=95   pw= 11 budget        1151434752   600.02s C
[352/646] grafo11050.98            n=98   pw= 10 budget         929538048  600.011s C
[353/646] grafo11052.97            n=97   pw= 10 budget         773763072  600.025s C
[354/646] grafo11054.96            n=96   pw=  9 budget         937186206   600.02s C
[355/646] grafo11056.98            n=98   pw= 10 budget        1171398656  600.026s C
[356/646] grafo11094.98            n=98   pw=  9 refutation     584716728  434.238s C
[357/646] grafo11058.98            n=98   pw=  9 budget         961776017  600.024s C
[358/646] grafo11060.99            n=99   pw= 10 budget         744091648  600.024s C
[359/646] grafo11069.93            n=93   pw= 12 budget         827461632  600.018s C
[360/646] grafo11070.94            n=94   pw= 11 budget         912627740   600.03s C
[361/646] grafo11073.100           n=100  pw= 12 budget         934723584  600.012s C
[362/646] grafo11074.96            n=96   pw=  9 budget         922337280  600.023s C
[363/646] grafo11076.97            n=97   pw= 10 budget         890843136  600.031s C
[364/646] grafo11088.97            n=97   pw= 11 budget         776806595  600.021s C
[365/646] grafo11091.97            n=97   pw=  9 budget         867803136  600.011s C
[366/646] grafo11102.98            n=98   pw=  9 refutation     382173420  292.263s C
[367/646] grafo11092.97            n=97   pw= 10 budget         839704576  600.016s C
[368/646] grafo11095.93            n=93   pw= 10 budget         855620042  600.026s C
[369/646] grafo11101.95            n=95   pw= 10 refutation     454231933  379.331s C
[370/646] grafo11142.99            n=99   pw=  9 refutation     198298113   150.85s C
[371/646] grafo11104.95            n=95   pw= 10 refutation     414059992  390.568s C
[372/646] grafo11105.95            n=95   pw= 10 refutation     481578452  398.225s C
[373/646] grafo11096.97            n=97   pw= 10 budget         768643072  600.012s C
[374/646] grafo11151.92            n=92   pw=  9 refutation     224230347  173.074s C
[375/646] grafo11097.96            n=96   pw= 10 budget        1135264066  600.011s C
[376/646] grafo11099.99            n=99   pw= 12 budget         719435487  600.022s C
[377/646] grafo11100.95            n=95   pw= 10 budget         862887936  600.011s C
[378/646] grafo11176.100           n=100  pw=  9 refutation     157122611  118.117s C
[379/646] grafo11162.100           n=100  pw=  9 refutation     326332151  231.905s C
[380/646] grafo11182.99            n=99   pw=  9 refutation     217491398  164.512s C
[381/646] grafo11106.99            n=99   pw=  9 refutation     862999017  596.295s C
[382/646] grafo11109.94            n=94   pw= 10 budget         758420838  600.023s C
[383/646] grafo11111.94            n=94   pw=  9 refutation     755653389  558.816s C
[384/646] grafo11155.99            n=99   pw=  9 refutation     435992686  334.148s C
[385/646] grafo11110.99            n=99   pw= 10 budget         751063040  600.011s C
[386/646] grafo11112.96            n=96   pw= 12 budget         853090304  600.012s C
[387/646] grafo11115.92            n=92   pw= 12 budget         762150769  600.014s C
[388/646] grafo11148.99            n=99   pw= 10 refutation     580081718  498.153s C
[389/646] grafo11119.98            n=98   pw= 10 budget         784171008  600.033s C
[390/646] grafo11125.100           n=100  pw= 10 budget         820330623  600.011s C
[391/646] grafo11154.95            n=95   pw= 10 refutation     572942138  446.494s C
[392/646] grafo11132.95            n=95   pw= 10 budget         942778702  600.024s C
[393/646] grafo11143.98            n=98   pw= 10 budget         822813558  600.023s C
[394/646] grafo11203.100           n=100  pw=  9 refutation     226856688  159.938s C
[395/646] grafo11145.99            n=99   pw= 10 budget         833179648  600.009s C
[396/646] grafo11217.95            n=95   pw=  9 refutation     178832031  139.252s C
[397/646] grafo11149.100           n=100  pw=  9 budget         873116744  600.024s C
[398/646] grafo11150.99            n=99   pw= 10 budget        1083641856  600.011s C
[399/646] grafo11152.98            n=98   pw= 10 budget         913408000  600.011s C
[400/646] grafo11177.98            n=98   pw=  9 refutation     685044149  496.398s C
[401/646] grafo11252.93            n=93   pw= 10 refutation     246411860  200.763s C
[402/646] grafo11267.92            n=92   pw= 10 refutation     253439055   197.07s C
[403/646] grafo11178.95            n=95   pw= 10 budget         782869538  600.024s C
[404/646] grafo11181.95            n=95   pw= 12 budget         865611776  600.023s C
[405/646] grafo11187.98            n=98   pw=  9 budget        1059278650  600.023s C
[406/646] grafo11275.93            n=93   pw= 10 refutation     174768759    130.3s C
[407/646] grafo11195.93            n=93   pw= 10 budget        1018974208  600.013s C
[408/646] grafo11227.100           n=100  pw= 10 refutation     536465471  398.987s C
[409/646] grafo11198.98            n=98   pw= 10 budget         936411136  600.027s C
[410/646] grafo11250.99            n=99   pw= 10 refutation     566666873  426.703s C
[411/646] grafo11269.93            n=93   pw= 10 refutation     461360834  363.918s C
[412/646] grafo11201.99            n=99   pw= 10 budget         880140288  600.011s C
[413/646] grafo11274.93            n=93   pw= 10 refutation     441404219    294.9s C
[414/646] grafo11276.92            n=92   pw= 10 refutation     331276901  213.627s C
[415/646] grafo11287.93            n=93   pw= 10 refutation     229571239  203.212s C
[416/646] grafo11204.99            n=99   pw= 10 refutation     811857270  595.657s C
[417/646] grafo11205.94            n=94   pw= 10 budget         978526208  600.024s C
[418/646] grafo11215.93            n=93   pw= 10 budget         965574656  600.023s C
[419/646] grafo11232.92            n=92   pw= 10 refutation     759502706  545.723s C
[420/646] grafo11301.93            n=93   pw= 10 refutation     257822183  163.665s C
[421/646] grafo11218.99            n=99   pw= 12 budget         779433673  600.023s C
[422/646] grafo11220.92            n=92   pw= 11 budget         899731412   600.01s C
[423/646] grafo11223.99            n=99   pw= 12 budget         810688099  600.012s C
[424/646] grafo11251.93            n=93   pw= 11 budget         896668560  600.026s C
[425/646] grafo11324.100           n=100  pw=  9 refutation     186371271  138.424s C
[426/646] grafo11253.94            n=94   pw=  9 budget        1058938880  600.023s C
[427/646] grafo11299.93            n=93   pw= 10 refutation     367151071  276.036s C
[428/646] grafo11254.99            n=99   pw= 10 budget         995758080  600.009s C
[429/646] grafo11300.91            n=91   pw= 10 refutation     465230182   295.47s C
[430/646] grafo11271.99            n=99   pw= 10 budget         915799135  600.012s C
[431/646] grafo11316.99            n=99   pw=  9 refutation     368132088  247.136s C
[432/646] grafo11302.99            n=99   pw=  8 refutation     486819285  305.366s C
[433/646] grafo11272.99            n=99   pw=  9 refutation     785959032  591.474s C
[434/646] grafo11453.91            n=91   pw= 10 refutation     208732149  126.249s C
[435/646] grafo11305.99            n=99   pw=  9 refutation     687324126  427.716s C
[436/646] grafo11280.99            n=99   pw= 11 budget         834425336  600.013s C
[437/646] grafo11355.92            n=92   pw= 10 refutation     639579449  384.196s C
[438/646] grafo11390.90            n=90   pw= 10 refutation     727749400   337.89s C
[439/646] grafo11313.96            n=96   pw= 11 refutation     729205179  481.846s C
[440/646] grafo11297.93            n=93   pw=  9 budget        1221279744  600.011s C
[441/646] grafo11433.92            n=92   pw= 11 refutation     454811317  306.163s C
[442/646] grafo11507.91            n=91   pw=  9 refutation     192752423   84.427s C
[443/646] grafo11469.96            n=96   pw= 10 refutation     468520614  253.868s C
[444/646] grafo11303.93            n=93   pw= 10 budget         992538624  600.012s C
[445/646] grafo11381.92            n=92   pw= 10 refutation     819025613  474.344s C
[446/646] grafo11568.95            n=95   pw=  8 refutation     268905853  119.835s C
[447/646] grafo11335.100           n=100  pw= 11 budget         850784256  600.013s C
[448/646] grafo11354.92            n=92   pw= 11 budget        1009664000   600.02s C
[449/646] grafo11358.99            n=99   pw=  9 budget        1372383882  600.008s C
[450/646] grafo11369.96            n=96   pw= 10 budget        1540425902  600.014s C
[451/646] grafo11379.92            n=92   pw=  9 budget        1276620800  600.009s C
[452/646] grafo11380.97            n=97   pw= 10 budget        1065197342  600.014s C
[453/646] grafo11420.92            n=92   pw= 10 refutation    1114490307  546.811s C
[454/646] grafo11393.92            n=92   pw= 11 budget        1021788160  600.028s C
[455/646] grafo11408.92            n=92   pw= 11 budget        1333211136  600.023s C
[456/646] grafo3262.92             n=92   pw= 10 refutation     311350709   125.12s C
[457/646] grafo11431.92            n=92   pw= 10 budget        1260199936  600.024s C
[458/646] grafo11439.92            n=92   pw= 10 refutation    1020549763  574.199s C
[459/646] grafo3158.98             n=98   pw=  9 refutation     284119302  182.048s C
[460/646] grafo11457.92            n=92   pw= 11 budget        1236328509   600.01s C
[461/646] grafo11458.100           n=100  pw= 10 budget        1248956416  600.026s C
[462/646] grafo11472.91            n=91   pw= 11 refutation     822194228  459.006s C
[463/646] grafo11635.92            n=92   pw= 10 refutation     555755933  308.666s C
[464/646] grafo11470.91            n=91   pw= 11 refutation    1150778069  532.127s C
[465/646] grafo3756.90             n=90   pw=  9 refutation     268826003   123.32s C
[466/646] grafo3482.98             n=98   pw=  9 refutation     374584936  209.973s C
[467/646] grafo3909.92             n=92   pw=  9 refutation     275841533  125.111s C
[468/646] grafo11471.91            n=91   pw= 10 budget        1315090432  600.011s C
[469/646] grafo3995.97             n=97   pw= 10 refutation     217379761  125.249s C
[470/646] grafo3532.99             n=99   pw= 11 refutation     503464462  316.001s C
[471/646] grafo11502.100           n=100  pw=  8 refutation    1264291316  597.261s C
[472/646] grafo3822.94             n=94   pw=  9 refutation     478410719  254.681s C
[473/646] grafo3699.99             n=99   pw=  9 refutation     528271758  313.816s C
[474/646] grafo11557.95            n=95   pw= 11 budget        1176380127  600.008s C
[475/646] grafo3890.96             n=107  pw=  9 refutation     387849445  206.609s C
[476/646] grafo3808.97             n=97   pw=  9 refutation     601040666  297.299s C
[477/646] grafo4348.83             n=83   pw= 10 refutation     414678210  176.725s C
[478/646] grafo3871.88             n=88   pw= 10 refutation     599532157  279.536s C
[479/646] grafo11569.93            n=93   pw= 11 budget        1244667904   600.02s C
[480/646] grafo11616.91            n=91   pw= 11 budget        1436143616  600.011s C
[481/646] grafo11624.96            n=96   pw= 10 budget        1083449215  600.021s C
[482/646] grafo11647.90            n=90   pw= 11 refutation    1125370753  575.574s C
[483/646] grafo11657.100           n=100  pw=  9 budget        1733230660   600.01s C
[484/646] grafo7223.40             n=110  pw=  8 refutation     224691663  125.853s C
[485/646] grafo3224.98             n=98   pw= 10 budget        1309749428   600.01s C
[486/646] grafo6532.83             n=83   pw= 10 refutation     512882825  218.034s C
[487/646] grafo7529.93             n=93   pw=  9 refutation     276832685  135.888s C
[488/646] grafo6533.83             n=83   pw= 10 refutation     512882825  242.206s C
[489/646] grafo6877.85             n=85   pw= 10 refutation     445238633  212.977s C
[490/646] grafo3898.99             n=99   pw=  9 refutation     645434667  384.066s C
[491/646] grafo3315.96             n=96   pw= 10 budget        1419468800  600.012s C
[492/646] grafo7674.93             n=93   pw=  9 refutation     295343347  159.551s C
[493/646] grafo3680.99             n=99   pw= 11 budget        1075105809  600.023s C
[494/646] grafo7796.93             n=93   pw=  9 refutation     231124341  134.509s C
[495/646] grafo3712.95             n=95   pw= 12 budget         997408768  600.011s C
[496/646] grafo7953.79             n=79   pw= 10 refutation     313233276   134.96s C
[497/646] grafo7911.88             n=88   pw=  9 refutation     428373359  173.531s C
[498/646] grafo4101.91             n=91   pw= 10 refutation    1213342458  536.124s C
[499/646] grafo7948.90             n=90   pw=  9 refutation     393889073  193.485s C
[500/646] grafo3876.94             n=94   pw=  9 budget        1399107584  600.012s C
[501/646] grafo7985.93             n=93   pw=  9 refutation     419998215  176.731s C
[502/646] grafo8008.95             n=95   pw= 10 refutation     317352293  155.025s C
[503/646] grafo7861.87             n=87   pw=  9 refutation     521931616  242.703s C
[504/646] grafo7818.83             n=83   pw= 10 refutation     534087967  266.106s C
[505/646] grafo8000.99             n=99   pw=  9 refutation     455653176  192.932s C
[506/646] grafo8009.87             n=87   pw=  9 refutation     466765781  197.818s C
[507/646] grafo8275.82             n=82   pw= 10 refutation     177479174  103.513s C
[508/646] grafo8186.90             n=90   pw=  9 refutation     326437082  162.732s C
[509/646] grafo6562.98             n=98   pw= 10 budget        1516019712  600.012s C
[510/646] grafo6625.99             n=99   pw=  9 budget        1668577780  600.011s C
[511/646] grafo6817.94             n=94   pw= 10 budget        1478299648  600.011s C
[512/646] grafo7793.98             n=98   pw= 10 refutation     985152916    423.7s C
[513/646] grafo6975.39             n=105  pw=  9 budget        1319739551   600.01s C
[514/646] grafo7221.99             n=99   pw= 10 budget        1207282216   600.01s C
[515/646] grafo7263.99             n=99   pw=  9 budget        1330973744  600.013s C
[516/646] grafo7417.39             n=104  pw=  9 budget        1552003413  600.008s C
[517/646] grafo7447.98             n=98   pw= 10 budget        1405984768   600.01s C
[518/646] grafo7587.95             n=95   pw=  9 refutation    1304823262  554.312s C
[519/646] grafo8148.85             n=85   pw= 10 refutation     463867223  263.106s C
[520/646] grafo8226.90             n=90   pw= 10 refutation     744204262  245.525s C
[521/646] grafo8349.91             n=91   pw= 10 refutation     210423714  109.621s C
[522/646] grafo8330.88             n=88   pw= 10 refutation     239901827  138.335s C
[523/646] grafo7780.90             n=90   pw= 11 budget        1377668001  600.012s C
[524/646] grafo8371.96             n=96   pw=  9 refutation     289838668  152.436s C
[525/646] grafo8248.86             n=86   pw= 10 refutation    1074966327  294.288s C
[526/646] grafo8474.90             n=90   pw= 10 refutation     255637682  119.355s C
[527/646] grafo7797.100            n=100  pw= 12 budget        1272934400  600.008s C
[528/646] grafo8558.90             n=90   pw= 10 refutation     195272045   96.672s C
[529/646] grafo8452.85             n=85   pw= 10 refutation     439173758  207.665s C
[530/646] grafo8537.84             n=84   pw= 10 refutation     324286773  162.384s C
[531/646] grafo8551.85             n=85   pw= 11 refutation     294407525   141.47s C
[532/646] grafo8476.95             n=95   pw= 10 refutation     404615235  248.581s C
[533/646] grafo8036.94             n=94   pw= 10 refutation    1637853596  555.048s C
[534/646] grafo8035.98             n=98   pw=  9 budget        1169833830  600.011s C
[535/646] grafo8564.100            n=100  pw=  9 refutation     348187260  189.281s C
[536/646] grafo8342.97             n=97   pw=  9 refutation     661188790  370.161s C
[537/646] grafo8198.99             n=99   pw= 10 budget        1503419343  600.012s C
[538/646] grafo8223.99             n=99   pw= 11 budget        1017995198  600.012s C
[539/646] grafo8260.86             n=86   pw= 10 budget        1880252416  600.011s C
[540/646] grafo8297.87             n=87   pw= 10 budget        1341980672   600.01s C
[541/646] grafo8491.92             n=92   pw=  9 refutation     786449028  415.788s C
[542/646] grafo8619.84             n=84   pw= 10 refutation     495923148  222.231s C
[543/646] grafo8594.84             n=84   pw= 10 refutation     777101799  254.129s C
[544/646] grafo8310.86             n=86   pw= 12 budget        1109402653  600.011s C
[545/646] grafo8601.87             n=87   pw= 11 refutation     486082975  267.861s C
[546/646] grafo8662.91             n=91   pw= 10 refutation     235340706  119.518s C
[547/646] grafo8348.99             n=99   pw=  9 budget        1457040190  600.012s C
[548/646] grafo8373.100            n=100  pw= 10 budget        1614028800  600.012s C
[549/646] grafo8514.95             n=95   pw=  9 refutation    1058687347  498.342s C
[550/646] grafo8477.89             n=89   pw=  9 budget        2249908224  600.011s C
[551/646] grafo8490.95             n=95   pw= 11 budget        1512361984  600.008s C
[552/646] grafo8674.100            n=100  pw=  9 refutation     299502869  185.338s C
[553/646] grafo8510.100            n=100  pw= 10 budget        1506969144  600.012s C
[554/646] grafo8571.94             n=94   pw= 11 refutation    1064977602  505.456s C
[555/646] grafo8675.93             n=93   pw= 10 refutation     327428199  176.504s C
[556/646] grafo8513.100            n=100  pw=  9 budget        2300712242  600.008s C
[557/646] grafo8647.91             n=91   pw= 11 refutation    1150778069  396.105s C
[558/646] grafo8673.98             n=98   pw= 10 refutation     648602935  274.041s C
[559/646] grafo8764.87             n=87   pw= 10 refutation     179223176   97.053s C
[560/646] grafo8585.91             n=91   pw= 10 refutation    1213342458  536.958s C
[561/646] grafo8582.96             n=96   pw=  9 budget        2932142080  600.021s C
[562/646] grafo8780.96             n=96   pw=  9 refutation     231234041   150.94s C
[563/646] grafo8684.86             n=86   pw= 10 refutation     763299216  360.837s C
[564/646] grafo8747.89             n=89   pw= 10 refutation     424236122  282.935s C
[565/646] grafo8701.90             n=90   pw= 11 refutation     612586124  374.088s C
[566/646] grafo8803.96             n=96   pw=  9 refutation     242981420  180.795s C
[567/646] grafo8645.92             n=92   pw= 10 budget        1202413633  600.013s C
[568/646] grafo8800.93             n=93   pw=  9 refutation     451726644  238.347s C
[569/646] grafo8650.91             n=91   pw= 10 budget        1176055808  600.011s C
[570/646] grafo8651.92             n=92   pw= 10 budget        1097129984  600.024s C
[571/646] grafo8655.95             n=95   pw= 10 budget         963506239  600.012s C
[572/646] grafo8744.90             n=90   pw= 10 refutation     759928055  358.311s C
[573/646] grafo8659.92             n=92   pw= 10 refutation     974193531    561.2s C
[574/646] grafo8811.96             n=96   pw=  9 refutation     397175576  265.267s C
[575/646] grafo8664.89             n=89   pw= 10 budget        1256431616   600.01s C
[576/646] grafo8817.88             n=88   pw= 11 refutation     334624155   272.62s C
[577/646] grafo8837.87             n=87   pw= 10 refutation     263861929  207.281s C
[578/646] grafo8856.97             n=97   pw=  9 refutation     298293913  193.421s C
[579/646] grafo8719.93             n=93   pw= 11 budget         879765730  600.022s C
[580/646] grafo8720.100            n=100  pw=  9 budget         918597798   600.01s C
[581/646] grafo8807.87             n=87   pw= 11 refutation     573917065  442.163s C
[582/646] grafo8753.91             n=91   pw= 11 budget        1005846528  600.011s C
[583/646] grafo8836.88             n=88   pw= 10 refutation     573377716  354.445s C
[584/646] grafo8777.98             n=98   pw= 10 budget        1048711163  600.023s C
[585/646] grafo8790.97             n=97   pw= 10 budget         934125568  600.011s C
[586/646] grafo8791.94             n=94   pw= 10 budget        1081765773  600.023s C
[587/646] grafo8793.100            n=100  pw= 10 budget        1028423680  600.011s C
[588/646] grafo8910.91             n=91   pw=  9 refutation     253963875  167.878s C
[589/646] grafo8812.99             n=99   pw= 13 budget         722956288  600.021s C
[590/646] grafo8821.94             n=94   pw= 11 budget         897560576  600.025s C
[591/646] grafo8823.93             n=93   pw= 11 refutation     691165789  567.491s C
[592/646] grafo8923.90             n=90   pw= 10 refutation     361979355  278.909s C
[593/646] grafo8825.92             n=92   pw=  9 budget        1101414400  600.011s C
[594/646] grafo8826.100            n=100  pw= 11 budget         716227290  600.014s C
[595/646] grafo8857.99             n=99   pw= 10 budget         985137152  600.028s C
[596/646] grafo8864.98             n=98   pw= 11 budget         781418496  600.012s C
[597/646] grafo8865.100            n=100  pw= 10 budget         832054182  600.013s C
[598/646] grafo8893.96             n=96   pw= 10 refutation     738147245  475.613s C
[599/646] grafo8867.97             n=97   pw= 11 budget         938414080  600.025s C
[600/646] grafo8878.93             n=93   pw=  9 budget        1292123861  600.016s C
[601/646] grafo8882.100            n=100  pw= 13 budget         720502784  600.012s C
[602/646] grafo8960.95             n=95   pw=  9 refutation     232768814   159.85s C
[603/646] grafo8892.100            n=100  pw= 10 budget         802951168  600.011s C
[604/646] grafo8953.94             n=94   pw=  9 refutation     513014673  344.963s C
[605/646] grafo8904.92             n=92   pw=  9 budget         932534328  600.012s C
[606/646] grafo8905.100            n=100  pw=  8 budget        1028982321  600.011s C
[607/646] grafo8956.92             n=92   pw=  9 refutation     508685504   311.88s C
[608/646] grafo8927.88             n=88   pw= 10 refutation     924154962  473.275s C
[609/646] grafo8908.96             n=96   pw= 10 budget         908516816  600.024s C
[610/646] grafo8921.98             n=98   pw= 12 budget         714739044  600.025s C
[611/646] grafo9429.86             n=86   pw= 10 refutation     288889268  184.406s C
[612/646] grafo8954.91             n=91   pw= 11 refutation     589475185  444.468s C
[613/646] grafo8942.96             n=96   pw=  9 budget         969629696  600.012s C
[614/646] grafo9542.87             n=87   pw= 11 refutation     334557763  220.218s C
[615/646] grafo8943.98             n=98   pw= 11 budget         756604271  600.012s C
[616/646] grafo8944.97             n=97   pw=  9 budget        1158098944  600.012s C
[617/646] grafo9553.79             n=79   pw= 11 refutation     370531102  212.039s C
[618/646] grafo8945.94             n=94   pw= 10 budget         939361592  600.007s C
[619/646] grafo9576.92             n=92   pw=  9 refutation     295556563  181.737s C
[620/646] grafo9550.85             n=85   pw= 10 refutation     469188842  276.102s C
[621/646] grafo8970.97             n=97   pw=  9 refutation     702494439  469.566s C
[622/646] grafo9596.88             n=88   pw= 10 refutation     360420336  242.184s C
[623/646] grafo8957.90             n=90   pw= 11 refutation     915818015  596.026s C
[624/646] grafo9630.95             n=95   pw=  9 refutation     436294711  302.117s C
[625/646] grafo9565.86             n=86   pw=  8 refutation     769179084   331.32s C
[626/646] grafo9842.89             n=89   pw= 10 refutation     311980150   197.26s C
[627/646] grafo8963.92             n=92   pw= 11 budget         839715125  600.012s C
[628/646] grafo9337.86             n=86   pw= 10 refutation    1022073298  551.601s C
[629/646] grafo8991.99             n=99   pw=  9 budget         936260657  600.013s C
[630/646] grafo8997.96             n=96   pw= 11 budget        1067273281  600.011s C
[631/646] grafo9008.91             n=91   pw= 11 budget         958849024  600.011s C
[632/646] grafo9357.99             n=99   pw= 12 budget         762839821  600.011s C
[633/646] grafo9635.99             n=99   pw=  9 refutation     593322437  389.783s C
[634/646] grafo9362.98             n=98   pw= 11 budget         883986432  600.013s C
[635/646] grafo9611.89             n=89   pw= 11 refutation     829036828  482.104s C
[636/646] grafo9948.91             n=91   pw= 10 refutation     413085300  252.407s C
[637/646] grafo9685.83             n=83   pw= 10 refutation    1031830004  540.031s C
[638/646] grafo9863.91             n=91   pw=  9 refutation    1110424897  489.409s C
[639/646] grafo9894.91             n=91   pw= 10 refutation     919626008  488.659s C
[640/646] grafo9850.95             n=95   pw=  9 refutation    1043158619  519.482s C
[641/646] grafo9699.86             n=86   pw= 11 budget        1098811583  600.009s C
[642/646] grafo9738.100            n=100  pw= 11 budget        1010442899  600.009s C
[643/646] grafo9854.91             n=91   pw= 11 budget        1276605125  600.009s C
[644/646] grafo9864.91             n=91   pw= 11 budget        1354526720  600.008s C
[645/646] grafo9911.91             n=91   pw= 10 budget        1462390784  600.008s C
[646/646] grafo9932.91             n=91   pw= 11 budget        1438797909  600.009s C
done: 646 graphs, 295 proved, 12845s wall -> bench/results/rome_capped_600s.csv
