[500/11534] grafo1049.21             n=21   pw=  2 bound                 21      0.0s C
[1000/11534] grafo1095.11             n=11   pw=  3 bound                  0      0.0s C
[1500/11534] grafo11300.91            n=91   pw= 10 budget           9882196    10.02s C
[2000/11534] grafo1328.54             n=54   pw=  6 refutation         43670    0.064s C
[2500/11534] grafo1790.16             n=16   pw=  2 bound                 14      0.0s C
[3000/11534] grafo2245.17             n=17   pw=  2 bound                  0      0.0s C
[3500/11534] grafo2699.30             n=30   pw=  3 bound                 23    0.001s C
[4000/11534] grafo3127.57             n=57   pw=  8 refutation        128161    0.135s C
[4500/11534] grafo3608.42             n=42   pw=  4 bound                 31    0.001s C
[5000/11534] grafo4060.39             n=39   pw=  5 refutation          1606    0.006s C
[5500/11534] grafo4487.62             n=62   pw=  8 refutation        236022    0.402s C
[6000/11534] grafo4855.77             n=77   pw=  8 refutation       1364065    1.602s C
[6500/11534] grafo5433.34             n=34   pw=  4 refutation           553    0.002s C
[7000/11534] grafo5886.41             n=41   pw=  5 refutation          2976    0.013s C
[7500/11534] grafo6340.37             n=37   pw=  4 refutation           497    0.002s C
[8000/11534] grafo6796.37             n=37   pw=  4 bound                 62    0.001s C
[8500/11534] grafo7251.40             n=40   pw=  3 refutation           235    0.002s C
[9000/11534] grafo7706.40             n=40   pw=  4 bound                 39    0.001s C
[9500/11534] grafo8161.67             n=67   pw=  7 refutation        139829    0.128s C
[10000/11534] grafo8621.73             n=73   pw=  8 refutation        334433    0.245s C
[10500/11534] grafo8945.94             n=94   pw= 10 budget          10069304   10.013s C
[11000/11534] grafo9490.80             n=80   pw=  9 refutation       2018028    2.566s C
[11500/11534] grafo9996.32             n=32   pw=  3 refutation           121    0.001s C
done: 11534 graphs, 10502 proved, 435s wall -> /home/al/dev/pathwidth/bench/results/rome.csv
