[1/50] grid_10                  n=100  pw= 10 refutation        102037    0.231s C
[2/50] grid_11                  n=121  pw= 11 refutation        449997    1.123s C
[3/50] grid_14                  n=196  pw= 14 budget           4382720  600.079s python
[4/50] grid_13                  n=169  pw= 13 budget           5013504  600.223s python
[5/50] grid_35                  n=1225 pw= 35 budget            458752  600.197s python
[6/50] grid_12                  n=144  pw= 12 budget           5902336  600.331s python
[7/50] grid_16                  n=256  pw= 16 budget           3649536   600.37s python
[8/50] grid_20                  n=400  pw= 20 budget           2293760  600.419s python
[9/50] grid_21                  n=441  pw= 21 budget           1884160  600.498s python
[10/50] grid_5                   n=25   pw=  5 refutation           102    0.004s C
[11/50] grid_18                  n=324  pw= 18 budget           2842624  600.554s python
[12/50] grid_17                  n=289  pw= 17 budget           2682880  600.615s python
[13/50] grid_22                  n=484  pw= 22 budget           1777664  600.691s python
[14/50] grid_19                  n=361  pw= 19 budget           2371584  600.716s python
[15/50] grid_15                  n=225  pw= 15 budget           3870720  600.884s python
[16/50] grid_6                   n=36   pw=  6 refutation           396    0.005s C
[17/50] grid_7                   n=49   pw=  7 refutation          1577    0.009s C
[18/50] grid_8                   n=64   pw=  8 refutation          6278    0.031s C
[19/50] grid_9                   n=81   pw=  9 refutation         24281    0.105s C
[20/50] grid_24                  n=576  pw= 24 budget           1409024  601.307s python
[21/50] grid_25                  n=625  pw= 25 budget           1110016  601.333s python
[22/50] grid_26                  n=676  pw= 26 budget           1114112  601.405s python
[23/50] grid_39                  n=1521 pw= 39 budget            360448  601.537s python
[24/50] grid_34                  n=1156 pw= 34 budget            573440  601.664s python
[25/50] grid_33                  n=1089 pw= 33 budget            647168  601.787s python
[26/50] grid_28                  n=784  pw= 28 budget            974848  601.834s python
[27/50] grid_29                  n=841  pw= 29 budget            831488  601.933s python
[28/50] grid_42                  n=1764 pw= 42 budget            274432  601.755s python
[29/50] grid_32                  n=1024 pw= 32 budget            602112  602.273s python
[30/50] grid_30                  n=900  pw= 30 budget            806912  602.389s python
[31/50] grid_23                  n=529  pw= 23 budget           1400832  602.521s python
[32/50] grid_37                  n=1369 pw= 37 budget            475136  602.698s python
[33/50] grid_27                  n=729  pw= 27 budget           1044480  602.866s python
[34/50] grid_31                  n=961  pw= 31 budget            737280  603.331s python
[35/50] grid_41                  n=1681 pw= 41 budget            307200  603.461s python
[36/50] grid_40                  n=1600 pw= 40 budget            319488  604.163s python
[37/50] grid_36                  n=1296 pw= 36 budget            483328   604.52s python
[38/50] grid_38                  n=1444 pw= 38 budget            421888  604.703s python
[39/50] grid_43                  n=1849 pw= 43 budget            225280  606.221s python
[40/50] grid_46                  n=2116 pw= 46 budget            266240  600.621s python
[41/50] grid_44                  n=1936 pw= 44 budget            319488  600.947s python
[42/50] grid_52                  n=2704 pw= 52 budget            122880  600.555s python
[43/50] grid_47                  n=2209 pw= 47 budget            200704  603.263s python
[44/50] grid_48                  n=2304 pw= 48 budget            204800  604.142s python
[45/50] grid_49                  n=2401 pw= 49 budget            180224  606.178s python
[46/50] grid_45                  n=2025 pw= 45 budget            294912  606.716s python
[47/50] grid_50                  n=2500 pw= 50 budget            180224  606.611s python
[48/50] grid_51                  n=2601 pw= 51 budget            155648  606.844s python
[49/50] grid_53                  n=2809 pw= 53 budget            110592  606.789s python
[50/50] grid_54                  n=2916 pw= 54 budget            110592  609.605s python
done: 50 graphs, 7 proved, 1210s wall -> /home/al/dev/pathwidth/bench/results/vsplib-grids.csv
