[1/53] can__144                 n=144  pw=  8 refutation           144    0.017s C
[2/53] bcsstk05                 n=153  pw= 20 bound                  0     0.02s C
[3/53] bcsstk04                 n=132  pw= 34 refutation          5116     0.03s C
[4/53] dwt__162                 n=162  pw= 10 refutation          9033    0.054s C
[5/53] dwt__221                 n=221  pw= 11 refutation         15759    0.113s C
[6/53] dwt__310                 n=310  pw= 11 refutation         15625    0.158s C
[7/53] can__187                 n=187  pw= 12 refutation         53072    0.537s C
[8/53] dwt__492                 n=492  pw=  9 refutation        112621    0.495s C
[9/53] can__161                 n=161  pw= 18 refutation        218994    0.666s C
[10/53] dwt__193                 n=193  pw= 29 refutation        152251    0.813s C
[11/53] dwt__361                 n=361  pw= 14 refutation        176481    0.984s C
[12/53] can__268                 n=268  pw= 22 refutation       1037260    3.568s C
[13/53] ash292                   n=292  pw= 15 refutation       1384345    4.359s C
[14/53] dwt__512                 n=512  pw= 18 refutation       3410131    6.057s C
[15/53] dwt__209                 n=209  pw= 18 refutation       3397843    6.942s C
[16/53] bcsstk19                 n=817  pw= 11 refutation       1234437   12.938s C
[17/53] can__229                 n=229  pw= 20 budget         389660654  600.158s C
[18/53] can__256                 n=256  pw= 24 budget         544378880  600.169s C
[19/53] dwt__245                 n=245  pw= 12 budget         400564224  600.169s C
[20/53] nos1                     n=237  pw=  3 bound                  0    0.012s C
[21/53] bcspwr04                 n=274  pw= 14 budget         254365696  600.323s C
[22/53] 494_bus                  n=494  pw= 10 budget         146362368  600.326s C
[23/53] 685_bus                  n=685  pw= 20 budget         124985852  600.342s C
[24/53] bcsstk07                 n=420  pw= 42 budget         168833024  600.342s C
[25/53] can__445                 n=445  pw= 55 budget         201297920  600.343s C
[26/53] can__292                 n=292  pw= 23 budget         345005186  600.346s C
[27/53] bcspwr05                 n=443  pw= 10 budget         158656177  600.356s C
[28/53] can__634                 n=634  pw= 53 budget         119030745  600.351s C
[29/53] bcsstk06                 n=420  pw= 42 budget         155901952  600.355s C
[30/53] bcsstk20                 n=485  pw= 10 budget         251023360  600.355s C
[31/53] dwt__307                 n=307  pw= 29 budget         277206336  600.355s C
[32/53] 662_bus                  n=662  pw= 16 budget         105164800  600.366s C
[33/53] can__715                 n=715  pw= 42 budget         114991104   600.36s C
[34/53] dwt__346                 n=346  pw= 23 budget         189349888  600.344s C
[35/53] dwt__419                 n=419  pw= 20 budget         176782580  600.311s C
[36/53] dwt__503                 n=503  pw= 30 budget         165689543  600.205s C
[37/53] nos2                     n=957  pw=  3 refutation             6     0.24s C
[38/53] dwt__592                 n=592  pw= 25 budget         172556288  600.065s C
[39/53] dwt__607                 n=607  pw= 35 budget         149917696  600.071s C
[40/53] dwt__758                 n=758  pw= 20 budget         112802964  600.069s C
[41/53] dwt__869                 n=869  pw= 25 budget         120053760  600.065s C
[42/53] dwt__878                 n=878  pw= 23 budget          86274048  600.039s C
[43/53] dwt__918                 n=918  pw= 26 budget         138070514  600.046s C
[44/53] gr_30_30                 n=900  pw= 31 budget          83431424  600.046s C
[45/53] lshp_265                 n=265  pw= 17 budget         372928512  600.032s C
[46/53] plat362                  n=362  pw= 34 refutation       4104924   10.359s C
[47/53] lshp_406                 n=406  pw= 21 budget         176132096  600.027s C
[48/53] lshp_577                 n=577  pw= 25 budget         219308032   600.05s C
[49/53] lshp_778                 n=778  pw= 29 budget         167583744  600.054s C
[50/53] nos5                     n=468  pw= 56 budget         305135616  600.062s C
[51/53] nos3                     n=960  pw= 43 budget         119783424  600.062s C
[52/53] nos7                     n=729  pw= 66 budget         190385343  600.061s C
[53/53] nos6                     n=675  pw= 15 budget         126926848  600.066s C
done: 53 graphs, 19 proved, 1200s wall -> bench/results/vsplib-hb_w.csv
