[1/43] grid_12                  n=144  pw= 12 refutation       2003850    3.384s C
[2/43] grid_13                  n=169  pw= 13 refutation      39551465   47.387s C
[3/43] grid_14                  n=196  pw= 14 budget         625049600  600.122s C
[4/43] grid_15                  n=225  pw= 15 budget         433958912  600.133s C
[5/43] grid_16                  n=256  pw= 16 budget         356356096   600.14s C
[6/43] grid_18                  n=324  pw= 18 budget         221720576  600.304s C
[7/43] grid_19                  n=361  pw= 19 budget         180789248  600.326s C
[8/43] grid_17                  n=289  pw= 17 budget         266149888  600.336s C
[9/43] grid_21                  n=441  pw= 21 budget         123768832  600.343s C
[10/43] grid_20                  n=400  pw= 20 budget         154664960  600.344s C
[11/43] grid_24                  n=576  pw= 24 budget         105095168  600.345s C
[12/43] grid_26                  n=676  pw= 26 budget          97099776  600.355s C
[13/43] grid_27                  n=729  pw= 27 budget         101285888  600.355s C
[14/43] grid_23                  n=529  pw= 23 budget         102502400   600.36s C
[15/43] grid_22                  n=484  pw= 22 budget         112357376  600.362s C
[16/43] grid_25                  n=625  pw= 25 budget         102227968  600.368s C
[17/43] grid_28                  n=784  pw= 28 budget          89235456  600.354s C
[18/43] grid_30                  n=900  pw= 30 budget          79724544  600.353s C
[19/43] grid_29                  n=841  pw= 29 budget          89829376   600.36s C
[20/43] grid_32                  n=1024 pw= 32 budget          71454720  600.338s C
[21/43] grid_31                  n=961  pw= 31 budget          83447808  600.344s C
[22/43] grid_39                  n=1521 pw= 39 budget            446464   600.51s python
[23/43] grid_34                  n=1156 pw= 34 budget            708608  600.819s python
[24/43] grid_37                  n=1369 pw= 37 budget            569344  601.046s python
[25/43] grid_33                  n=1089 pw= 33 budget            798720  601.485s python
[26/43] grid_38                  n=1444 pw= 38 budget            466944  602.215s python
[27/43] grid_36                  n=1296 pw= 36 budget            610304  602.425s python
[28/43] grid_35                  n=1225 pw= 35 budget            704512  603.064s python
[29/43] grid_40                  n=1600 pw= 40 budget            380928  600.314s python
[30/43] grid_41                  n=1681 pw= 41 budget            421888  602.651s python
[31/43] grid_44                  n=1936 pw= 44 budget            503808  601.077s python
[32/43] grid_48                  n=2304 pw= 48 budget            409600  601.126s python
[33/43] grid_42                  n=1764 pw= 42 budget            651264  601.408s python
[34/43] grid_43                  n=1849 pw= 43 budget            593920  601.593s python
[35/43] grid_50                  n=2500 pw= 50 budget            327680  602.013s python
[36/43] grid_52                  n=2704 pw= 52 budget            282624   602.06s python
[37/43] grid_53                  n=2809 pw= 53 budget            245760  603.731s python
[38/43] grid_47                  n=2209 pw= 47 budget            417792  604.066s python
[39/43] grid_49                  n=2401 pw= 49 budget            339968  604.096s python
[40/43] grid_45                  n=2025 pw= 45 budget            528384  604.162s python
[41/43] grid_46                  n=2116 pw= 46 budget            458752  604.605s python
[42/43] grid_51                  n=2601 pw= 51 budget            303104  605.664s python
[43/43] grid_54                  n=2916 pw= 54 budget            225280  605.864s python
done: 43 graphs, 2 proved, 1206s wall -> bench/results/vsplib-grids_w.csv
