[1/73] bcspwr01                 n=39   pw=  4 refutation          1102    0.009s C
[2/73] ash85                    n=85   pw=  8 refutation          1658    0.008s C
[3/73] bcspwr02                 n=49   pw=  3 bound                678    0.009s C
[4/73] bcsstk03                 n=112  pw=  3 bound                  0    0.012s C
[5/73] bcsstk02                 n=66   pw= 65 bound                  0    0.009s C
[6/73] bcsstk01                 n=48   pw= 13 refutation          1596     0.04s C
[7/73] can___24                 n=24   pw=  5 bound                  0    0.001s C
[8/73] can___61                 n=61   pw=  8 refutation            98    0.014s C
[9/73] can___62                 n=62   pw=  4 refutation          1094    0.028s C
[10/73] dwt__198                 n=198  pw=  7 refutation           156    0.027s C
[11/73] bcsstk22                 n=138  pw=  8 refutation         25064    0.215s C
[12/73] can__144                 n=144  pw=  8 refutation           192    0.222s python
[13/73] can___96                 n=96   pw= 13 refutation          7811    0.197s C
[14/73] bcspwr03                 n=118  pw=  6 refutation         58851    0.312s C
[15/73] can___73                 n=73   pw= 10 refutation        802790    1.936s C
[16/73] bcsstk05                 n=153  pw= 20 bound                  0    2.495s python
[17/73] dwt__234                 n=234  pw=  7 refutation       2308407    4.653s C
[18/73] bcsstk04                 n=132  pw= 34 refutation        313842   30.353s python
[19/73] can__187                 n=187  pw= 12 refutation       1544311  248.799s python
[20/73] can__256                 n=256  pw= 25 budget           2232028   600.05s python
[21/73] bcspwr04                 n=274  pw= 14 budget           1572864  600.122s python
[22/73] dwt__162                 n=162  pw= 10 budget           3969024  600.095s python
[23/73] can__229                 n=229  pw= 32 budget           3867600  600.136s python
[24/73] dwt__307                 n=307  pw= 30 budget           2391834  600.017s python
[25/73] dwt__193                 n=193  pw= 29 budget           3089564  600.198s python
[26/73] dwt___59                 n=59   pw=  5 refutation           573    0.004s C
[27/73] dwt___66                 n=66   pw=  2 bound                  0    0.002s C
[28/73] dwt___72                 n=72   pw=  3 refutation           341    0.003s C
[29/73] dwt___87                 n=87   pw=  8 refutation         19341    0.034s C
[30/73] can__268                 n=268  pw= 22 budget           1810432  600.268s python
[31/73] dwt__361                 n=361  pw= 14 budget           1175552   600.02s python
[32/73] can__292                 n=292  pw= 25 budget           2134016  600.396s python
[33/73] ash292                   n=292  pw= 15 budget           2103882  600.861s python
[34/73] can__161                 n=161  pw= 18 budget           3608576  600.828s python
[35/73] dwt__221                 n=221  pw= 11 budget           3105012  600.803s python
[36/73] nos1                     n=237  pw=  3 bound                  0    0.043s python
[37/73] dwt__209                 n=209  pw= 18 budget           3481600  600.851s python
[38/73] nos4                     n=100  pw=  8 refutation          8333    0.048s C
[39/73] 685_bus                  n=685  pw= 24 budget            600520  601.023s python
[40/73] can__445                 n=445  pw= 55 budget           1172591  600.963s python
[41/73] dwt__346                 n=346  pw= 23 budget           1179648  600.906s python
[42/73] dwt__245                 n=245  pw= 12 budget           1789952  601.166s python
[43/73] dwt__310                 n=310  pw= 11 budget           2244608  601.079s python
[44/73] nos2                     n=957  pw=  3 refutation             6     0.49s python
[45/73] can__715                 n=715  pw= 45 budget            785128  601.474s python
[46/73] bcspwr05                 n=443  pw= 13 budget           1257472  601.801s python
[47/73] bcsstk20                 n=485  pw= 10 budget           1044480  602.124s python
[48/73] bcsstk06                 n=420  pw= 42 budget            856064  602.426s python
[49/73] 494_bus                  n=494  pw= 12 budget            864256  602.558s python
[50/73] bcsstk07                 n=420  pw= 42 budget            815104  602.634s python
[51/73] can__634                 n=634  pw= 59 budget            486415  602.982s python
[52/73] dwt__419                 n=419  pw= 35 budget           1388544  601.149s python
[53/73] bcsstk19                 n=817  pw= 11 budget            405504  603.723s python
[54/73] 662_bus                  n=662  pw= 21 budget            569344   604.15s python
[55/73] dwt__492                 n=492  pw=  9 budget           5074944  603.006s python
[56/73] dwt__503                 n=503  pw= 44 budget           1253376  600.921s python
[57/73] dwt__512                 n=512  pw= 18 budget           3121456  601.944s python
[58/73] dwt__592                 n=592  pw= 36 budget           1773568  600.083s python
[59/73] dwt__869                 n=869  pw= 32 budget           1499136  600.151s python
[60/73] lshp_406                 n=406  pw= 21 budget           2457600  600.291s python
[61/73] lshp_265                 n=265  pw= 17 budget           4464640  600.339s python
[62/73] dwt__607                 n=607  pw= 37 budget           1150976    600.9s python
[63/73] lshp_778                 n=778  pw= 29 budget           1003520  600.326s python
[64/73] lshp_577                 n=577  pw= 25 budget           1523712  600.733s python
[65/73] dwt__918                 n=918  pw= 88 budget           1033614  600.955s python
[66/73] plat362                  n=362  pw= 40 budget           2491175  600.065s python
[67/73] nos6                     n=675  pw= 30 budget           1585152  600.272s python
[68/73] dwt__878                 n=878  pw= 23 budget           1273856  601.186s python
[69/73] nos3                     n=960  pw= 43 budget            618496  600.703s python
[70/73] gr_30_30                 n=900  pw= 31 budget            630784   601.46s python
[71/73] nos7                     n=729  pw= 68 budget            884486  601.157s python
[72/73] nos5                     n=468  pw= 56 budget           1449984  601.258s python
[73/73] dwt__758                 n=758  pw= 42 budget            713457  602.214s python
done: 73 graphs, 26 proved, 1202s wall -> /home/al/dev/pathwidth/bench/results/vsplib-hb.csv
