[1/50] TREE_22_3_rot1           n=22   pw=  3 refutation           107    0.001s C
[2/50] TREE_22_3_rot2           n=22   pw=  3 refutation           102    0.001s C
[3/50] TREE_22_3_rot3           n=22   pw=  3 refutation            90    0.001s C
[4/50] TREE_22_3_rot4           n=22   pw=  3 refutation            97    0.001s C
[5/50] TREE_22_3_rot5           n=22   pw=  3 refutation            90    0.015s C
[6/50] TREE_67_4_rot4           n=67   pw=  4 refutation          4306    0.034s C
[7/50] TREE_67_4_rot2           n=67   pw=  4 refutation          4309    0.037s C
[8/50] TREE_67_4_rot3           n=67   pw=  4 refutation          3881    0.034s C
[9/50] TREE_22_3_rot1           n=22   pw=  3 refutation           121    0.016s C
[10/50] TREE_67_4_rot1           n=67   pw=  4 refutation          4355    0.048s C
[11/50] TREE_22_3_rot1           n=22   pw=  3 refutation           132    0.001s C
[12/50] TREE_22_3_rot2           n=22   pw=  3 refutation            90    0.001s C
[13/50] TREE_22_3_rot3           n=22   pw=  3 refutation           117    0.001s C
[14/50] TREE_22_3_rot4           n=22   pw=  3 refutation            90      0.0s C
[15/50] TREE_22_3_rot5           n=22   pw=  3 refutation           102      0.0s C
[16/50] TREE_22_3_rot2           n=22   pw=  3 refutation            90    0.016s C
[17/50] TREE_22_3_rot3           n=22   pw=  3 refutation           111    0.016s C
[18/50] TREE_22_3_rot4           n=22   pw=  3 refutation           101    0.016s C
[19/50] TREE_22_3_rot5           n=22   pw=  3 refutation            90    0.016s C
[20/50] TREE_67_4_rot5           n=67   pw=  4 refutation          3880    0.047s C
[21/50] TREE_67_4_rot6           n=67   pw=  4 refutation          3857    0.042s C
[22/50] TREE_67_4_rot11          n=67   pw=  4 refutation          2959    0.025s C
[23/50] TREE_67_4_rot9           n=67   pw=  4 refutation          3618    0.041s C
[24/50] TREE_67_4_rot8           n=67   pw=  4 refutation          4658    0.055s C
[25/50] TREE_67_4_rot14          n=67   pw=  4 refutation          2914    0.036s C
[26/50] TREE_67_4_rot7           n=67   pw=  4 refutation          3618    0.048s C
[27/50] TREE_67_4_rot13          n=67   pw=  4 refutation          3112    0.054s C
[28/50] TREE_67_4_rot15          n=67   pw=  4 refutation          4128    0.048s C
[29/50] TREE_67_4_rot10          n=67   pw=  4 refutation          4475    0.058s C
[30/50] TREE_67_4_rot12          n=67   pw=  4 refutation          3996    0.045s C
[31/50] TREE_202_5_rot1          n=202  pw=  5 budget           4931584  600.007s python
[32/50] TREE_202_5_rot60         n=202  pw=  5 budget           6479872   600.03s python
[33/50] TREE_202_5_rot56         n=202  pw=  5 budget           7512064   600.08s python
[34/50] TREE_202_5_rot57         n=202  pw=  5 budget           6516736  600.017s python
[35/50] TREE_202_5_rot9          n=202  pw=  5 budget           6541312  600.041s python
[36/50] TREE_202_5_rot8          n=202  pw=  5 budget           6045696  600.051s python
[37/50] TREE_202_5_rot4          n=202  pw=  5 budget           6864896  600.159s python
[38/50] TREE_202_5_rot2          n=202  pw=  5 budget           6799360  600.179s python
[39/50] TREE_202_5_rot59         n=202  pw=  5 budget           6569984  600.182s python
[40/50] TREE_202_5_rot10         n=202  pw=  5 budget           6447104  600.148s python
[41/50] TREE_202_5_rot6          n=202  pw=  5 budget           6426624   600.13s python
[42/50] TREE_202_5_rot7          n=202  pw=  5 budget           6397952  600.141s python
[43/50] TREE_202_5_rot11         n=202  pw=  5 budget           5906432  600.132s python
[44/50] TREE_202_5_rot3          n=202  pw=  5 budget           7278592  600.244s python
[45/50] TREE_202_5_rot58         n=202  pw=  5 budget           7135232  600.243s python
[46/50] TREE_202_5_rot56         n=202  pw=  5 budget           5832704  600.183s python
[47/50] TREE_202_5_rot60         n=202  pw=  5 budget           6938624  600.225s python
[48/50] TREE_202_5_rot57         n=202  pw=  5 budget           7024640  600.269s python
[49/50] TREE_202_5_rot57         n=202  pw=  5 budget           5541888   600.21s python
[50/50] TREE_202_5_rot59         n=202  pw=  5 budget           5820416  600.269s python
done: 50 graphs, 30 proved, 600s wall -> /home/al/dev/pathwidth/bench/results/vsplib-tree.csv
