06:38:55 /home/al/dev/MOSP/pathwidth_solver/bench/run.py coloring --time 600 --procs 8 --rules repaired --resume --out /home/al/dev/MOSP/pathwidth_solver/bench/results/repaired/coloring.csv
[1/58] huck                     n=74   pw= 10 bound               1432    0.004s C
[2/58] david                    n=87   pw= 13 refutation        611759    0.652s C
[3/58] fpsol2.i.1               n=496  pw= 67 refutation       2355944    5.664s C
[4/58] games120                 n=120  pw= 32 refutation     136062891   99.176s C
[5/58] jean                     n=80   pw= 10 refutation        948154    0.625s C
[6/58] anna                     n=138  pw= 14 unproved       984664110  600.037s C
[7/58] fpsol2.i.2               n=451  pw= 43 unproved       401673020  600.088s C
[8/58] fpsol2.i.3               n=425  pw= 43 unproved       398739405  600.097s C
[9/58] homer                    n=561  pw= 36 unproved       220286976  600.098s C
[10/58] inithx.i.1               n=864  pw= 57 unproved       322750964  600.094s C
[11/58] inithx.i.2               n=645  pw= 40 unproved       237651016  600.059s C
[12/58] inithx.i.3               n=621  pw= 40 unproved       235059336  600.062s C
[13/58] le450_15a                n=450  pw=264 unproved       160432128  600.053s C
[14/58] le450_15b                n=450  pw=273 unproved       189138457  600.039s C
[15/58] le450_15c                n=450  pw=354 unproved       160757712  600.083s C
[16/58] le450_15d                n=450  pw=356 unproved       166092800  600.084s C
[17/58] le450_25a                n=450  pw=228 unproved       206258176  600.092s C
[18/58] le450_25b                n=450  pw=233 unproved       197337854   600.09s C
[19/58] miles1000                n=128  pw= 49 bound                  0     0.01s C
[20/58] miles1500                n=128  pw= 77 bound                  0     0.01s C
[21/58] miles250                 n=128  pw= 10 refutation         12797    0.026s C
[22/58] miles500                 n=128  pw= 22 bound                  0    0.014s C
[23/58] mulsol.i.1               n=197  pw= 50 bound                  0    0.012s C
[24/58] miles750                 n=128  pw= 36 refutation          3229    0.028s C
[25/58] mulsol.i.2               n=188  pw= 32 bound              66142    0.168s C
[26/58] mulsol.i.3               n=184  pw= 32 bound              66451    0.185s C
[27/58] mulsol.i.5               n=186  pw= 31 bound              32811    0.108s C
[28/58] myciel2                  n=5    pw=  2 bound                  0      0.0s C
[29/58] myciel3                  n=11   pw=  5 refutation            15    0.001s C
[30/58] myciel4                  n=23   pw= 10 refutation           477    0.002s C
[31/58] mulsol.i.4               n=185  pw= 32 bound              67163    0.172s C
[32/58] le450_25c                n=450  pw=321 unproved       179295230  600.043s C
[33/58] myciel5                  n=47   pw= 20 refutation        685211    0.372s C
[34/58] queen10_10               n=100  pw= 72 refutation       3386647    3.021s C
[35/58] le450_25d                n=450  pw=334 unproved       174718976  600.045s C
[36/58] queen11_11               n=121  pw= 87 refutation      33889623    37.17s C
[37/58] le450_5a                 n=450  pw=245 unproved       187113831  600.051s C
[38/58] queen12_12               n=144  pw=103 refutation     264366375  391.299s C
[39/58] le450_5b                 n=450  pw=261 unproved       214664031  600.052s C
[40/58] le450_5c                 n=450  pw=267 unproved       182927360  600.047s C
[41/58] le450_5d                 n=450  pw=270 unproved       216264704  600.047s C
[42/58] queen5_5                 n=25   pw= 18 refutation           135    0.001s C
[43/58] queen6_6                 n=36   pw= 25 refutation           462    0.002s C
[44/58] queen7_7                 n=49   pw= 35 refutation          5221    0.016s C
[45/58] queen8_8                 n=64   pw= 45 refutation         24172    0.067s C
[46/58] myciel6                  n=95   pw= 38 unproved      1067855941  600.009s C
[47/58] queen9_9                 n=81   pw= 58 refutation        332998     0.39s C
[48/58] myciel7                  n=191  pw= 72 unproved       640610881  600.023s C
[49/58] zeroin.i.1               n=211  pw= 50 bound                240    0.012s C
[50/58] queen8_12                n=96   pw= 65 refutation        562524    0.615s C
[51/58] zeroin.i.2               n=211  pw= 32 bound            6401703    7.406s C
[52/58] zeroin.i.3               n=206  pw= 32 bound            7184851    8.849s C
[53/58] queen13_13               n=169  pw=121 unproved       337267560  600.018s C
[54/58] queen14_14               n=196  pw=140 unproved       328852523  600.022s C
[55/58] queen15_15               n=225  pw=162 unproved       366899392  600.028s C
[56/58] queen16_16               n=256  pw=184 unproved       315126644  600.022s C
[57/58] school1                  n=385  pw=182 unproved       250650624  600.047s C
[58/58] school1_nsh              n=352  pw=156 unproved       305135616  600.048s C
done: 58 graphs, 31 proved, 2401s wall -> /home/al/dev/MOSP/pathwidth_solver/bench/results/repaired/coloring.csv
07:18:56 /home/al/dev/MOSP/pathwidth_solver/bench/run.py vsplib-grids --time 600 --procs 8 --rules repaired --resume --out /home/al/dev/MOSP/pathwidth_solver/bench/results/repaired/vsplib-grids.csv
[1/50] grid_10                  n=100  pw= 10 refutation        102165    0.125s C
[2/50] grid_11                  n=121  pw= 11 refutation        451003    0.577s C
[3/50] grid_12                  n=144  pw= 12 refutation       2012619    2.924s C
[4/50] grid_13                  n=169  pw= 13 refutation      40243841   41.687s C
[5/50] grid_14                  n=196  pw= 14 unproved       768446464  600.037s C
[6/50] grid_15                  n=225  pw= 15 unproved       520273920  600.036s C
[7/50] grid_16                  n=256  pw= 16 unproved       459059200  600.037s C
[8/50] grid_17                  n=289  pw= 17 unproved       298934272  600.063s C
[9/50] grid_18                  n=324  pw= 18 unproved       255836160  600.051s C
[10/50] grid_19                  n=361  pw= 19 unproved       244539392  600.033s C
[11/50] grid_20                  n=400  pw= 20 unproved       190930944  600.043s C
[12/50] grid_21                  n=441  pw= 21 unproved       166629376  600.059s C
[13/50] grid_24                  n=576  pw= 24 unproved       133312512  600.071s C
[14/50] grid_23                  n=529  pw= 23 unproved       126873600  600.084s C
[15/50] grid_22                  n=484  pw= 22 unproved       167845888  600.094s C
[16/50] grid_25                  n=625  pw= 25 unproved       146485248  600.074s C
[17/50] grid_26                  n=676  pw= 26 unproved       133595136  600.053s C
[18/50] grid_27                  n=729  pw= 27 unproved       131194880   600.05s C
[19/50] grid_28                  n=784  pw= 28 unproved       114307072  600.059s C
[20/50] grid_29                  n=841  pw= 29 unproved       107556864  600.045s C
[21/50] grid_30                  n=900  pw= 30 unproved       114774016  600.058s C
[22/50] grid_32                  n=1024 pw= 32 unproved       100519936  600.052s C
[23/50] grid_31                  n=961  pw= 31 unproved        99942400  600.088s C
[24/50] grid_34                  n=1156 pw= 34 unproved          749568  600.626s python
[25/50] grid_33                  n=1089 pw= 33 unproved          966656  601.152s python
[26/50] grid_35                  n=1225 pw= 35 unproved          651264  602.795s python
[27/50] grid_36                  n=1296 pw= 36 unproved          614400  603.395s python
[28/50] grid_37                  n=1369 pw= 37 unproved          679936  601.343s python
[29/50] grid_39                  n=1521 pw= 39 unproved          557056  601.177s python
[30/50] grid_40                  n=1600 pw= 40 unproved          454656  602.041s python
[31/50] grid_41                  n=1681 pw= 41 unproved          516096  603.263s python
[32/50] grid_42                  n=1764 pw= 42 unproved          471040  603.316s python
[33/50] grid_38                  n=1444 pw= 38 unproved          524288  604.493s python
[34/50] grid_5                   n=25   pw=  5 refutation           102    0.001s C
[35/50] grid_43                  n=1849 pw= 43 unproved          438272  601.737s python
[36/50] grid_44                  n=1936 pw= 44 unproved          389120  604.995s python
[37/50] grid_45                  n=2025 pw= 45 unproved          348160  601.872s python
[38/50] grid_46                  n=2116 pw= 46 unproved          270336  600.543s python
[39/50] grid_50                  n=2500 pw= 50 unproved          225280  604.351s python
[40/50] grid_6                   n=36   pw=  6 refutation           396    0.002s C
[41/50] grid_7                   n=49   pw=  7 refutation          1577    0.004s C
[42/50] grid_8                   n=64   pw=  8 refutation          6278    0.012s C
[43/50] grid_9                   n=81   pw=  9 refutation         24287    0.038s C
[44/50] grid_47                  n=2209 pw= 47 unproved          278528  607.352s python
[45/50] grid_48                  n=2304 pw= 48 unproved          278528  606.361s python
[46/50] grid_51                  n=2601 pw= 51 unproved          184320   606.23s python
[47/50] grid_49                  n=2401 pw= 49 unproved          245760  607.593s python
[48/50] grid_52                  n=2704 pw= 52 unproved          184320  602.224s python
[49/50] grid_53                  n=2809 pw= 53 unproved          155648  608.441s python
[50/50] grid_54                  n=2916 pw= 54 unproved          192512   602.11s python
done: 50 graphs, 9 proved, 3604s wall -> /home/al/dev/MOSP/pathwidth_solver/bench/results/repaired/vsplib-grids.csv
08:19:01 /home/al/dev/MOSP/pathwidth_solver/bench/run.py vsplib-hb --time 600 --procs 8 --rules repaired --resume --out /home/al/dev/MOSP/pathwidth_solver/bench/results/repaired/vsplib-hb.csv
[1/73] bcspwr01                 n=39   pw=  4 refutation          1102    0.003s C
[2/73] bcspwr02                 n=49   pw=  3 bound                678    0.003s C
[3/73] ash85                    n=85   pw=  8 refutation          1658    0.008s C
[4/73] bcsstk01                 n=48   pw= 13 refutation          1596    0.007s C
[5/73] bcsstk02                 n=66   pw= 65 bound                  0    0.003s C
[6/73] bcsstk03                 n=112  pw=  3 bound                  0    0.003s C
[7/73] bcsstk04                 n=132  pw= 34 refutation          5161    0.028s C
[8/73] bcspwr03                 n=118  pw=  6 refutation         58851    0.094s C
[9/73] bcsstk05                 n=153  pw= 20 bound                  0    0.015s C
[10/73] ash292                   n=292  pw= 15 refutation       1387620    4.149s C
[11/73] bcsstk19                 n=817  pw= 11 refutation       1234475   12.036s C
[12/73] 494_bus                  n=494  pw= 10 unproved       205041664   600.08s C
[13/73] 662_bus                  n=662  pw= 16 unproved       130654208   600.09s C
[14/73] bcspwr04                 n=274  pw= 14 unproved       335159296  600.079s C
[15/73] 685_bus                  n=685  pw= 20 unproved       158729563  600.095s C
[16/73] bcspwr05                 n=443  pw= 10 unproved       187557553  600.087s C
[17/73] can__144                 n=144  pw=  8 refutation           144    0.006s C
[18/73] bcsstk22                 n=138  pw=  8 refutation         25062    0.047s C
[19/73] bcsstk06                 n=420  pw= 42 unproved       208658432   600.05s C
[20/73] bcsstk07                 n=420  pw= 42 unproved       224739328  600.064s C
[21/73] can__187                 n=187  pw= 12 refutation         53313    0.286s C
[22/73] can__161                 n=161  pw= 18 refutation        219607    0.354s C
[23/73] can__268                 n=268  pw= 22 refutation       1044116    3.287s C
[24/73] can___24                 n=24   pw=  5 bound                  0    0.001s C
[25/73] can___61                 n=61   pw=  8 refutation            98    0.002s C
[26/73] can___62                 n=62   pw=  4 refutation          1094    0.005s C
[27/73] can___73                 n=73   pw= 10 refutation        815431    0.626s C
[28/73] can___96                 n=96   pw= 13 refutation          7811    0.039s C
[29/73] dwt__162                 n=162  pw= 10 refutation          9025    0.045s C
[30/73] dwt__193                 n=193  pw= 29 refutation        152175    0.614s C
[31/73] dwt__198                 n=198  pw=  7 refutation           156    0.008s C
[32/73] dwt__209                 n=209  pw= 18 refutation       3418164    6.505s C
[33/73] dwt__221                 n=221  pw= 11 refutation         15949    0.091s C
[34/73] dwt__234                 n=234  pw=  7 refutation       2308407     2.21s C
[35/73] bcsstk20                 n=485  pw= 10 unproved       331481088  600.045s C
[36/73] can__229                 n=229  pw= 20 unproved       661273258  600.021s C
[37/73] can__256                 n=256  pw= 24 unproved      1013456896  600.018s C
[38/73] can__292                 n=292  pw= 23 unproved       702176997  600.037s C
[39/73] can__445                 n=445  pw= 55 unproved       353767424  600.039s C
[40/73] dwt__310                 n=310  pw= 11 refutation         15634    0.085s C
[41/73] can__634                 n=634  pw= 53 unproved       233601361  600.038s C
[42/73] dwt__492                 n=492  pw=  9 refutation        112588    0.239s C
[43/73] can__715                 n=715  pw= 42 unproved       210509824  600.039s C
[44/73] dwt__361                 n=361  pw= 14 refutation        176735    0.574s C
[45/73] dwt__512                 n=512  pw= 18 refutation       3478506    3.457s C
[46/73] dwt__245                 n=245  pw= 12 unproved       716165120  600.014s C
[47/73] dwt__307                 n=307  pw= 29 unproved       477893952  600.032s C
[48/73] dwt__346                 n=346  pw= 23 unproved       334729216  600.035s C
[49/73] dwt__419                 n=419  pw= 20 unproved       344372692  600.036s C
[50/73] dwt___59                 n=59   pw=  5 refutation           573    0.002s C
[51/73] dwt___66                 n=66   pw=  2 bound                  0    0.001s C
[52/73] dwt___72                 n=72   pw=  3 refutation           341    0.002s C
[53/73] dwt___87                 n=87   pw=  8 refutation         19375    0.025s C
[54/73] dwt__503                 n=503  pw= 30 unproved       301337947  600.036s C
[55/73] dwt__592                 n=592  pw= 25 unproved       295370752  600.047s C
[56/73] dwt__607                 n=607  pw= 35 unproved       263299072  600.051s C
[57/73] dwt__758                 n=758  pw= 20 unproved       272817088  600.039s C
[58/73] dwt__869                 n=869  pw= 25 unproved       201617408  600.044s C
[59/73] nos1                     n=237  pw=  3 bound                  0    0.007s C
[60/73] nos2                     n=957  pw=  3 refutation             6    0.119s C
[61/73] dwt__878                 n=878  pw= 23 unproved       152301568  600.045s C
[62/73] nos4                     n=100  pw=  8 refutation          8333    0.015s C
[63/73] dwt__918                 n=918  pw= 26 unproved       243813383  600.037s C
[64/73] gr_30_30                 n=900  pw= 31 unproved       150208512  600.044s C
[65/73] lshp_265                 n=265  pw= 17 unproved       648749056  600.039s C
[66/73] lshp_406                 n=406  pw= 21 unproved       317513728  600.043s C
[67/73] lshp_577                 n=577  pw= 25 unproved       217583616  600.038s C
[68/73] lshp_778                 n=778  pw= 29 unproved       196997120  600.035s C
[69/73] plat362                  n=362  pw= 34 refutation       4215557    9.957s C
[70/73] nos3                     n=960  pw= 43 unproved       122900480  600.042s C
[71/73] nos5                     n=468  pw= 56 unproved       312070144  600.031s C
[72/73] nos6                     n=675  pw= 15 unproved       140750848  600.031s C
[73/73] nos7                     n=729  pw= 66 unproved       219380927  600.037s C
done: 73 graphs, 39 proved, 3000s wall -> /home/al/dev/MOSP/pathwidth_solver/bench/results/repaired/vsplib-hb.csv
09:09:02 /home/al/dev/MOSP/pathwidth_solver/bench/run.py vsplib-tree --time 600 --procs 8 --rules repaired --resume --out /home/al/dev/MOSP/pathwidth_solver/bench/results/repaired/vsplib-tree.csv
[1/50] TREE_202_5_rot3          n=202  pw=  5 refutation       1897353    1.812s C
[2/50] TREE_202_5_rot56         n=202  pw=  5 refutation       1905098    1.843s C
[3/50] TREE_22_3_rot1           n=22   pw=  3 refutation           107    0.001s C
[4/50] TREE_22_3_rot2           n=22   pw=  3 refutation           102    0.001s C
[5/50] TREE_202_5_rot57         n=202  pw=  5 refutation       1925668    1.864s C
[6/50] TREE_22_3_rot3           n=22   pw=  3 refutation            90    0.001s C
[7/50] TREE_22_3_rot4           n=22   pw=  3 refutation            97    0.001s C
[8/50] TREE_22_3_rot5           n=22   pw=  3 refutation            90    0.001s C
[9/50] TREE_67_4_rot1           n=67   pw=  4 refutation          4355    0.007s C
[10/50] TREE_67_4_rot2           n=67   pw=  4 refutation          4309    0.007s C
[11/50] TREE_67_4_rot3           n=67   pw=  4 refutation          3881    0.006s C
[12/50] TREE_67_4_rot4           n=67   pw=  4 refutation          4306    0.007s C
[13/50] TREE_67_4_rot5           n=67   pw=  4 refutation          3880    0.006s C
[14/50] TREE_202_5_rot2          n=202  pw=  5 refutation       2063798    1.937s C
[15/50] TREE_202_5_rot4          n=202  pw=  5 refutation       2057701     1.94s C
[16/50] TREE_202_5_rot59         n=202  pw=  5 refutation       2056762    1.975s C
[17/50] TREE_202_5_rot1          n=202  pw=  5 refutation       2065965    1.991s C
[18/50] TREE_202_5_rot58         n=202  pw=  5 refutation       2091232    1.987s C
[19/50] TREE_202_5_rot60         n=202  pw=  5 refutation       2055496    1.953s C
[20/50] TREE_202_5_rot56         n=202  pw=  5 refutation       2631248    2.417s C
[21/50] TREE_202_5_rot60         n=202  pw=  5 refutation       2570989    2.353s C
[22/50] TREE_22_3_rot1           n=22   pw=  3 refutation           121    0.001s C
[23/50] TREE_22_3_rot2           n=22   pw=  3 refutation            90      0.0s C
[24/50] TREE_22_3_rot3           n=22   pw=  3 refutation           111    0.001s C
[25/50] TREE_22_3_rot4           n=22   pw=  3 refutation           101    0.001s C
[26/50] TREE_22_3_rot5           n=22   pw=  3 refutation            90      0.0s C
[27/50] TREE_67_4_rot10          n=67   pw=  4 refutation          4475    0.007s C
[28/50] TREE_202_5_rot6          n=202  pw=  5 refutation       2638003    2.418s C
[29/50] TREE_202_5_rot7          n=202  pw=  5 refutation       2650201    2.405s C
[30/50] TREE_67_4_rot6           n=67   pw=  4 refutation          3857    0.006s C
[31/50] TREE_67_4_rot7           n=67   pw=  4 refutation          3618    0.006s C
[32/50] TREE_67_4_rot8           n=67   pw=  4 refutation          4658    0.008s C
[33/50] TREE_67_4_rot9           n=67   pw=  4 refutation          3618    0.007s C
[34/50] TREE_22_3_rot1           n=22   pw=  3 refutation           132    0.001s C
[35/50] TREE_22_3_rot2           n=22   pw=  3 refutation            90      0.0s C
[36/50] TREE_22_3_rot3           n=22   pw=  3 refutation           117    0.001s C
[37/50] TREE_22_3_rot4           n=22   pw=  3 refutation            90    0.001s C
[38/50] TREE_22_3_rot5           n=22   pw=  3 refutation           102    0.001s C
[39/50] TREE_202_5_rot57         n=202  pw=  5 refutation       2692293    2.515s C
[40/50] TREE_67_4_rot11          n=67   pw=  4 refutation          2959    0.005s C
[41/50] TREE_67_4_rot12          n=67   pw=  4 refutation          3996    0.007s C
[42/50] TREE_67_4_rot13          n=67   pw=  4 refutation          3112    0.005s C
[43/50] TREE_67_4_rot14          n=67   pw=  4 refutation          2914    0.005s C
[44/50] TREE_67_4_rot15          n=67   pw=  4 refutation          4128    0.007s C
[45/50] TREE_202_5_rot10         n=202  pw=  5 refutation       2973872    2.697s C
[46/50] TREE_202_5_rot59         n=202  pw=  5 refutation       3007444    2.705s C
[47/50] TREE_202_5_rot8          n=202  pw=  5 refutation       2999539     2.65s C
[48/50] TREE_202_5_rot9          n=202  pw=  5 refutation       2649999    2.344s C
[49/50] TREE_202_5_rot57         n=202  pw=  5 refutation       3320931    2.872s C
[50/50] TREE_202_5_rot11         n=202  pw=  5 refutation       3377504     2.95s C
done: 50 graphs, 50 proved, 7s wall -> /home/al/dev/MOSP/pathwidth_solver/bench/results/repaired/vsplib-tree.csv
09:09:09 /home/al/dev/MOSP/pathwidth_solver/bench/run.py named --time 120 --procs 8 --rules repaired --resume --out /home/al/dev/MOSP/pathwidth_solver/bench/results/repaired/named.csv
[1/150] AhrensSzekeresGeneralizedQuadrangleGraph_3 n=27   pw= 18 refutation           378    0.001s C
[2/150] BarbellGraph_10_5        n=25   pw=  9 bound                  0    0.001s C
[3/150] BidiakisCube             n=12   pw=  4 refutation            12      0.0s C
[4/150] BlanusaFirstSnarkGraph   n=18   pw=  5 refutation            45      0.0s C
[5/150] BlanusaSecondSnarkGraph  n=18   pw=  5 refutation            45      0.0s C
[6/150] BrinkmannGraph           n=21   pw=  8 refutation           216    0.001s C
[7/150] BuckyBall                n=60   pw= 10 refutation        238772    0.152s C
[8/150] BrouwerHaemersGraph      n=81   pw= 56 refutation       2449275    1.626s C
[9/150] ChvatalGraph             n=12   pw=  6 refutation            16      0.0s C
[10/150] CirculantGraph_20_5      n=20   pw=  2 bound                  0      0.0s C
[11/150] CircularLadderGraph_20   n=40   pw=  4 refutation            40    0.001s C
[12/150] ClebschGraph             n=16   pw=  9 refutation           136    0.001s C
[13/150] CompleteBipartiteGraph_25_20 n=45   pw= 20 bound                  0    0.001s C
[14/150] CompleteGraph_15         n=15   pw= 14 bound                  0      0.0s C
[15/150] CoxeterGraph             n=28   pw=  9 refutation         16487    0.022s C
[16/150] CubeGraph_6              n=64   pw= 23 refutation       7495085    3.548s C
[17/150] CycleGraph_100           n=100  pw=  2 bound                  0    0.002s C
[18/150] Balaban10Cage            n=70   pw= 15 unproved       228109132  120.014s C
[19/150] Balaban11Cage            n=112  pw= 24 unproved       221777920  120.014s C
[20/150] BiggsSmithGraph          n=102  pw= 19 unproved       221605888  120.013s C
[21/150] BubbleSortGraph_5        n=120  pw= 23 unproved       251936768  120.011s C
[22/150] DesarguesGraph           n=20   pw=  6 refutation           170    0.001s C
[23/150] DodecahedralGraph        n=20   pw=  6 refutation           290    0.001s C
[24/150] DoubleStarSnark          n=30   pw=  7 refutation          1295    0.003s C
[25/150] DurerGraph               n=12   pw=  4 refutation            18      0.0s C
[26/150] EllinghamHorton78Graph   n=78   pw=  6 refutation           663    0.003s C
[27/150] CameronGraph             n=231  pw=161 unproved        78254080  120.022s C
[28/150] EllinghamHorton54Graph   n=54   pw=  7 refutation          3643    0.008s C
[29/150] ErreraGraph              n=17   pw=  6 refutation            12      0.0s C
[30/150] BalancedTree_3_5         n=364  pw=  5 unproved       106173490  120.045s C
[31/150] FlowerSnark              n=20   pw=  6 refutation           195    0.001s C
[32/150] F26AGraph                n=26   pw=  8 refutation          3884    0.007s C
[33/150] FolkmanGraph             n=20   pw=  7 refutation           153    0.001s C
[34/150] DyckGraph                n=32   pw=  9 refutation         20578    0.032s C
[35/150] FranklinGraph            n=12   pw=  5 refutation            48      0.0s C
[36/150] FriendshipGraph_10       n=21   pw=  2 bound                  0      0.0s C
[37/150] FruchtGraph              n=12   pw=  4 refutation            23      0.0s C
[38/150] FibonacciTree_10         n=143  pw=  3 refutation         13515     0.03s C
[39/150] GeneralizedPetersenGraph_10_4 n=20   pw=  6 refutation           190    0.001s C
[40/150] GoethalsSeidelGraph_2_3  n=16   pw= 12 refutation            16      0.0s C
[41/150] GoldnerHararyGraph       n=11   pw=  4 refutation            13      0.0s C
[42/150] GossetGraph              n=56   pw= 43 refutation         14924    0.034s C
[43/150] Grid2dGraph_5_5          n=25   pw=  5 refutation           104    0.001s C
[44/150] GrotzschGraph            n=11   pw=  5 refutation            15      0.0s C
[45/150] Cell120                  n=600  pw= 67 unproved        54247424  120.037s C
[46/150] HanoiTowerGraph_4_3      n=64   pw= 14 refutation         78772    0.081s C
[47/150] HararyGraph_6_15         n=15   pw=  6 bound                  0      0.0s C
[48/150] HarborthGraph            n=52   pw=  5 refutation           111    0.001s C
[49/150] HallJankoGraph           n=100  pw= 82 refutation       4283297    3.134s C
[50/150] DejterGraph              n=112  pw= 33 unproved       295207522  120.007s C
[51/150] HeawoodGraph             n=14   pw=  6 refutation           119    0.001s C
[52/150] HerschelGraph            n=11   pw=  4 refutation             8      0.0s C
[53/150] HexahedralGraph          n=8    pw=  4 refutation             8      0.0s C
[54/150] GrayGraph                n=54   pw= 13 refutation      19747143    7.346s C
[55/150] HoffmanGraph             n=16   pw=  7 refutation           104    0.001s C
[56/150] HoffmanSingletonGraph    n=50   pw= 27 refutation       5656090    2.562s C
[57/150] HoltGraph                n=27   pw= 10 refutation          2071    0.005s C
[58/150] HortonGrap               n=96   pw=  8 refutation         37394    0.052s C
[59/150] HouseGraph               n=5    pw=  2 bound                  0      0.0s C
[60/150] HouseXGraph              n=5    pw=  3 bound                  0      0.0s C
[61/150] HyperStarGraph_10_2      n=45   pw=  8 bound                  0    0.001s C
[62/150] FoldedCubeGraph_7        n=64   pw= 31 unproved       255201280  120.008s C
[63/150] FosterGraph              n=90   pw= 20 unproved       243179520  120.008s C
[64/150] IcosahedralGraph         n=12   pw=  6 refutation            12      0.0s C
[65/150] JohnsonGraph_8_2         n=28   pw= 18 refutation           100    0.001s C
[66/150] KittellGraph             n=23   pw=  7 refutation            66    0.001s C
[67/150] Grid2dGraph_20_40        n=800  pw= 20 unproved        17985536  120.061s C
[68/150] Klein7RegularGraph       n=24   pw= 13 refutation           542    0.003s C
[69/150] KneserGraph_10_2         n=45   pw= 36 refutation           405    0.002s C
[70/150] HarriesGraph             n=70   pw= 15 unproved       226779191  120.007s C
[71/150] KrackhardtKiteGraph      n=10   pw=  4 refutation             9      0.0s C
[72/150] LadderGraph_20           n=40   pw=  2 bound                  0    0.001s C
[73/150] KneserGraph_8_3          n=56   pw= 32 refutation       2312055    1.165s C
[74/150] LollipopGraph_7_5        n=12   pw=  6 bound                  0      0.0s C
[75/150] HarriesWongGraph         n=70   pw= 15 unproved       229487125  120.008s C
[76/150] MarkstroemGraph          n=24   pw=  5 refutation           128    0.001s C
[77/150] McGeeGraph               n=24   pw=  8 refutation          3812    0.006s C
[78/150] MeredithGraph            n=70   pw=  8 refutation          1963    0.004s C
[79/150] MoebiusKantorGraph       n=16   pw=  6 refutation           136    0.001s C
[80/150] MoserSpindle             n=7    pw=  3 bound                  0      0.0s C
[81/150] NKStarGraph_5_3          n=60   pw= 15 refutation       2340434    1.133s C
[82/150] NKStarGraph_8_2          n=56   pw= 18 refutation          9146    0.015s C
[83/150] HigmanSimsGraph          n=100  pw= 74 unproved       154263003  120.007s C
[84/150] NauruGraph               n=24   pw=  8 refutation          3471    0.006s C
[85/150] NonisotropicOrthogonalPolarGraph_3_5 n=15   pw= 10 refutation            15      0.0s C
[86/150] NonisotropicUnitaryPolarGraph_3_3 n=63   pw= 54 refutation         26103    0.046s C
[87/150] OctahedralGraph          n=6    pw=  4 bound                  0      0.0s C
[88/150] OddGraph_3               n=10   pw=  5 refutation            25      0.0s C
[89/150] OddGraph_4               n=35   pw= 13 refutation         57206    0.055s C
[90/150] Klein3RegularGraph       n=56   pw= 13 refutation      17729105     7.65s C
[91/150] OrthogonalArrayBlockGraph_4_3 n=9    pw=  8 bound                  0      0.0s C
[92/150] OrthogonalPolarGraph_5_2 n=15   pw= 10 refutation           120    0.001s C
[93/150] PaleyGraph_17            n=17   pw= 12 refutation            85      0.0s C
[94/150] PappusGraph              n=18   pw=  7 refutation           873    0.002s C
[95/150] PasechnikGraph_1         n=9    pw=  2 bound                  0      0.0s C
[96/150] PasechnikGraph_2         n=49   pw= 36 refutation         20433    0.036s C
[97/150] PasechnikGraph_3         n=121  pw=102 refutation       1319603    1.126s C
[98/150] PathGraph_100            n=100  pw=  1 bound                  0    0.002s C
[99/150] HyperStarGraph_10_5      n=252  pw= 62 unproved       163713808  120.015s C
[100/150] PetersenGraph            n=10   pw=  5 refutation            25      0.0s C
[101/150] PoussinGraph             n=15   pw=  6 refutation            15      0.0s C
[102/150] PerkelGraph              n=57   pw= 27 refutation     102283953   50.477s C
[103/150] RingedTree_6             n=63   pw=  9 refutation         13257    0.018s C
[104/150] M22Graph                 n=77   pw= 54 refutation      93993472   64.921s C
[105/150] RobertsonGraph           n=19   pw=  8 refutation           185    0.001s C
[106/150] SchlaefliGraph           n=27   pw= 21 refutation           243    0.001s C
[107/150] ShrikhandeGraph          n=16   pw=  9 refutation            64      0.0s C
[108/150] SierpinskiGasketGraph_3  n=15   pw=  4 refutation            21      0.0s C
[109/150] SierpinskiGasketGraph_5  n=123  pw=  6 refutation          2266    0.009s C
[110/150] SimsGewirtzGraph         n=56   pw= 34 refutation       3269291    1.527s C
[111/150] SousselierGraph          n=16   pw=  5 refutation            23    0.001s C
[112/150] SquaredSkewHadamardMatrixGraph_1 n=9    pw=  5 refutation             9      0.0s C
[113/150] SquaredSkewHadamardMatrixGraph_2 n=49   pw= 41 refutation         10437    0.023s C
[114/150] SquaredSkewHadamardMatrixGraph_3 n=121  pw=108 refutation        693283    0.576s C
[115/150] StarGraph_100            n=101  pw=  1 bound                  0    0.003s C
[116/150] SwitchedSquaredSkewHadamardMatrixGraph_1 n=10   pw=  5 refutation            25      0.0s C
[117/150] SwitchedSquaredSkewHadamardMatrixGraph_2 n=50   pw= 39 refutation         11477    0.027s C
[118/150] SwitchedSquaredSkewHadamardMatrixGraph_3 n=122  pw=106 refutation        878838    0.733s C
[119/150] SylvesterGraph           n=36   pw= 16 refutation         70816    0.068s C
[120/150] SymplecticDualPolarGraph_4_3 n=40   pw= 28 refutation         33733    0.037s C
[121/150] JohnsonGraph_10_4        n=210  pw=109 unproved       124568822  120.018s C
[122/150] SymplecticPolarGraph_4_3 n=40   pw= 29 refutation         83240    0.072s C
[123/150] LjubljanaGraph           n=112  pw= 22 unproved       220885334  120.008s C
[124/150] SzekeresSnarkGraph       n=50   pw=  7 refutation          3002    0.006s C
[125/150] T2starGeneralizedQuadrangleGraph_2 n=8    pw=  4 bound                  0      0.0s C
[126/150] T2starGeneralizedQuadrangleGraph_4 n=64   pw= 47 refutation       1179385    0.619s C
[127/150] TaylorTwographDescendantSRG_3 n=27   pw= 18 refutation           386    0.001s C
[128/150] TaylorTwographSRG_3      n=28   pw= 22 refutation           244    0.001s C
[129/150] TetrahedralGraph         n=4    pw=  3 bound                  0      0.0s C
[130/150] ThomsenGraph             n=6    pw=  3 bound                  0      0.0s C
[131/150] TietzeGraph              n=12   pw=  5 refutation            35      0.0s C
[132/150] Toroidal6RegularGrid2dGraph_4_6 n=24   pw=  9 refutation            96    0.001s C
[133/150] NStarGraph_5             n=120  pw= 28 unproved       158871882  120.009s C
[134/150] TruncatedTetrahedralGraph n=12   pw=  4 bound                  0      0.0s C
[135/150] OddGraph_5               n=126  pw= 41 unproved       204389280  120.008s C
[136/150] TutteCoxeterGraph        n=30   pw=  9 refutation         19003    0.023s C
[137/150] TutteGraph               n=46   pw=  6 refutation          1029    0.003s C
[138/150] WagnerGraph              n=8    pw=  4 refutation             8      0.0s C
[139/150] WatkinsSnarkGraph        n=50   pw=  7 refutation          2792    0.005s C
[140/150] WellsGraph               n=32   pw= 15 refutation         31648    0.034s C
[141/150] WheelGraph_100           n=100  pw=  3 bound                  0    0.003s C
[142/150] WienerArayaGraph         n=42   pw=  7 refutation          1616    0.003s C
[143/150] WorldMap                 n=166  pw=  7 refutation        990882    0.946s C
[144/150] RingedTree_10            n=1023 pw= 17 unproved        18632704  120.032s C
[145/150] TruncatedIcosidodecahedralGraph n=120  pw= 12 refutation      75990446   37.628s C
[146/150] RingedTree_8             n=255  pw= 13 unproved       217096192  120.014s C
[147/150] DorogovtsevGoltsevMendesGraph n=     pw=    killed after 300 s               300.535s 
[148/150] SymplecticDualPolarGraph_4_4 n=85   pw= 64 unproved       177016832  120.007s C
[149/150] SymplecticPolarGraph_4_4 n=85   pw= 64 unproved       183394304  120.007s C
[150/150] Tutte12Cage              n=126  pw= 27 unproved       246545300  120.008s C
done: 150 graphs, 125 proved, 485s wall -> /home/al/dev/MOSP/pathwidth_solver/bench/results/repaired/named.csv
09:17:14 /home/al/dev/MOSP/pathwidth_solver/bench/run.py named --time 600 --procs 8 --rules repaired --resume --out /home/al/dev/MOSP/pathwidth_solver/bench/results/repaired/named_w.csv --names /home/al/dev/MOSP/pathwidth_solver/bench/results/named_python_path.txt
[1/11] FibonacciTree_10         n=143  pw=  3 refutation         13515    0.028s C
[2/11] CameronGraph             n=231  pw=161 unproved       389971968  600.039s C
[3/11] HyperStarGraph_10_5      n=252  pw= 62 unproved       838632208  600.042s C
[4/11] JohnsonGraph_10_4        n=210  pw=109 unproved       645297398   600.04s C
[5/11] BalancedTree_3_5         n=364  pw=  5 unproved       537031730  600.067s C
[6/11] Cell120                  n=600  pw= 67 unproved       279552000  600.068s C
[7/11] Grid2dGraph_20_40        n=800  pw= 20 unproved        92860416  600.071s C
[8/11] RingedTree_10            n=1023 pw= 17 unproved        94957568  600.049s C
[9/11] WorldMap                 n=166  pw=  7 refutation        990882    0.901s C
[10/11] DorogovtsevGoltsevMendesGraph n=     pw=    killed after 1020 s              1020.559s 
[11/11] RingedTree_8             n=255  pw= 13 unproved      1869246464  600.015s C
done: 11 graphs, 2 proved, 1200s wall -> /home/al/dev/MOSP/pathwidth_solver/bench/results/repaired/named_w.csv
