racing ['Random-100-100-2-4_0'] 16-way, deadline 600.0 s
  Random-100-100-2-4_0 relabel6: unsat 630201858 nodes 287.4 s (wall 287.5 s)
  Random-100-100-2-4_0 relabel12: unsat 684460617 nodes 317.9 s (wall 317.9 s)
  Random-100-100-2-4_0 relabel7: unsat 1251534295 nodes 503.1 s (wall 503.1 s)
  Random-100-100-2-4_0 relabel5: unknown 1550761984 nodes 600.0 s (wall 600.1 s)
  Random-100-100-2-4_0 relabel3: unknown 1716514816 nodes 600.0 s (wall 600.1 s)
  Random-100-100-2-4_0 relabel0: unknown 1393422336 nodes 600.0 s (wall 600.1 s)
  Random-100-100-2-4_0 relabel1: unknown 1635758080 nodes 600.0 s (wall 600.1 s)
  Random-100-100-2-4_0 relabel11: unknown 1361661952 nodes 600.0 s (wall 600.1 s)
  Random-100-100-2-4_0 relabel2: unknown 1566556160 nodes 600.0 s (wall 600.1 s)
  Random-100-100-2-4_0 identity: unknown 1393872896 nodes 600.0 s (wall 600.1 s)
  Random-100-100-2-4_0 relabel10: unknown 1441640448 nodes 600.0 s (wall 600.1 s)
  Random-100-100-2-4_0 relabel9: unknown 1806925824 nodes 600.0 s (wall 600.1 s)
  Random-100-100-2-4_0 relabel8: unknown 1520947200 nodes 600.0 s (wall 600.1 s)
  Random-100-100-2-4_0 relabel4: unknown 993468416 nodes 600.0 s (wall 600.1 s)
  Random-100-100-2-4_0 relabel13: unknown 1607577600 nodes 600.0 s (wall 600.1 s)
  Random-100-100-2-4_0 relabel14: unknown 1583681536 nodes 600.0 s (wall 600.1 s)
| instance             |   k | identity §14         |   ways | early stop   | winner   |   winner nodes |   wall (s) |   labellings finished |   finished unsat | wall speed-up vs identity   |   core cost (ways × wall) / identity s |   finished max/min nodes |
|:---------------------|----:|:---------------------|-------:|:-------------|:---------|---------------:|-----------:|----------------------:|-----------------:|:----------------------------|---------------------------------------:|-------------------------:|
| Random-100-100-2-4_0 |  14 | 9.31e+07 nodes, 37 s |     16 | False        | relabel6 |      630201858 |        600 |                    16 |                3 | 0.06×                       |                                    260 |                     1.99 |
racing ['Random-100-100-2-1_0', 'Random-100-100-2-3_0', 'Random-100-100-2-5_0'] 16-way, deadline 600.0 s
  Random-100-100-2-1_0 relabel8: unknown 1075933184 nodes 600.0 s (wall 600.1 s)
  Random-100-100-2-1_0 relabel3: unknown 744927232 nodes 600.0 s (wall 600.1 s)
  Random-100-100-2-1_0 identity: unknown 1150128128 nodes 600.1 s (wall 600.1 s)
  Random-100-100-2-1_0 relabel5: unknown 931954688 nodes 600.1 s (wall 600.1 s)
  Random-100-100-2-1_0 relabel13: unknown 886194176 nodes 600.1 s (wall 600.1 s)
  Random-100-100-2-1_0 relabel14: unknown 1135214592 nodes 600.1 s (wall 600.1 s)
  Random-100-100-2-1_0 relabel7: unknown 1061588992 nodes 600.1 s (wall 600.1 s)
  Random-100-100-2-1_0 relabel11: unknown 766005248 nodes 600.1 s (wall 600.1 s)
  Random-100-100-2-1_0 relabel4: unknown 1062006784 nodes 600.1 s (wall 600.1 s)
  Random-100-100-2-1_0 relabel2: unknown 1136881664 nodes 600.1 s (wall 600.1 s)
  Random-100-100-2-1_0 relabel1: unknown 1035628544 nodes 600.1 s (wall 600.1 s)
  Random-100-100-2-1_0 relabel10: unknown 1124687872 nodes 600.1 s (wall 600.1 s)
  Random-100-100-2-1_0 relabel12: unknown 903299072 nodes 600.1 s (wall 600.1 s)
  Random-100-100-2-1_0 relabel6: unknown 717152256 nodes 600.1 s (wall 600.1 s)
  Random-100-100-2-1_0 relabel9: unknown 1149607936 nodes 600.1 s (wall 600.1 s)
  Random-100-100-2-1_0 relabel0: unknown 1016397824 nodes 600.1 s (wall 600.1 s)
  Random-100-100-2-3_0 relabel11: unknown 1225023488 nodes 600.0 s (wall 600.1 s)
  Random-100-100-2-3_0 relabel6: unknown 1083924480 nodes 600.0 s (wall 600.1 s)
  Random-100-100-2-3_0 relabel9: unknown 1169707008 nodes 600.0 s (wall 600.1 s)
  Random-100-100-2-3_0 relabel1: unknown 1079324672 nodes 600.0 s (wall 600.1 s)
  Random-100-100-2-3_0 relabel5: unknown 801673216 nodes 600.0 s (wall 600.1 s)
  Random-100-100-2-3_0 relabel8: unknown 1090834432 nodes 600.1 s (wall 600.1 s)
  Random-100-100-2-3_0 relabel0: unknown 1269121024 nodes 600.1 s (wall 600.1 s)
  Random-100-100-2-3_0 relabel2: unknown 813912064 nodes 600.1 s (wall 600.1 s)
  Random-100-100-2-3_0 relabel10: unknown 1264599040 nodes 600.1 s (wall 600.1 s)
  Random-100-100-2-3_0 relabel3: unknown 1291345920 nodes 600.1 s (wall 600.1 s)
  Random-100-100-2-3_0 identity: unknown 1106657280 nodes 600.1 s (wall 600.1 s)
  Random-100-100-2-3_0 relabel12: unknown 836251648 nodes 600.0 s (wall 600.1 s)
  Random-100-100-2-3_0 relabel4: unknown 861589504 nodes 600.1 s (wall 600.1 s)
  Random-100-100-2-3_0 relabel7: unknown 1179803648 nodes 600.1 s (wall 600.1 s)
  Random-100-100-2-3_0 relabel13: unknown 1305952256 nodes 600.0 s (wall 600.1 s)
  Random-100-100-2-3_0 relabel14: unknown 1167126528 nodes 600.0 s (wall 600.1 s)
  Random-100-100-2-5_0 relabel6: unknown 765435904 nodes 600.1 s (wall 600.1 s)
  Random-100-100-2-5_0 relabel10: unknown 1001709568 nodes 600.1 s (wall 600.1 s)
  Random-100-100-2-5_0 relabel4: unknown 991346688 nodes 600.1 s (wall 600.1 s)
  Random-100-100-2-5_0 relabel1: unknown 1062952960 nodes 600.1 s (wall 600.1 s)
  Random-100-100-2-5_0 relabel12: unknown 735887360 nodes 600.1 s (wall 600.1 s)
  Random-100-100-2-5_0 relabel5: unknown 1017257984 nodes 600.1 s (wall 600.1 s)
  Random-100-100-2-5_0 relabel11: unknown 971657216 nodes 600.1 s (wall 600.1 s)
  Random-100-100-2-5_0 relabel3: unknown 1026904064 nodes 600.1 s (wall 600.1 s)
  Random-100-100-2-5_0 relabel9: unknown 756477952 nodes 600.1 s (wall 600.1 s)
  Random-100-100-2-5_0 relabel2: unknown 1092513792 nodes 600.1 s (wall 600.1 s)
  Random-100-100-2-5_0 identity: unknown 1028419584 nodes 600.1 s (wall 600.1 s)
  Random-100-100-2-5_0 relabel7: unknown 741388288 nodes 600.1 s (wall 600.1 s)
  Random-100-100-2-5_0 relabel8: unknown 789037056 nodes 600.1 s (wall 600.1 s)
  Random-100-100-2-5_0 relabel0: unknown 1095200768 nodes 600.1 s (wall 600.1 s)
  Random-100-100-2-5_0 relabel13: unknown 1042489344 nodes 600.1 s (wall 600.1 s)
  Random-100-100-2-5_0 relabel14: unknown 1060175872 nodes 600.1 s (wall 600.1 s)
| instance             |   k | identity §14               |   ways | early stop   | winner   |   winner nodes |   wall (s) |   labellings finished |   finished unsat | wall speed-up vs identity   | core cost (ways × wall) / identity s   |   finished max/min nodes |
|:---------------------|----:|:---------------------------|-------:|:-------------|:---------|---------------:|-----------:|----------------------:|-----------------:|:----------------------------|:---------------------------------------|-------------------------:|
| Random-100-100-2-4_0 |  14 | 9.31e+07 nodes, 37 s       |     16 | False        | relabel6 |        6.3e+08 |        600 |                    16 |                3 | 0.06×                       | 260.34                                 |                     1.99 |
| Random-100-100-2-1_0 |  23 | ≥ 2.06e+09 nodes, ≥ 1500 s |     16 | True         | none     |      nan       |        600 |                    16 |                0 | —                           | —                                      |                   nan    |
| Random-100-100-2-3_0 |  22 | ≥ 2.64e+09 nodes, ≥ 1500 s |     16 | True         | none     |      nan       |        600 |                    16 |                0 | —                           | —                                      |                   nan    |
| Random-100-100-2-5_0 |  18 | ≥ 2.63e+09 nodes, ≥ 1500 s |     16 | True         | none     |      nan       |        600 |                    16 |                0 | —                           | —                                      |                   nan    |
