UB by heuristics: [24, 25, 25, 25, 26, 26, 26, 26, 26, 26, 27, 27, 27, 27, 27, 27, 27, 28, 28, 28, 28, 28, 28, 29, 30]
[     29s] -> ens_f_n100_m100_d3_i018 descent csearch k=24 (2400 s)
[     29s] -> ens_f_n100_m100_d3_i021 descent csearch k=24 (2400 s)
[     29s] -> ens_f_n100_m100_d3_i003 descent csearch k=26 (2400 s)
[     29s] -> ens_f_n100_m100_d3_i024 descent csearch k=26 (2400 s)
[     29s] -> ens_f_n100_m100_d3_i023 descent csearch k=25 (2400 s)
[     29s] -> ens_f_n100_m100_d3_i000 descent csearch k=25 (2400 s)
[     29s] -> ens_f_n100_m100_d3_i011 descent csearch k=25 (2400 s)
[     29s] -> ens_f_n100_m100_d3_i019 descent csearch k=24 (2400 s)
[     29s] -> ens_f_n100_m100_d3_i016 descent csearch k=25 (2400 s)
[     29s] -> ens_f_n100_m100_d3_i006 descent csearch k=23 (2400 s)
[     29s] -> ens_f_n100_m100_d3_i001 descent csearch k=26 (2400 s)
[     29s] -> ens_f_n100_m100_d3_i008 descent csearch k=27 (2400 s)
[     29s] -> ens_f_n100_m100_d3_i020 descent csearch k=27 (2400 s)
[     29s] -> ens_f_n100_m100_d3_i013 descent csearch k=26 (2400 s)
[     29s] -> ens_f_n100_m100_d3_i015 descent csearch k=26 (2400 s)
[     29s] -> ens_f_n100_m100_d3_i022 descent csearch k=27 (2400 s)
/home/al/dev/MOSP/learning/ridge100.py:372: FutureWarning: The behavior of DataFrame concatenation with empty or all-NA entries is deprecated. In a future version, this will no longer exclude empty or all-NA columns when determining the result dtypes. To retain the old behavior, exclude the relevant entries before the concat operation.
  calls = pd.concat([calls, pd.DataFrame([{c: row.get(c) for c in CALL_COLUMNS}])], ignore_index=True)
[     30s] <- ens_f_n100_m100_d3_i021 descent csearch k=24: sat 14,448 nodes 0 s achieved 24
[     30s] <- ens_f_n100_m100_d3_i003 descent csearch k=26: sat 125,612 nodes 0 s achieved 26
[     30s] <- ens_f_n100_m100_d3_i024 descent csearch k=26: sat 89 nodes 0 s achieved 26
[     30s] <- ens_f_n100_m100_d3_i023 descent csearch k=25: sat 1,079,031 nodes 1 s achieved 25
[     30s] <- ens_f_n100_m100_d3_i000 descent csearch k=25: sat 315 nodes 0 s achieved 25
[     30s] <- ens_f_n100_m100_d3_i011 descent csearch k=25: sat 162 nodes 0 s achieved 25
[     30s] <- ens_f_n100_m100_d3_i019 descent csearch k=24: sat 1,666 nodes 0 s achieved 24
[     30s] <- ens_f_n100_m100_d3_i016 descent csearch k=25: sat 358,102 nodes 0 s achieved 25
[     30s] <- ens_f_n100_m100_d3_i006 descent csearch k=23: sat 468,855 nodes 0 s achieved 23
[     30s] <- ens_f_n100_m100_d3_i001 descent csearch k=26: sat 29,928 nodes 0 s achieved 26
[     30s] <- ens_f_n100_m100_d3_i008 descent csearch k=27: sat 126 nodes 0 s achieved 27
[     30s] <- ens_f_n100_m100_d3_i020 descent csearch k=27: sat 154 nodes 0 s achieved 27
[     30s] <- ens_f_n100_m100_d3_i013 descent csearch k=26: sat 131 nodes 0 s achieved 26
[     30s] <- ens_f_n100_m100_d3_i015 descent csearch k=26: sat 96 nodes 0 s achieved 26
[     30s] <- ens_f_n100_m100_d3_i022 descent csearch k=27: sat 54 nodes 0 s achieved 27
[     30s] -> ens_f_n100_m100_d3_i021 descent csearch k=23 (2400 s)
[     30s] -> ens_f_n100_m100_d3_i003 descent csearch k=25 (2400 s)
[     30s] -> ens_f_n100_m100_d3_i024 descent csearch k=25 (2400 s)
[     30s] -> ens_f_n100_m100_d3_i023 descent csearch k=24 (2400 s)
[     30s] -> ens_f_n100_m100_d3_i000 descent csearch k=24 (2400 s)
[     30s] -> ens_f_n100_m100_d3_i011 descent csearch k=24 (2400 s)
[     30s] -> ens_f_n100_m100_d3_i019 descent csearch k=23 (2400 s)
[     30s] -> ens_f_n100_m100_d3_i016 descent csearch k=24 (2400 s)
[     30s] -> ens_f_n100_m100_d3_i006 descent csearch k=22 (2400 s)
[     30s] -> ens_f_n100_m100_d3_i001 descent csearch k=25 (2400 s)
[     30s] -> ens_f_n100_m100_d3_i008 descent csearch k=26 (2400 s)
[     30s] -> ens_f_n100_m100_d3_i020 descent csearch k=26 (2400 s)
[     30s] -> ens_f_n100_m100_d3_i013 descent csearch k=25 (2400 s)
[     30s] -> ens_f_n100_m100_d3_i015 descent csearch k=25 (2400 s)
[     30s] -> ens_f_n100_m100_d3_i022 descent csearch k=26 (2400 s)
[     31s] <- ens_f_n100_m100_d3_i024 descent csearch k=25: sat 249 nodes 0 s achieved 25
[     31s] <- ens_f_n100_m100_d3_i023 descent csearch k=24: sat 760,982 nodes 0 s achieved 24
[     31s] <- ens_f_n100_m100_d3_i000 descent csearch k=24: sat 288 nodes 0 s achieved 24
[     31s] <- ens_f_n100_m100_d3_i011 descent csearch k=24: sat 282 nodes 0 s achieved 24
[     31s] <- ens_f_n100_m100_d3_i016 descent csearch k=24: sat 617,194 nodes 0 s achieved 24
[     31s] <- ens_f_n100_m100_d3_i001 descent csearch k=25: sat 174,974 nodes 0 s achieved 25
[     32s] <- ens_f_n100_m100_d3_i008 descent csearch k=26: sat 305 nodes 0 s achieved 26
[     32s] <- ens_f_n100_m100_d3_i020 descent csearch k=26: sat 1,320 nodes 0 s achieved 26
[     32s] <- ens_f_n100_m100_d3_i013 descent csearch k=25: sat 362 nodes 0 s achieved 25
[     32s] <- ens_f_n100_m100_d3_i015 descent csearch k=25: sat 94 nodes 0 s achieved 25
[     32s] <- ens_f_n100_m100_d3_i022 descent csearch k=26: sat 56 nodes 0 s achieved 26
[     32s] -> ens_f_n100_m100_d3_i024 descent csearch k=24 (2400 s)
[     32s] -> ens_f_n100_m100_d3_i023 descent csearch k=23 (2400 s)
[     32s] -> ens_f_n100_m100_d3_i000 descent csearch k=23 (2400 s)
[     32s] -> ens_f_n100_m100_d3_i011 descent csearch k=23 (2400 s)
[     32s] -> ens_f_n100_m100_d3_i016 descent csearch k=23 (2400 s)
[     32s] -> ens_f_n100_m100_d3_i001 descent csearch k=24 (2400 s)
[     32s] -> ens_f_n100_m100_d3_i008 descent csearch k=25 (2400 s)
[     32s] -> ens_f_n100_m100_d3_i020 descent csearch k=25 (2400 s)
[     32s] -> ens_f_n100_m100_d3_i013 descent csearch k=24 (2400 s)
[     32s] -> ens_f_n100_m100_d3_i015 descent csearch k=24 (2400 s)
[     32s] -> ens_f_n100_m100_d3_i022 descent csearch k=25 (2400 s)
[     33s] <- ens_f_n100_m100_d3_i021 descent csearch k=23: sat 2,957,042 nodes 2 s achieved 23
[     33s] <- ens_f_n100_m100_d3_i019 descent csearch k=23: sat 1,838,712 nodes 1 s achieved 23
[     33s] <- ens_f_n100_m100_d3_i000 descent csearch k=23: sat 1,220 nodes 0 s achieved 23
[     33s] <- ens_f_n100_m100_d3_i008 descent csearch k=25: sat 776,975 nodes 1 s achieved 25
[     33s] <- ens_f_n100_m100_d3_i013 descent csearch k=24: sat 562 nodes 0 s achieved 24
[     33s] <- ens_f_n100_m100_d3_i015 descent csearch k=24: sat 623 nodes 0 s achieved 24
[     33s] <- ens_f_n100_m100_d3_i022 descent csearch k=25: sat 67 nodes 0 s achieved 25
[     33s] -> ens_f_n100_m100_d3_i021 descent csearch k=22 (2400 s)
[     33s] -> ens_f_n100_m100_d3_i000 descent csearch k=22 (2400 s)
[     33s] -> ens_f_n100_m100_d3_i019 descent csearch k=22 (2400 s)
[     33s] -> ens_f_n100_m100_d3_i008 descent csearch k=24 (2400 s)
[     33s] -> ens_f_n100_m100_d3_i013 descent csearch k=23 (2400 s)
[     33s] -> ens_f_n100_m100_d3_i015 descent csearch k=23 (2400 s)
[     33s] -> ens_f_n100_m100_d3_i022 descent csearch k=24 (2400 s)
[     33s] <- ens_f_n100_m100_d3_i001 descent csearch k=24: sat 1,646,865 nodes 1 s achieved 24
[     33s] -> ens_f_n100_m100_d3_i001 descent csearch k=23 (2400 s)
[     34s] <- ens_f_n100_m100_d3_i024 descent csearch k=24: sat 1,797,890 nodes 1 s achieved 24
[     34s] <- ens_f_n100_m100_d3_i023 descent csearch k=23: sat 2,536,120 nodes 2 s achieved 23
[     34s] <- ens_f_n100_m100_d3_i020 descent csearch k=25: sat 2,361,665 nodes 2 s achieved 25
[     34s] <- ens_f_n100_m100_d3_i013 descent csearch k=23: sat 11,643 nodes 0 s achieved 23
[     34s] <- ens_f_n100_m100_d3_i015 descent csearch k=23: sat 18,061 nodes 0 s achieved 23
[     34s] <- ens_f_n100_m100_d3_i022 descent csearch k=24: sat 389,836 nodes 0 s achieved 24
[     34s] -> ens_f_n100_m100_d3_i024 descent csearch k=23 (2400 s)
[     34s] -> ens_f_n100_m100_d3_i023 descent csearch k=22 (2400 s)
[     34s] -> ens_f_n100_m100_d3_i020 descent csearch k=24 (2400 s)
[     34s] -> ens_f_n100_m100_d3_i013 descent csearch k=22 (2400 s)
[     34s] -> ens_f_n100_m100_d3_i015 descent csearch k=22 (2400 s)
[     34s] -> ens_f_n100_m100_d3_i022 descent csearch k=23 (2400 s)
[     44s] <- ens_f_n100_m100_d3_i003 descent csearch k=25: sat 22,334,625 nodes 13 s achieved 25
[     44s] -> ens_f_n100_m100_d3_i003 descent csearch k=24 (2400 s)
[     52s] <- ens_f_n100_m100_d3_i016 descent csearch k=23: sat 39,298,420 nodes 20 s achieved 23
[     52s] -> ens_f_n100_m100_d3_i016 descent csearch k=22 (2400 s)
[     84s] <- ens_f_n100_m100_d3_i011 descent csearch k=23: sat 104,311,080 nodes 52 s achieved 23
[     84s] -> ens_f_n100_m100_d3_i011 descent csearch k=22 (2400 s)
[    171s] <- ens_f_n100_m100_d3_i003 descent csearch k=24: sat 188,473,954 nodes 127 s achieved 24
[    171s] -> ens_f_n100_m100_d3_i003 descent csearch k=23 (2400 s)
[    180s] <- ens_f_n100_m100_d3_i018 descent csearch k=24: sat 273,787,612 nodes 150 s achieved 24
[    180s] <- ens_f_n100_m100_d3_i016 descent csearch k=22: sat 217,180,220 nodes 127 s achieved 22
[    180s] -> ens_f_n100_m100_d3_i018 descent csearch k=23 (2400 s)
[    180s] -> ens_f_n100_m100_d3_i016 descent csearch k=21 (2400 s)
[    747s] <- ens_f_n100_m100_d3_i001 descent csearch k=23: sat 1,370,914,089 nodes 714 s achieved 23
[    747s] -> ens_f_n100_m100_d3_i001 descent csearch k=22 (2400 s)
[   2431s] <- ens_f_n100_m100_d3_i006 descent csearch k=22: unknown 4,751,712,256 nodes 2400 s
[   2431s] -> ens_f_n100_m100_d3_i010 descent csearch k=27 (2400 s)
[   2432s] <- ens_f_n100_m100_d3_i010 descent csearch k=27: sat 55 nodes 0 s achieved 27
[   2432s] -> ens_f_n100_m100_d3_i010 descent csearch k=26 (2400 s)
[   2433s] <- ens_f_n100_m100_d3_i021 descent csearch k=22: unknown 4,056,891,392 nodes 2400 s
[   2433s] <- ens_f_n100_m100_d3_i000 descent csearch k=22: unknown 4,721,143,808 nodes 2400 s
[   2433s] <- ens_f_n100_m100_d3_i019 descent csearch k=22: unknown 3,970,822,144 nodes 2400 s
[   2433s] <- ens_f_n100_m100_d3_i008 descent csearch k=24: unknown 3,690,110,976 nodes 2400 s
[   2433s] <- ens_f_n100_m100_d3_i010 descent csearch k=26: sat 57 nodes 0 s achieved 26
[   2433s] -> ens_f_n100_m100_d3_i010 descent csearch k=25 (2400 s)
[   2433s] -> ens_f_n100_m100_d3_i017 descent csearch k=26 (2400 s)
[   2433s] -> ens_f_n100_m100_d3_i002 descent csearch k=29 (2400 s)
[   2433s] -> ens_f_n100_m100_d3_i012 descent csearch k=25 (2400 s)
[   2433s] -> ens_f_n100_m100_d3_i004 descent csearch k=28 (2400 s)
[   2434s] <- ens_f_n100_m100_d3_i024 descent csearch k=23: unknown 3,436,871,680 nodes 2400 s
[   2434s] <- ens_f_n100_m100_d3_i023 descent csearch k=22: unknown 3,750,060,032 nodes 2400 s
[   2434s] <- ens_f_n100_m100_d3_i020 descent csearch k=24: unknown 4,449,411,072 nodes 2400 s
[   2434s] <- ens_f_n100_m100_d3_i013 descent csearch k=22: unknown 4,400,816,128 nodes 2400 s
[   2434s] <- ens_f_n100_m100_d3_i015 descent csearch k=22: unknown 4,397,105,152 nodes 2400 s
[   2434s] <- ens_f_n100_m100_d3_i022 descent csearch k=23: unknown 4,415,762,432 nodes 2400 s
[   2434s] <- ens_f_n100_m100_d3_i010 descent csearch k=25: sat 66 nodes 0 s achieved 25
[   2434s] <- ens_f_n100_m100_d3_i017 descent csearch k=26: sat 83 nodes 0 s achieved 26
[   2434s] <- ens_f_n100_m100_d3_i002 descent csearch k=29: sat 501 nodes 0 s achieved 29
[   2434s] <- ens_f_n100_m100_d3_i012 descent csearch k=25: sat 189 nodes 0 s achieved 25
[   2434s] <- ens_f_n100_m100_d3_i004 descent csearch k=28: sat 54 nodes 0 s achieved 28
[   2434s] -> ens_f_n100_m100_d3_i010 descent csearch k=24 (2400 s)
[   2434s] -> ens_f_n100_m100_d3_i017 descent csearch k=25 (2400 s)
[   2434s] -> ens_f_n100_m100_d3_i002 descent csearch k=28 (2400 s)
[   2434s] -> ens_f_n100_m100_d3_i012 descent csearch k=24 (2400 s)
[   2434s] -> ens_f_n100_m100_d3_i004 descent csearch k=27 (2400 s)
[   2434s] -> ens_f_n100_m100_d3_i005 descent csearch k=27 (2400 s)
[   2434s] -> ens_f_n100_m100_d3_i009 descent csearch k=27 (2400 s)
[   2434s] -> ens_f_n100_m100_d3_i007 descent csearch k=26 (2400 s)
[   2434s] -> ens_f_n100_m100_d3_i014 descent csearch k=25 (2400 s)
[   2435s] <- ens_f_n100_m100_d3_i002 descent csearch k=28: sat 80,034 nodes 0 s achieved 28
[   2435s] <- ens_f_n100_m100_d3_i012 descent csearch k=24: sat 557 nodes 0 s achieved 24
[   2435s] <- ens_f_n100_m100_d3_i004 descent csearch k=27: sat 93 nodes 0 s achieved 27
[   2435s] <- ens_f_n100_m100_d3_i005 descent csearch k=27: sat 10,943 nodes 0 s achieved 27
[   2435s] <- ens_f_n100_m100_d3_i009 descent csearch k=27: sat 73 nodes 0 s achieved 27
[   2435s] <- ens_f_n100_m100_d3_i007 descent csearch k=26: sat 1,157 nodes 0 s achieved 26
[   2435s] <- ens_f_n100_m100_d3_i014 descent csearch k=25: sat 14,532 nodes 0 s achieved 25
[   2435s] -> ens_f_n100_m100_d3_i002 descent csearch k=27 (2400 s)
[   2435s] -> ens_f_n100_m100_d3_i012 descent csearch k=23 (2400 s)
[   2435s] -> ens_f_n100_m100_d3_i004 descent csearch k=26 (2400 s)
[   2435s] -> ens_f_n100_m100_d3_i005 descent csearch k=26 (2400 s)
[   2435s] -> ens_f_n100_m100_d3_i009 descent csearch k=26 (2400 s)
[   2435s] -> ens_f_n100_m100_d3_i007 descent csearch k=25 (2400 s)
[   2435s] -> ens_f_n100_m100_d3_i014 descent csearch k=24 (2400 s)
[   2437s] <- ens_f_n100_m100_d3_i002 descent csearch k=27: sat 61,026 nodes 0 s achieved 27
[   2437s] <- ens_f_n100_m100_d3_i012 descent csearch k=23: sat 19,601 nodes 0 s achieved 23
[   2437s] <- ens_f_n100_m100_d3_i004 descent csearch k=26: sat 69 nodes 0 s achieved 26
[   2437s] <- ens_f_n100_m100_d3_i009 descent csearch k=26: sat 900 nodes 0 s achieved 26
[   2437s] <- ens_f_n100_m100_d3_i007 descent csearch k=25: sat 99,239 nodes 0 s achieved 25
[   2437s] -> ens_f_n100_m100_d3_i002 descent csearch k=26 (2400 s)
[   2437s] -> ens_f_n100_m100_d3_i012 descent csearch k=22 (2400 s)
[   2437s] -> ens_f_n100_m100_d3_i004 descent csearch k=25 (2400 s)
[   2437s] -> ens_f_n100_m100_d3_i009 descent csearch k=25 (2400 s)
[   2437s] -> ens_f_n100_m100_d3_i007 descent csearch k=24 (2400 s)
[   2438s] <- ens_f_n100_m100_d3_i002 descent csearch k=26: sat 370,608 nodes 0 s achieved 26
[   2438s] <- ens_f_n100_m100_d3_i004 descent csearch k=25: sat 53 nodes 0 s achieved 25
[   2438s] <- ens_f_n100_m100_d3_i009 descent csearch k=25: sat 12,090 nodes 0 s achieved 25
[   2438s] -> ens_f_n100_m100_d3_i002 descent csearch k=25 (2400 s)
[   2438s] -> ens_f_n100_m100_d3_i004 descent csearch k=24 (2400 s)
[   2438s] -> ens_f_n100_m100_d3_i009 descent csearch k=24 (2400 s)
[   2439s] <- ens_f_n100_m100_d3_i004 descent csearch k=24: sat 55 nodes 0 s achieved 24
[   2439s] <- ens_f_n100_m100_d3_i009 descent csearch k=24: sat 93,686 nodes 0 s achieved 24
[   2439s] -> ens_f_n100_m100_d3_i004 descent csearch k=23 (2400 s)
[   2439s] -> ens_f_n100_m100_d3_i009 descent csearch k=23 (2400 s)
[   2440s] <- ens_f_n100_m100_d3_i004 descent csearch k=23: sat 146 nodes 0 s achieved 23
[   2440s] -> ens_f_n100_m100_d3_i004 descent csearch k=22 (2400 s)
[   2441s] <- ens_f_n100_m100_d3_i017 descent csearch k=25: sat 10,542,032 nodes 6 s achieved 25
[   2441s] <- ens_f_n100_m100_d3_i002 descent csearch k=25: sat 3,980,991 nodes 3 s achieved 25
[   2441s] -> ens_f_n100_m100_d3_i017 descent csearch k=24 (2400 s)
[   2441s] -> ens_f_n100_m100_d3_i002 descent csearch k=24 (2400 s)
[   2482s] <- ens_f_n100_m100_d3_i012 descent csearch k=22: sat 86,927,457 nodes 44 s achieved 22
[   2482s] -> ens_f_n100_m100_d3_i012 descent csearch k=21 (2400 s)
[   2485s] <- ens_f_n100_m100_d3_i011 descent csearch k=22: unknown 3,652,952,064 nodes 2400 s
[   2532s] <- ens_f_n100_m100_d3_i012 descent csearch k=21: sat 64,899,077 nodes 50 s achieved 21
[   2532s] -> ens_f_n100_m100_d3_i012 descent csearch k=20 (2400 s)
[   2540s] <- ens_f_n100_m100_d3_i005 descent csearch k=26: sat 215,470,748 nodes 104 s achieved 26
[   2540s] -> ens_f_n100_m100_d3_i005 descent csearch k=25 (2400 s)
[   2561s] <- ens_f_n100_m100_d3_i007 descent csearch k=24: sat 215,334,956 nodes 123 s achieved 24
[   2561s] -> ens_f_n100_m100_d3_i007 descent csearch k=23 (2400 s)
[   2572s] <- ens_f_n100_m100_d3_i003 descent csearch k=23: unknown 4,358,074,368 nodes 2400 s
[   2581s] <- ens_f_n100_m100_d3_i018 descent csearch k=23: unknown 4,301,586,432 nodes 2400 s
[   2581s] <- ens_f_n100_m100_d3_i016 descent csearch k=21: unknown 4,417,622,016 nodes 2400 s
[   2630s] <- ens_f_n100_m100_d3_i014 descent csearch k=24: sat 300,726,927 nodes 194 s achieved 24
[   2630s] -> ens_f_n100_m100_d3_i014 descent csearch k=23 (2400 s)
[   3148s] <- ens_f_n100_m100_d3_i001 descent csearch k=22: unknown 4,366,536,704 nodes 2400 s
[   3507s] <- ens_f_n100_m100_d3_i002 descent csearch k=24: sat 2,044,760,926 nodes 1066 s achieved 24
[   3507s] -> ens_f_n100_m100_d3_i002 descent csearch k=23 (2400 s)
[   3765s] <- ens_f_n100_m100_d3_i012 descent csearch k=20: unsat 2,134,980,163 nodes 1233 s
[   3765s] -> ens_f_n100_m100_d3_i012 refute default k=20 (2400 s)
[   4835s] <- ens_f_n100_m100_d3_i010 descent csearch k=24: unknown 4,701,290,496 nodes 2400 s
[   4839s] <- ens_f_n100_m100_d3_i009 descent csearch k=23: unknown 4,422,238,208 nodes 2400 s
[   4840s] <- ens_f_n100_m100_d3_i004 descent csearch k=22: unknown 3,867,799,552 nodes 2400 s
[   4841s] <- ens_f_n100_m100_d3_i017 descent csearch k=24: unknown 4,363,427,840 nodes 2400 s
[   4940s] <- ens_f_n100_m100_d3_i005 descent csearch k=25: unknown 3,798,593,536 nodes 2400 s
[   4961s] <- ens_f_n100_m100_d3_i007 descent csearch k=23: unknown 4,136,599,552 nodes 2400 s
[   5030s] <- ens_f_n100_m100_d3_i014 descent csearch k=23: unknown 3,697,704,960 nodes 2400 s
[   5190s] <- ens_f_n100_m100_d3_i012 refute default k=20: unsat 2,944,189,239 nodes 1424 s
[   5907s] <- ens_f_n100_m100_d3_i002 descent csearch k=23: unknown 4,423,303,168 nodes 2400 s
