280 refutations to run (0 already recorded), 16 workers, deadline 1500 s per call
    Random-125-125-8-1_0  default   unsat      1,058,405       0.9s
    Random-125-125-8-1_0  csearch   unsat      1,058,405       0.9s
    Random-125-125-8-4_0  default   unsat      1,331,897       1.1s
    Random-125-125-8-4_0  csearch   unsat      1,331,897       1.1s
    Random-125-125-8-2_0  default   unsat      2,817,916       2.3s
    Random-125-125-8-2_0  csearch   unsat      2,817,916       2.4s
   Random-125-125-10-1_0  default   unsat         71,324       0.1s
   Random-125-125-10-1_0  csearch   unsat         71,324       0.1s
   Random-125-125-10-2_0  default   unsat        164,085       0.2s
   Random-125-125-10-2_0  csearch   unsat        164,085       0.2s
   Random-125-125-10-3_0  default   unsat         86,581       0.1s
   Random-125-125-10-3_0  csearch   unsat         86,581       0.1s
   Random-125-125-10-4_0  default   unsat         65,635       0.1s
   Random-125-125-10-4_0  csearch   unsat         65,635       0.1s
   Random-125-125-10-5_0  default   unsat        241,173       0.2s
   Random-125-125-10-5_0  csearch   unsat        241,173       0.2s
    Random-125-125-8-3_0  csearch   unsat      6,153,668       4.7s
    Random-125-125-8-3_0  default   unsat      6,153,668       4.9s
    Random-125-125-8-5_0  csearch   unsat     17,120,616      13.8s
    Random-125-125-8-5_0  default   unsat     17,120,616      13.9s
    Random-125-125-6-1_0  csearch   unsat     61,858,208      46.9s
    Random-125-125-6-1_0  default   unsat     61,858,208      47.0s
    Random-100-100-2-4_0  csearch   unsat     93,127,027      36.9s
    Random-100-100-2-2_0  csearch   unsat    187,981,495     116.8s
    Random-125-125-6-3_0  default   unsat    274,655,344     247.3s
    Random-125-125-6-3_0  csearch   unsat    274,655,344     298.5s
    Random-125-125-6-4_0  default   unsat    400,038,970     346.4s
    Random-125-125-6-4_0  csearch   unsat    400,038,970     361.2s
    Random-100-100-4-1_0  default   unsat    247,628,240     144.6s
    Random-100-100-4-1_0  csearch   unsat    138,879,429     115.1s
    Random-125-125-6-2_0  default   unsat    626,788,431     422.6s
    Random-100-100-4-2_0  default   unsat    202,423,219     126.1s
    Random-100-100-4-2_0  csearch   unsat    146,958,192     146.7s
    Random-125-125-6-2_0  csearch   unsat    626,788,431     520.6s
    Random-100-100-2-2_0  default   unsat  1,202,917,045     566.9s
    Random-100-100-6-1_0  default   unsat      3,116,401       2.1s
    Random-100-100-6-1_0  csearch   unsat      3,116,401       2.1s
    Random-100-100-6-2_0  default   unsat      3,086,250       2.1s
    Random-100-100-6-2_0  csearch   unsat      3,086,250       2.1s
    Random-100-100-6-3_0  default   unsat      5,301,779       3.6s
    Random-100-100-6-3_0  csearch   unsat      5,301,779       3.6s
    Random-100-100-6-4_0  default   unsat      4,164,624       2.8s
    Random-100-100-6-4_0  csearch   unsat      4,164,624       2.8s
    Random-100-100-6-5_0  default   unsat      3,547,169       2.4s
    Random-100-100-6-5_0  csearch   unsat      3,547,169       2.4s
    Random-100-100-8-1_0  default   unsat         44,237       0.1s
    Random-100-100-8-1_0  csearch   unsat         44,237       0.1s
    Random-100-100-8-2_0  default   unsat         93,656       0.1s
    Random-100-100-8-2_0  csearch   unsat         93,656       0.1s
    Random-100-100-8-3_0  default   unsat        262,474       0.2s
    Random-100-100-8-3_0  csearch   unsat        262,474       0.2s
    Random-100-100-8-4_0  default   unsat        150,242       0.1s
    Random-100-100-8-4_0  csearch   unsat        150,242       0.1s
    Random-100-100-8-5_0  default   unsat        165,587       0.1s
    Random-100-100-8-5_0  csearch   unsat        165,587       0.1s
   Random-100-100-10-1_0  default   unsat          7,013       0.0s
   Random-100-100-10-1_0  csearch   unsat          7,013       0.0s
   Random-100-100-10-2_0  default   unsat          7,452       0.0s
   Random-100-100-10-2_0  csearch   unsat          7,452       0.0s
   Random-100-100-10-3_0  default   unsat         22,881       0.0s
   Random-100-100-10-3_0  csearch   unsat         22,881       0.0s
   Random-100-100-10-4_0  default   unsat          9,726       0.0s
   Random-100-100-10-4_0  csearch   unsat          9,726       0.0s
   Random-100-100-10-5_0  default   unsat          6,979       0.0s
   Random-100-100-10-5_0  csearch   unsat          6,979       0.0s
     Random-100-50-2-1_0  default   unsat      4,465,669       2.0s
     Random-100-50-2-1_0  csearch   unsat      1,591,173       0.8s
     Random-100-50-2-2_0  default   unsat        472,467       0.3s
     Random-100-50-2-2_0  csearch   unsat        127,812       0.1s
     Random-100-50-2-3_0  default   unsat        644,524       0.4s
     Random-100-50-2-3_0  csearch   unsat        338,179       0.2s
     Random-100-50-2-4_0  default   unsat         41,369       0.0s
     Random-100-50-2-4_0  csearch   unsat         26,071       0.0s
     Random-100-50-2-5_0  default   unsat        631,721       0.3s
     Random-100-50-2-5_0  csearch   unsat        263,750       0.2s
     Random-100-50-4-1_0  default   unsat     45,265,762      19.4s
     Random-100-50-4-1_0  csearch   unsat      7,824,678       6.1s
     Random-100-50-4-2_0  default   unsat     66,377,376      38.7s
     Random-100-50-4-2_0  csearch   unsat     11,166,356      13.3s
    Random-100-100-4-4_0  csearch   unsat    355,870,700     271.6s
    Random-100-100-4-4_0  default   unsat    513,667,756     324.4s
     Random-100-50-4-3_0  csearch   unsat     35,366,984      22.7s
     Random-100-50-4-3_0  default   unsat    161,241,680      86.5s
     Random-100-50-4-5_0  default   unsat      3,703,630       2.2s
     Random-100-50-4-5_0  csearch   unsat      2,662,660       2.2s
     Random-100-50-6-1_0  default   unsat      3,209,241       2.1s
     Random-100-50-6-1_0  csearch   unsat      2,699,608       2.7s
     Random-100-50-4-4_0  csearch   unsat     39,805,614      22.3s
     Random-100-50-6-2_0  default   unsat     46,776,231      25.0s
     Random-100-50-6-3_0  default   unsat      4,544,155       3.0s
     Random-100-50-6-2_0  csearch   unsat     23,503,009      18.5s
     Random-100-50-6-3_0  csearch   unsat      4,125,030       4.1s
     Random-100-50-6-4_0  default   unsat      2,541,504       1.7s
     Random-100-50-6-4_0  csearch   unsat      2,267,173       2.2s
     Random-100-50-6-5_0  csearch   unsat     10,357,652       9.2s
     Random-100-50-8-1_0  default   unsat      1,429,824       1.0s
     Random-100-50-8-1_0  csearch   unsat      1,276,199       1.3s
     Random-100-50-8-2_0  default   unsat        644,258       0.4s
     Random-100-50-8-2_0  csearch   unsat        594,983       0.5s
     Random-100-50-6-5_0  default   unsat     28,690,496      15.1s
     Random-100-50-8-3_0  default   unsat      2,051,598       1.4s
     Random-100-50-8-4_0  default   unsat      1,596,922       1.1s
     Random-100-50-8-3_0  csearch   unsat      1,889,511       1.7s
     Random-100-50-8-4_0  csearch   unsat      1,459,904       1.4s
     Random-100-50-8-5_0  default   unsat      2,545,963       1.8s
    Random-100-50-10-1_0  default   unsat        338,958       0.3s
    Random-100-50-10-1_0  csearch   unsat        338,958       0.2s
    Random-100-50-10-2_0  default   unsat        164,586       0.1s
    Random-100-50-10-2_0  csearch   unsat        164,586       0.1s
    Random-100-50-10-3_0  default   unsat        223,115       0.2s
    Random-100-50-10-3_0  csearch   unsat        223,115       0.2s
    Random-100-50-10-4_0  default   unsat        110,681       0.1s
    Random-100-50-10-4_0  csearch   unsat        110,681       0.1s
     Random-100-50-8-5_0  csearch   unsat      2,308,542       2.2s
    Random-100-50-10-5_0  default   unsat        372,447       0.3s
      Random-75-75-2-1_0  default   unsat        399,127       0.2s
    Random-100-50-10-5_0  csearch   unsat        354,522       0.3s
      Random-75-75-2-1_0  csearch   unsat        209,686       0.2s
      Random-75-75-2-2_0  csearch   unsat      1,928,948       1.1s
      Random-75-75-2-2_0  default   unsat      2,632,509       1.3s
      Random-75-75-2-3_0  default   unsat      1,035,836       0.5s
      Random-75-75-2-3_0  csearch   unsat        727,177       0.5s
      Random-75-75-2-4_0  default   unsat      3,677,591       1.7s
      Random-75-75-2-4_0  csearch   unsat      3,159,284       1.7s
      Random-75-75-2-5_0  csearch   unsat      3,082,027       1.9s
      Random-75-75-2-5_0  default   unsat      4,324,490       2.2s
      Random-75-75-4-1_0  default   unsat        542,668       0.3s
      Random-75-75-4-2_0  default   unsat        334,065       0.2s
      Random-75-75-4-1_0  csearch   unsat        457,450       0.4s
      Random-75-75-4-2_0  csearch   unsat        292,768       0.2s
      Random-75-75-4-3_0  default   unsat      3,065,791       1.8s
      Random-75-75-4-3_0  csearch   unsat      2,754,831       2.1s
      Random-75-75-4-4_0  default   unsat      2,056,611       1.2s
      Random-75-75-4-4_0  csearch   unsat      1,831,638       1.3s
      Random-75-75-4-5_0  default   unsat      1,434,077       0.8s
      Random-75-75-6-1_0  default   unsat        126,934       0.1s
      Random-75-75-6-1_0  csearch   unsat        126,934       0.1s
      Random-75-75-6-2_0  default   unsat         37,121       0.0s
      Random-75-75-6-2_0  csearch   unsat         37,121       0.0s
      Random-75-75-6-3_0  default   unsat         37,039       0.0s
      Random-75-75-6-3_0  csearch   unsat         37,039       0.0s
      Random-75-75-6-4_0  default   unsat         92,991       0.1s
      Random-75-75-6-4_0  csearch   unsat         92,991       0.1s
      Random-75-75-6-5_0  default   unsat         88,532       0.1s
      Random-75-75-6-5_0  csearch   unsat         88,532       0.1s
      Random-75-75-8-1_0  default   unsat          2,670       0.0s
      Random-75-75-8-1_0  csearch   unsat          2,670       0.0s
      Random-75-75-8-2_0  default   unsat          1,851       0.0s
      Random-75-75-8-2_0  csearch   unsat          1,851       0.0s
      Random-75-75-8-3_0  default   unsat          3,050       0.0s
      Random-75-75-8-3_0  csearch   unsat          3,050       0.0s
      Random-75-75-4-5_0  csearch   unsat      1,158,988       0.9s
      Random-75-75-8-4_0  default   unsat          4,765       0.0s
      Random-75-75-8-4_0  csearch   unsat          4,765       0.0s
      Random-75-75-8-5_0  default   unsat          5,904       0.0s
     Random-75-75-10-1_0  default   unsat            534       0.0s
     Random-75-75-10-1_0  csearch   unsat            534       0.0s
     Random-75-75-10-2_0  default   unsat            346       0.0s
     Random-75-75-10-2_0  csearch   unsat            346       0.0s
      Random-75-75-8-5_0  csearch   unsat          5,904       0.0s
     Random-75-75-10-3_0  default   unsat            443       0.0s
     Random-75-75-10-3_0  csearch   unsat            443       0.0s
     Random-75-75-10-4_0  default   unsat            355       0.0s
     Random-75-75-10-4_0  csearch   unsat            355       0.0s
     Random-75-75-10-5_0  default   unsat            823       0.0s
     Random-75-75-10-5_0  csearch   unsat            823       0.0s
     Random-50-100-2-1_0  default   unsat         55,285       0.0s
     Random-50-100-2-1_0  csearch   unsat         55,285       0.0s
     Random-50-100-2-2_0  csearch   unsat         61,509       0.1s
     Random-50-100-2-2_0  default   unsat         61,509       0.1s
     Random-50-100-2-3_0  default   unsat         71,507       0.1s
     Random-50-100-2-3_0  csearch   unsat         71,507       0.1s
     Random-50-100-2-4_0  default   unsat         76,080       0.1s
     Random-50-100-2-4_0  csearch   unsat         76,080       0.1s
     Random-50-100-2-5_0  csearch   unsat        179,446       0.1s
     Random-50-100-2-5_0  default   unsat        179,446       0.1s
     Random-50-100-4-1_0  default   unsat            781       0.0s
     Random-50-100-4-1_0  csearch   unsat            781       0.0s
     Random-50-100-4-2_0  default   unsat          1,198       0.0s
     Random-50-100-4-2_0  csearch   unsat          1,198       0.0s
     Random-50-100-4-3_0  default   unsat          1,533       0.0s
     Random-50-100-4-3_0  csearch   unsat          1,533       0.0s
     Random-50-100-4-4_0  default   unsat          1,284       0.0s
     Random-50-100-4-4_0  csearch   unsat          1,284       0.0s
     Random-50-100-4-5_0  default   unsat          1,638       0.0s
     Random-50-100-4-5_0  csearch   unsat          1,638       0.0s
     Random-50-100-6-1_0  default   unsat             47       0.0s
     Random-50-100-6-1_0  csearch   unsat             47       0.0s
     Random-50-100-6-2_0  default   unsat             91       0.0s
     Random-50-100-6-2_0  csearch   unsat             91       0.0s
     Random-50-100-6-3_0  default   unsat             77       0.0s
     Random-50-100-6-3_0  csearch   unsat             77       0.0s
     Random-50-100-6-4_0  default   unsat             66       0.0s
     Random-50-100-6-4_0  csearch   unsat             66       0.0s
     Random-50-100-6-5_0  default   unsat            142       0.0s
     Random-50-100-6-5_0  csearch   unsat            142       0.0s
     Random-50-100-8-1_0  default   unsat             17       0.0s
     Random-50-100-8-1_0  csearch   unsat             17       0.0s
     Random-50-100-8-2_0  default   unsat             16       0.0s
     Random-50-100-8-2_0  csearch   unsat             16       0.0s
     Random-50-100-8-3_0  default   unsat              9       0.0s
     Random-50-100-8-3_0  csearch   unsat              9       0.0s
     Random-50-100-8-4_0  default   unsat             12       0.0s
     Random-50-100-8-4_0  csearch   unsat             12       0.0s
     Random-50-100-8-5_0  default   unsat             29       0.0s
     Random-50-100-8-5_0  csearch   unsat             29       0.0s
    Random-50-100-10-1_0  default   unsat              3       0.0s
    Random-50-100-10-1_0  csearch   unsat              3       0.0s
    Random-50-100-10-2_0  default   unsat              1       0.0s
    Random-50-100-10-3_0  default   unsat              2       0.0s
    Random-50-100-10-2_0  csearch   unsat              1       0.0s
    Random-50-100-10-3_0  csearch   unsat              2       0.0s
    Random-50-100-10-4_0  default   unsat              3       0.0s
    Random-50-100-10-4_0  csearch   unsat              3       0.0s
    Random-50-100-10-5_0  default   unsat              4       0.0s
    Random-50-100-10-5_0  csearch   unsat              4       0.0s
      Random-50-50-2-1_0  csearch   unsat         13,396       0.0s
      Random-50-50-2-1_0  default   unsat         22,366       0.0s
      Random-50-50-2-2_0  csearch   unsat         42,734       0.0s
      Random-50-50-2-2_0  default   unsat         58,452       0.0s
      Random-50-50-2-3_0  csearch   unsat          6,252       0.0s
      Random-50-50-2-4_0  default   unsat          6,731       0.0s
      Random-50-50-2-3_0  default   unsat         18,233       0.0s
      Random-50-50-2-4_0  csearch   unsat          4,795       0.0s
      Random-50-50-2-5_0  csearch   unsat         25,261       0.0s
      Random-50-50-4-1_0  default   unsat          4,762       0.0s
      Random-50-50-2-5_0  default   unsat         42,171       0.0s
      Random-50-50-4-1_0  csearch   unsat          4,098       0.0s
      Random-50-50-4-2_0  default   unsat         32,859       0.0s
      Random-50-50-4-2_0  csearch   unsat         28,352       0.0s
      Random-50-50-4-3_0  default   unsat          8,035       0.0s
      Random-50-50-4-3_0  csearch   unsat          7,112       0.0s
      Random-50-50-4-4_0  default   unsat          7,169       0.0s
      Random-50-50-4-4_0  csearch   unsat          6,739       0.0s
      Random-50-50-4-5_0  default   unsat          1,824       0.0s
      Random-50-50-6-1_0  default   unsat          1,173       0.0s
      Random-50-50-4-5_0  csearch   unsat          1,690       0.0s
      Random-50-50-6-1_0  csearch   unsat          1,173       0.0s
      Random-50-50-6-2_0  default   unsat          1,375       0.0s
      Random-50-50-6-3_0  default   unsat            953       0.0s
      Random-50-50-6-2_0  csearch   unsat          1,375       0.0s
      Random-50-50-6-4_0  default   unsat            547       0.0s
      Random-50-50-6-3_0  csearch   unsat            953       0.0s
      Random-50-50-6-4_0  csearch   unsat            547       0.0s
      Random-50-50-6-5_0  default   unsat            677       0.0s
      Random-50-50-8-1_0  default   unsat            126       0.0s
      Random-50-50-6-5_0  csearch   unsat            677       0.0s
      Random-50-50-8-1_0  csearch   unsat            126       0.0s
      Random-50-50-8-2_0  default   unsat            126       0.0s
      Random-50-50-8-2_0  csearch   unsat            126       0.0s
      Random-50-50-8-3_0  default   unsat            176       0.0s
      Random-50-50-8-3_0  csearch   unsat            176       0.0s
      Random-50-50-8-4_0  default   unsat             88       0.0s
      Random-50-50-8-4_0  csearch   unsat             88       0.0s
      Random-50-50-8-5_0  default   unsat             62       0.0s
      Random-50-50-8-5_0  csearch   unsat             62       0.0s
     Random-50-50-10-1_0  default   unsat             47       0.0s
     Random-50-50-10-1_0  csearch   unsat             47       0.0s
     Random-50-50-10-2_0  default   unsat             47       0.0s
     Random-50-50-10-2_0  csearch   unsat             47       0.0s
     Random-50-50-10-3_0  default   unsat             32       0.0s
     Random-50-50-10-3_0  csearch   unsat             32       0.0s
     Random-50-50-10-4_0  default   unsat             25       0.0s
     Random-50-50-10-4_0  csearch   unsat             25       0.0s
     Random-50-50-10-5_0  default   unsat             15       0.0s
     Random-50-50-10-5_0  csearch   unsat             15       0.0s
     Random-100-50-4-4_0  default   unsat    343,183,223     140.4s
    Random-100-100-4-3_0  csearch   unsat    754,740,143     604.0s
    Random-100-100-4-5_0  csearch   unsat    770,739,459     607.7s
    Random-100-100-4-5_0  default   unsat  1,053,284,011     656.9s
    Random-100-100-4-3_0  default   unsat  1,496,945,890     828.6s
    Random-125-125-6-5_0  default   unsat  1,523,689,200    1232.5s
    Random-125-125-6-5_0  csearch   unsat  1,523,689,200    1232.8s
    Random-100-100-2-1_0  default unknown  3,160,068,096    1500.0s
    Random-100-100-2-1_0  csearch unknown  2,056,953,856    1500.0s
    Random-100-100-2-3_0  default unknown  3,821,092,864    1500.0s
    Random-100-100-2-3_0  csearch unknown  2,635,063,296    1500.0s
    Random-100-100-2-4_0  default unknown  5,428,432,896    1500.0s
    Random-100-100-2-5_0  default unknown  3,647,971,328    1500.0s
    Random-100-100-2-5_0  csearch unknown  2,633,396,224    1500.0s
