| cell           |   d |   col_mean_15_40 |   law_a |   law_b |   log10_median_nodes_at_100 |   median_refutation_s |   median_instance_s |   per_cell |   cell_core_hours |
|:---------------|----:|-----------------:|--------:|--------:|----------------------------:|----------------------:|--------------------:|-----------:|------------------:|
| f_n100_m100_d2 |   2 |             2.12 |   0.21  |  0.0619 |                        6.4  |              1.2      |            3.7      |         25 |              0.03 |
| f_n100_m100_d3 |   3 |             3.04 |  -0.191 |  0.0951 |                        9.32 |              1.03e+03 |            3.1e+03  |         25 |             21.5  |
| f_n100_m100_d4 |   4 |             4    |  -0.485 |  0.0973 |                        9.25 |            888        |            2.66e+03 |         25 |             18.5  |

n = 100 cells at 25 per cell: 40.0 core-hours by the §11 law against a cap of 8; within cap: False
138 cells, 6785 instances, 0 already in learning/data/ensemble/results_upward.csv, 6785 to run on 16 workers
  100/6785 in 20 s
  200/6785 in 27 s
  300/6785 in 34 s
  400/6785 in 41 s
  500/6785 in 50 s
  600/6785 in 58 s
  700/6785 in 64 s
  800/6785 in 72 s
  900/6785 in 85 s
  1000/6785 in 95 s
  1100/6785 in 103 s
  1200/6785 in 110 s
  1300/6785 in 126 s
  1400/6785 in 134 s
  1500/6785 in 140 s
  1600/6785 in 157 s
  1700/6785 in 169 s
  1800/6785 in 176 s
  1900/6785 in 183 s
  2000/6785 in 190 s
  2100/6785 in 201 s
  2200/6785 in 208 s
  2300/6785 in 215 s
  2400/6785 in 222 s
  2500/6785 in 231 s
  2600/6785 in 240 s
  2700/6785 in 250 s
  2800/6785 in 262 s
  2900/6785 in 270 s
  3000/6785 in 279 s
  3100/6785 in 297 s
  3200/6785 in 317 s
  3300/6785 in 331 s
  3400/6785 in 342 s
  3500/6785 in 357 s
  3600/6785 in 374 s
  3700/6785 in 387 s
  3800/6785 in 418 s
  3900/6785 in 462 s
  4000/6785 in 481 s
  4100/6785 in 496 s
  4200/6785 in 513 s
  4300/6785 in 529 s
  4400/6785 in 543 s
  4500/6785 in 553 s
  4600/6785 in 565 s
  4700/6785 in 585 s
  4800/6785 in 611 s
  4900/6785 in 631 s
  5000/6785 in 650 s
  5100/6785 in 667 s
  5200/6785 in 684 s
  5300/6785 in 710 s
  5400/6785 in 927 s
  5500/6785 in 970 s
  5600/6785 in 986 s
  5700/6785 in 996 s
  5800/6785 in 1010 s
  5900/6785 in 1035 s
  6000/6785 in 1051 s
  6100/6785 in 2230 s
