| cell           |   d |   col_mean_15_40 |   law_a |   law_b |   log10_median_nodes_at_100 |   median_refutation_s |   median_instance_s |   per_cell |   cell_core_hours |
|:---------------|----:|-----------------:|--------:|--------:|----------------------------:|----------------------:|--------------------:|-----------:|------------------:|
| f_n100_m100_d2 |   2 |             2.12 |   0.21  |  0.0619 |                        6.4  |              1.2      |            3.7      |         25 |              0.03 |
| f_n100_m100_d3 |   3 |             3.04 |  -0.191 |  0.0951 |                        9.32 |              1.03e+03 |            3.1e+03  |         25 |             21.5  |
| f_n100_m100_d4 |   4 |             4    |  -0.485 |  0.0973 |                        9.25 |            888        |            2.66e+03 |         25 |             18.5  |

n = 100 cells at 25 per cell: 40.0 core-hours by the §11 law against a cap of 8; within cap: False
138 cells, 6785 instances, 6120 already in learning/data/ensemble/results_upward.csv, 665 to run on 16 workers
  100/665 in 124 s
  200/665 in 148 s
  300/665 in 189 s
  400/665 in 298 s
  500/665 in 367 s
  600/665 in 406 s
  665 rows in 673 s
# Generated ensembles: campaign tables

*Regenerated 2026-09-26 11:47 by `python -m learning.ensemble --upward`; 6785 rows in learning/data/ensemble/results_upward.csv, 673 s.*

### Audit

| check                   |   count |
|:------------------------|--------:|
| instances               |    6785 |
| witness_ok              |    6785 |
| certified               |    6773 |
| unsat_default           |    6765 |
| trivial_default         |       0 |
| sat_default             |       0 |
| unknown_default         |       8 |
| unsat_csearch           |    6766 |
| trivial_csearch         |       0 |
| sat_csearch             |       0 |
| unknown_csearch         |       7 |
| complete_graphs         |       0 |
| complete_with_optimum_n |       0 |

### Cost per cell (seconds are solve + both refutations + features)

| cell              | generator   |   n |   m |   param |   instances |   classes |   complete |   decomposable |   certified |   refuted |   opt_mean |   opt_std |   sec_median |   sec_max |    sec_sum |   nodes_median |   nodes_p90 |   nodes_max |
|:------------------|:------------|----:|----:|--------:|------------:|----------:|-----------:|---------------:|------------:|----------:|-----------:|----------:|-------------:|----------:|-----------:|---------------:|------------:|------------:|
| f_n50_m25_d2      | fixed       |  50 |  25 |   2     |          50 |        50 |          0 |             50 |          50 |        50 |       4.94 |      0.68 |        0.438 |   0.877   |  22.5      |     331        |    1.27e+03 |    1.78e+03 |
| f_n50_m25_d3      | fixed       |  50 |  25 |   3     |          50 |        50 |          0 |             10 |          50 |        50 |       7.18 |      0.82 |        0.36  |   0.565   |  18.2      |       1.27e+03 |    2.33e+03 |    5.26e+03 |
| f_n50_m25_d4      | fixed       |  50 |  25 |   4     |          50 |        50 |          0 |              1 |          50 |        50 |      11.8  |      0.88 |        0.383 |   0.513   |  18.4      |       2.75e+03 |    5.31e+03 |    9.61e+03 |
| f_n50_m25_d5      | fixed       |  50 |  25 |   5     |          50 |        50 |          0 |              0 |          50 |        50 |      16.8  |      1.16 |        0.413 |   0.625   |  20.5      |       3.86e+03 |    7.7e+03  |    1.4e+04  |
| f_n50_m25_d6      | fixed       |  50 |  25 |   6     |          50 |        50 |          0 |              0 |          50 |        50 |      21.6  |      1.16 |        0.41  |   0.65    |  20.3      |       3.73e+03 |    5.15e+03 |    6.91e+03 |
| f_n50_m25_d7      | fixed       |  50 |  25 |   7     |          50 |        50 |          0 |              0 |          50 |        50 |      25.9  |      0.99 |        0.427 |   0.608   |  20.6      |       2.42e+03 |    3.74e+03 |    5.7e+03  |
| f_n50_m25_d8      | fixed       |  50 |  25 |   8     |          50 |        50 |          0 |              0 |          50 |        50 |      29.8  |      1.35 |        0.442 |   0.748   |  21.5      |       1.31e+03 |    1.97e+03 |    2.86e+03 |
| f_n50_m25_d9      | fixed       |  50 |  25 |   9     |          50 |        50 |          0 |              0 |          50 |        50 |      33    |      1.27 |        0.438 |   0.585   |  20.8      |     684        |    1.02e+03 |    1.26e+03 |
| f_n50_m25_d10     | fixed       |  50 |  25 |  10     |          50 |        50 |          0 |              0 |          50 |        50 |      35.8  |      1.07 |        0.441 |   0.524   |  20.5      |     342        |  453        |  725        |
| f_n50_m50_d2      | fixed       |  50 |  50 |   2     |          50 |        50 |          0 |             41 |          50 |        50 |       4.92 |      0.63 |        0.712 |   1.3     |  35.6      |       1.15e+03 |    2.67e+03 |    5.43e+03 |
| f_n50_m50_d3      | fixed       |  50 |  50 |   3     |          50 |        50 |          0 |              0 |          50 |        50 |      13.8  |      0.91 |        0.816 |   1.65    |  41.1      |       4e+04    |    6.57e+04 |    1.17e+05 |
| f_n50_m50_d4      | fixed       |  50 |  50 |   4     |          50 |        50 |          0 |              0 |          50 |        50 |      21.6  |      0.98 |        0.683 |   1.11    |  34        |       2.21e+04 |    4.17e+04 |    5.36e+04 |
| f_n50_m50_d5      | fixed       |  50 |  50 |   5     |          50 |        50 |          0 |              0 |          50 |        50 |      27.9  |      1.17 |        0.584 |   1.07    |  30.4      |       6.81e+03 |    1.01e+04 |    1.3e+04  |
| f_n50_m50_d6      | fixed       |  50 |  50 |   6     |          50 |        50 |          0 |              0 |          50 |        50 |      32.9  |      1.15 |        0.553 |   0.733   |  26.8      |       1.92e+03 |    2.77e+03 |    4.55e+03 |
| f_n50_m50_d7      | fixed       |  50 |  50 |   7     |          50 |        50 |          0 |              0 |          50 |        50 |      36.7  |      1.07 |        0.506 |   0.618   |  23.9      |     564        |  880        |    1.18e+03 |
| f_n50_m50_d8      | fixed       |  50 |  50 |   8     |          50 |        50 |          0 |              0 |          50 |        50 |      39.5  |      0.78 |        0.445 |   0.537   |  21.2      |     210        |  275        |  414        |
| f_n50_m50_d9      | fixed       |  50 |  50 |   9     |          50 |        50 |          0 |              0 |          50 |        50 |      41.8  |      0.66 |        0.438 |   0.571   |  21.4      |      89.5      |  133        |  205        |
| f_n50_m50_d10     | fixed       |  50 |  50 |  10     |          50 |        50 |          0 |              0 |          50 |        50 |      43.4  |      0.74 |        0.447 |   0.55    |  21.1      |      46.5      |   72        |   85        |
| f_n50_m100_d2     | fixed       |  50 | 100 |   2     |          50 |        50 |          0 |              0 |          50 |        50 |      11.3  |      0.72 |        1.31  |   3.27    |  69        |       1.19e+05 |    2.72e+05 |    7.75e+05 |
| f_n50_m100_d3     | fixed       |  50 | 100 |   3     |          50 |        50 |          0 |              0 |          50 |        50 |      24.1  |      1.09 |        0.891 |   1.85    |  48.8      |       4.83e+04 |    7.88e+04 |    9.2e+04  |
| f_n50_m100_d4     | fixed       |  50 | 100 |   4     |          50 |        50 |          0 |              0 |          50 |        50 |      32.3  |      0.86 |        0.627 |   1.07    |  33.2      |       4.72e+03 |    7.05e+03 |    1.24e+04 |
| f_n50_m100_d5     | fixed       |  50 | 100 |   5     |          50 |        50 |          0 |              0 |          50 |        50 |      37.4  |      0.85 |        0.514 |   0.727   |  23.8      |     747        |    1.02e+03 |    1.51e+03 |
| f_n50_m100_d6     | fixed       |  50 | 100 |   6     |          50 |        50 |          0 |              0 |          50 |        50 |      40.9  |      0.7  |        0.431 |   0.574   |  19.9      |     176        |  213        |  303        |
| f_n50_m100_d7     | fixed       |  50 | 100 |   7     |          50 |        50 |          0 |              0 |          50 |        50 |      43.5  |      0.61 |        0.465 |   0.617   |  21.4      |      53        |   78.8      |  102        |
| f_n50_m100_d8     | fixed       |  50 | 100 |   8     |          50 |        50 |          0 |              0 |          50 |        50 |      45.4  |      0.6  |        0.464 |   0.854   |  23.2      |      25        |   35        |   42        |
| f_n50_m100_d9     | fixed       |  50 | 100 |   9     |          50 |        50 |          0 |              0 |          50 |        50 |      46.5  |      0.57 |        0.313 |   0.654   |  18.2      |      11.5      |   17        |   18        |
| f_n50_m100_d10    | fixed       |  50 | 100 |  10     |          50 |        50 |          0 |              0 |          50 |        50 |      47.5  |      0.54 |        0.259 |   0.464   |  14.8      |       4        |    7        |    9        |
| f_n60_m30_d2      | fixed       |  60 |  30 |   2     |          50 |        50 |          0 |             50 |          50 |        50 |       5.08 |      0.87 |        0.527 |   0.981   |  25.5      |     767        |    2.58e+03 |    5.57e+03 |
| f_n60_m30_d3      | fixed       |  60 |  30 |   3     |          50 |        50 |          0 |             15 |          50 |        50 |       7.6  |      0.8  |        0.365 |   0.758   |  20        |       2.9e+03  |    6.76e+03 |    9.34e+03 |
| f_n60_m30_d4      | fixed       |  60 |  30 |   4     |          50 |        50 |          0 |              0 |          50 |        50 |      13.3  |      0.93 |        0.45  |   0.903   |  23.9      |       1.42e+04 |    2.76e+04 |    4.7e+04  |
| f_n60_m30_d5      | fixed       |  60 |  30 |   5     |          50 |        50 |          0 |              0 |          50 |        50 |      19.3  |      1.12 |        0.549 |   1.09    |  28.4      |       2.01e+04 |    4.47e+04 |    7.87e+04 |
| f_n60_m30_d6      | fixed       |  60 |  30 |   6     |          50 |        50 |          0 |              0 |          50 |        50 |      24.9  |      1.19 |        0.562 |   1.21    |  28.5      |       2.07e+04 |    2.99e+04 |    7.05e+04 |
| f_n60_m30_d7      | fixed       |  60 |  30 |   7     |          50 |        50 |          0 |              0 |          50 |        50 |      30.1  |      1    |        0.597 |   1.1     |  27.4      |       1.31e+04 |    1.92e+04 |    2.43e+04 |
| f_n60_m30_d8      | fixed       |  60 |  30 |   8     |          50 |        50 |          0 |              0 |          50 |        50 |      34.7  |      1.27 |        0.53  |   0.975   |  28.6      |       6.58e+03 |    1.11e+04 |    1.75e+04 |
| f_n60_m30_d9      | fixed       |  60 |  30 |   9     |          50 |        50 |          0 |              0 |          50 |        50 |      38.6  |      1.37 |        0.557 |   0.797   |  27.1      |       3.46e+03 |    5.21e+03 |    9.87e+03 |
| f_n60_m30_d10     | fixed       |  60 |  30 |  10     |          50 |        50 |          0 |              0 |          50 |        50 |      41.5  |      1.28 |        0.568 |   0.89    |  26.9      |       1.57e+03 |    2.26e+03 |    4.48e+03 |
| f_n60_m60_d2      | fixed       |  60 |  60 |   2     |          50 |        50 |          0 |             48 |          50 |        50 |       5.3  |      0.67 |        1.02  |   2.04    |  57.1      |       3.05e+03 |    1.06e+04 |    1.86e+04 |
| f_n60_m60_d3      | fixed       |  60 |  60 |   3     |          50 |        50 |          0 |              1 |          50 |        50 |      15.7  |      1.03 |        1.25  |   3.98    |  69.7      |       2.26e+05 |    6.69e+05 |    8.8e+05  |
| f_n60_m60_d4      | fixed       |  60 |  60 |   4     |          50 |        50 |          0 |              0 |          50 |        50 |      25.1  |      0.87 |        1.19  |   2.95    |  64.5      |       2.09e+05 |    3.15e+05 |    6.99e+05 |
| f_n60_m60_d5      | fixed       |  60 |  60 |   5     |          50 |        50 |          0 |              0 |          50 |        50 |      32.9  |      1.14 |        0.89  |   2       |  48.5      |       5.03e+04 |    7.75e+04 |    9.46e+04 |
| f_n60_m60_d6      | fixed       |  60 |  60 |   6     |          50 |        50 |          0 |              0 |          50 |        50 |      38.8  |      1.23 |        0.773 |   1.44    |  39.4      |       1.15e+04 |    1.92e+04 |    2.79e+04 |
| f_n60_m60_d7      | fixed       |  60 |  60 |   7     |          50 |        50 |          0 |              0 |          50 |        50 |      43    |      0.96 |        0.743 |   1.2     |  36.7      |       2.78e+03 |    4.41e+03 |    6.79e+03 |
| f_n60_m60_d8      | fixed       |  60 |  60 |   8     |          50 |        50 |          0 |              0 |          50 |        50 |      46.6  |      0.83 |        0.634 |   0.941   |  31.9      |     938        |    1.33e+03 |    1.64e+03 |
| f_n60_m60_d9      | fixed       |  60 |  60 |   9     |          50 |        50 |          0 |              0 |          50 |        50 |      49.4  |      0.96 |        0.662 |   0.787   |  30        |     320        |  502        |  662        |
| f_n60_m60_d10     | fixed       |  60 |  60 |  10     |          50 |        50 |          0 |              0 |          50 |        50 |      51.5  |      0.7  |        0.716 |   1.03    |  33.7      |     147        |  206        |  309        |
| f_n60_m120_d2     | fixed       |  60 | 120 |   2     |          50 |        50 |          0 |              2 |          50 |        50 |      13    |      0.82 |        4.31  |  11       | 225        |       1.17e+06 |    3.05e+06 |    6.47e+06 |
| f_n60_m120_d3     | fixed       |  60 | 120 |   3     |          50 |        50 |          0 |              0 |          50 |        50 |      27.7  |      0.97 |        2.4   |   4.97    | 136        |       3.95e+05 |    8.05e+05 |    1.37e+06 |
| f_n60_m120_d4     | fixed       |  60 | 120 |   4     |          50 |        50 |          0 |              0 |          50 |        50 |      37.6  |      0.89 |        1.34  |   3.12    |  75.1      |       3.26e+04 |    4.93e+04 |    7.66e+04 |
| f_n60_m120_d5     | fixed       |  60 | 120 |   5     |          50 |        50 |          0 |              0 |          50 |        50 |      44.3  |      0.9  |        1.16  |   1.76    |  57.8      |       3.73e+03 |    4.94e+03 |    7.71e+03 |
| f_n60_m120_d6     | fixed       |  60 | 120 |   6     |          50 |        50 |          0 |              0 |          50 |        50 |      48.6  |      0.82 |        0.829 |   1.15    |  41.2      |     718        |  981        |    1.19e+03 |
| f_n60_m120_d7     | fixed       |  60 | 120 |   7     |          50 |        50 |          0 |              0 |          50 |        50 |      51.6  |      0.67 |        0.836 |   0.981   |  41.6      |     179        |  252        |  343        |
| f_n60_m120_d8     | fixed       |  60 | 120 |   8     |          50 |        50 |          0 |              0 |          50 |        50 |      53.8  |      0.61 |        0.927 |   1.64    |  48.2      |      63        |   86.2      |   90        |
| f_n60_m120_d9     | fixed       |  60 | 120 |   9     |          50 |        50 |          0 |              0 |          50 |        50 |      55.2  |      0.54 |        0.953 |   2.81    |  57.1      |      29.5      |   37        |   47        |
| f_n60_m120_d10    | fixed       |  60 | 120 |  10     |          50 |        50 |          0 |              0 |          50 |        50 |      56.4  |      0.53 |        0.679 |   1.69    |  36.9      |      14.5      |   20        |   22        |
| f_n75_m37_d2      | fixed       |  75 |  37 |   2     |          50 |        50 |          0 |             50 |          50 |        50 |       5.08 |      0.63 |        0.823 |   1.77    |  44.1      |       2.33e+03 |    6.66e+03 |    2.03e+04 |
| f_n75_m37_d3      | fixed       |  75 |  37 |   3     |          50 |        50 |          0 |             14 |          50 |        50 |       8.38 |      0.72 |        0.696 |   1.47    |  38.1      |       1.13e+04 |    2.75e+04 |    6.93e+04 |
| f_n75_m37_d4      | fixed       |  75 |  37 |   4     |          50 |        50 |          0 |              1 |          50 |        50 |      15.5  |      1.08 |        1.07  |   2.46    |  55.8      |       1.54e+05 |    2.83e+05 |    6.88e+05 |
| f_n75_m37_d5      | fixed       |  75 |  37 |   5     |          50 |        50 |          0 |              0 |          50 |        50 |      22.6  |      1.3  |        1.52  |   4.02    |  82.6      |       2.85e+05 |    5.21e+05 |    1.32e+06 |
| f_n75_m37_d6      | fixed       |  75 |  37 |   6     |          50 |        50 |          0 |              0 |          50 |        50 |      29.4  |      1.12 |        1.4   |   3.85    |  77.1      |       2.06e+05 |    4.12e+05 |    1.05e+06 |
| f_n75_m37_d7      | fixed       |  75 |  37 |   7     |          50 |        50 |          0 |              0 |          50 |        50 |      36    |      1.32 |        1.28  |   3.2     |  72.8      |       1.72e+05 |    2.74e+05 |    4.36e+05 |
| f_n75_m37_d8      | fixed       |  75 |  37 |   8     |          50 |        50 |          0 |              0 |          50 |        50 |      41.1  |      1.15 |        1.03  |   2.12    |  53.4      |       6.87e+04 |    1.24e+05 |    1.62e+05 |
| f_n75_m37_d9      | fixed       |  75 |  37 |   9     |          50 |        50 |          0 |              0 |          50 |        50 |      46    |      1.39 |        1.2   |   1.86    |  59.3      |       3.74e+04 |    5.19e+04 |    8.46e+04 |
| f_n75_m37_d10     | fixed       |  75 |  37 |  10     |          50 |        50 |          0 |              0 |          50 |        50 |      50.4  |      1.25 |        0.984 |   1.71    |  53.7      |       1.44e+04 |    2.63e+04 |    3.56e+04 |
| f_n75_m75_d2      | fixed       |  75 |  75 |   2     |          50 |        50 |          0 |             43 |          50 |        50 |       5.94 |      0.68 |        2.11  |   6.22    | 116        |       2.35e+04 |    9.9e+04  |    1.82e+05 |
| f_n75_m75_d3      | fixed       |  75 |  75 |   3     |          50 |        50 |          0 |              1 |          50 |        50 |      18.3  |      0.95 |       13.9   | 140       |   1.08e+03 |       6.13e+06 |    2.42e+07 |    1.12e+08 |
| f_n75_m75_d4      | fixed       |  75 |  75 |   4     |          50 |        50 |          0 |              0 |          50 |        50 |      30.3  |      1.22 |       11     |  54.5     | 685        |       4.22e+06 |    1.15e+07 |    2.47e+07 |
| f_n75_m75_d5      | fixed       |  75 |  75 |   5     |          50 |        50 |          0 |              0 |          50 |        50 |      40    |      1.26 |        3.86  |   7.67    | 209        |       9.85e+05 |    1.61e+06 |    2.48e+06 |
| f_n75_m75_d6      | fixed       |  75 |  75 |   6     |          50 |        50 |          0 |              0 |          50 |        50 |      47.4  |      1.2  |        2.38  |   6.23    | 130        |       1.62e+05 |    2.52e+05 |    3.06e+05 |
| f_n75_m75_d7      | fixed       |  75 |  75 |   7     |          50 |        50 |          0 |              0 |          50 |        50 |      53    |      1.33 |        2.13  |   3.9     | 111        |       3.16e+04 |    4.56e+04 |    6.17e+04 |
| f_n75_m75_d8      | fixed       |  75 |  75 |   8     |          50 |        50 |          0 |              0 |          50 |        50 |      57.2  |      1.03 |        1.73  |   3.26    |  88.2      |       8.09e+03 |    1.33e+04 |    1.86e+04 |
| f_n75_m75_d9      | fixed       |  75 |  75 |   9     |          50 |        50 |          0 |              0 |          50 |        50 |      60.3  |      1.03 |        1.41  |   2.38    |  72.3      |       2.41e+03 |    4.12e+03 |    5.16e+03 |
| f_n75_m75_d10     | fixed       |  75 |  75 |  10     |          50 |        50 |          0 |              0 |          50 |        50 |      63.2  |      0.96 |        1.48  |   2.06    |  75.3      |     770        |    1.12e+03 |    1.61e+03 |
| f_n75_m150_d2     | fixed       |  75 | 150 |   2     |          50 |        50 |          0 |              4 |          49 |        43 |      15.4  |      0.82 |      201     | 903       |   1.34e+04 |       1.3e+08  |    3.82e+08 |    6.4e+08  |
| f_n75_m150_d3     | fixed       |  75 | 150 |   3     |          50 |        50 |          0 |              0 |          50 |        50 |      34    |      1.03 |       67.4   | 149       |   3.52e+03 |       1.93e+07 |    3.84e+07 |    4.8e+07  |
| f_n75_m150_d4     | fixed       |  75 | 150 |   4     |          50 |        50 |          0 |              0 |          50 |        50 |      46.3  |      1.18 |        8.56  |  22.5     | 439        |       7.03e+05 |    1.09e+06 |    1.74e+06 |
| f_n75_m150_d5     | fixed       |  75 | 150 |   5     |          50 |        50 |          0 |              0 |          50 |        50 |      54.6  |      0.94 |        4.81  |   8.86    | 246        |       4.69e+04 |    6.72e+04 |    8.26e+04 |
| f_n75_m150_d6     | fixed       |  75 | 150 |   6     |          50 |        50 |          0 |              0 |          50 |        50 |      59.9  |      1    |        2.5   |   3.85    | 126        |       5.64e+03 |    7.78e+03 |    1.26e+04 |
| f_n75_m150_d7     | fixed       |  75 | 150 |   7     |          50 |        50 |          0 |              0 |          50 |        50 |      63.8  |      0.62 |        1.92  |   2.98    |  97.7      |       1.06e+03 |    1.64e+03 |    1.87e+03 |
| f_n75_m150_d8     | fixed       |  75 | 150 |   8     |          50 |        50 |          0 |              0 |          50 |        50 |      66.3  |      0.68 |        3.31  |   4.56    | 166        |     278        |  424        |  494        |
| f_n75_m150_d9     | fixed       |  75 | 150 |   9     |          50 |        50 |          0 |              0 |          50 |        50 |      68.3  |      0.59 |        6.4   |   7.68    | 299        |     104        |  132        |  192        |
| f_n75_m150_d10    | fixed       |  75 | 150 |  10     |          50 |        50 |          0 |              0 |          50 |        50 |      69.7  |      0.52 |        6.92  |   7.56    | 328        |      45.5      |   61.9      |   98        |
| f_n100_m100_d2    | fixed       | 100 | 100 |   2     |          25 |        25 |          0 |             24 |          25 |        25 |       6.92 |      0.63 |        6.26  |  16.1     | 174        |       2.79e+05 |    1.13e+06 |    5.71e+06 |
| f_n100_m100_d3    | fixed       | 100 | 100 |   3     |           5 |         5 |          0 |              1 |           0 |         0 |      23.8  |      0.75 |      906     | 911       |   4.53e+03 |     nan        |  nan        |  nan        |
| f_n100_m100_d4    | fixed       | 100 | 100 |   4     |           5 |         5 |          0 |              0 |           1 |         1 |      38.8  |      1.72 |      902     |   1.6e+03 |   5.21e+03 |       7e+08    |    7e+08    |    7e+08    |
| b_n50_m25_p0.025  | bernoulli   |  50 |  25 |   0.025 |          50 |        50 |          0 |             50 |          50 |        50 |       5.68 |      0.95 |        0.864 |   1.85    |  46.5      |      41.5      |  113        |  263        |
| b_n50_m25_p0.05   | bernoulli   |  50 |  25 |   0.05  |          50 |        50 |          0 |             48 |          50 |        50 |       7.42 |      1.37 |        0.363 |   0.55    |  17.3      |     952        |    2.1e+03  |    7.22e+03 |
| b_n50_m25_p0.075  | bernoulli   |  50 |  25 |   0.075 |          50 |        50 |          0 |             23 |          50 |        50 |      12.4  |      1.98 |        0.347 |   0.493   |  16.9      |       2.79e+03 |    5.46e+03 |    1.21e+04 |
| b_n50_m25_p0.1    | bernoulli   |  50 |  25 |   0.1   |          50 |        50 |          0 |              1 |          50 |        50 |      18.3  |      2.53 |        0.385 |   0.539   |  18.6      |       4.28e+03 |    7.64e+03 |    1.06e+04 |
| b_n50_m25_p0.15   | bernoulli   |  50 |  25 |   0.15  |          50 |        50 |          0 |              0 |          50 |        50 |      28.6  |      2.02 |        0.417 |   0.557   |  19.9      |       1.2e+03  |    2.5e+03  |    3.56e+03 |
| b_n50_m25_p0.2    | bernoulli   |  50 |  25 |   0.2   |          50 |        50 |          0 |              0 |          50 |        50 |      36    |      2.17 |        0.408 |   0.557   |  19.8      |     274        |  478        |  874        |
| b_n50_m50_p0.025  | bernoulli   |  50 |  50 |   0.025 |          50 |        50 |          0 |             50 |          50 |        50 |       5.1  |      1.08 |        1.02  |  18.5     |  80.7      |     187        |  921        |    2.63e+03 |
| b_n50_m50_p0.05   | bernoulli   |  50 |  50 |   0.05  |          50 |        50 |          0 |             34 |          50 |        50 |      12    |      1.94 |        0.384 |   0.757   |  20.6      |       1.41e+04 |    4.36e+04 |    1.11e+05 |
| b_n50_m50_p0.075  | bernoulli   |  50 |  50 |   0.075 |          50 |        50 |          0 |              5 |          50 |        50 |      21.4  |      2.27 |        0.409 |   0.856   |  22.4      |       1.2e+04  |    4.18e+04 |    1.02e+05 |
| b_n50_m50_p0.1    | bernoulli   |  50 |  50 |   0.1   |          50 |        50 |          0 |              0 |          50 |        50 |      30    |      1.56 |        0.373 |   0.733   |  21.3      |       3.14e+03 |    5.68e+03 |    1.01e+04 |
| b_n50_m50_p0.15   | bernoulli   |  50 |  50 |   0.15  |          50 |        50 |          0 |              0 |          50 |        50 |      39    |      1.54 |        0.307 |   0.612   |  17.8      |     216        |  462        |    1.34e+03 |
| b_n50_m50_p0.2    | bernoulli   |  50 |  50 |   0.2   |          50 |        50 |          0 |              0 |          50 |        50 |      44.2  |      0.97 |        0.307 |   0.569   |  17.4      |      32        |   53.3      |  110        |
| b_n50_m100_p0.025 | bernoulli   |  50 | 100 |   0.025 |          50 |        50 |          0 |             50 |          50 |        50 |       6.7  |      1.42 |        0.545 |   2.15    |  32.6      |       2.35e+03 |    9.28e+03 |    3.74e+04 |
| b_n50_m100_p0.05  | bernoulli   |  50 | 100 |   0.05  |          50 |        50 |          0 |              9 |          50 |        50 |      21.4  |      2.14 |        0.681 |   1.2     |  34.9      |       2.62e+04 |    8.53e+04 |    1.34e+05 |
| b_n50_m100_p0.075 | bernoulli   |  50 | 100 |   0.075 |          50 |        50 |          0 |              0 |          50 |        50 |      32.4  |      1.55 |        0.521 |   1.01    |  28        |       2.67e+03 |    4.98e+03 |    1.45e+04 |
| b_n50_m100_p0.1   | bernoulli   |  50 | 100 |   0.1   |          50 |        50 |          0 |              0 |          50 |        50 |      38.7  |      1.1  |        0.469 |   0.61    |  21.3      |     416        |  687        |  895        |
| b_n50_m100_p0.15  | bernoulli   |  50 | 100 |   0.15  |          50 |        50 |          0 |              0 |          50 |        50 |      45    |      0.66 |        0.444 |   0.753   |  20.9      |      23        |   35        |   61        |
| b_n50_m100_p0.2   | bernoulli   |  50 | 100 |   0.2   |          50 |        50 |          0 |              0 |          50 |        50 |      47.7  |      0.53 |        0.253 |   0.465   |  14.7      |       3.5      |    6.1      |    8        |
| b_n60_m30_p0.025  | bernoulli   |  60 |  30 |   0.025 |          50 |        50 |          0 |             50 |          50 |        50 |       6.14 |      0.96 |        0.918 |   3.43    |  51.1      |     134        |  520        |    2.32e+03 |
| b_n60_m30_p0.05   | bernoulli   |  60 |  30 |   0.05  |          50 |        50 |          0 |             38 |          50 |        50 |      10.3  |      1.67 |        0.384 |   0.897   |  19.7      |       8.09e+03 |    1.75e+04 |    5.94e+04 |
| b_n60_m30_p0.075  | bernoulli   |  60 |  30 |   0.075 |          50 |        50 |          0 |             18 |          50 |        50 |      17.6  |      2.2  |        0.461 |   0.988   |  23.7      |       1.9e+04  |    3.98e+04 |    1.79e+05 |
| b_n60_m30_p0.1    | bernoulli   |  60 |  30 |   0.1   |          50 |        50 |          0 |              0 |          50 |        50 |      25.9  |      2.48 |        0.51  |   0.774   |  24.5      |       1.41e+04 |    2.5e+04  |    1.08e+05 |
| b_n60_m30_p0.15   | bernoulli   |  60 |  30 |   0.15  |          50 |        50 |          0 |              0 |          50 |        50 |      39.4  |      2.25 |        0.581 |   0.929   |  28        |       2.15e+03 |    5.11e+03 |    1.28e+04 |
| b_n60_m30_p0.2    | bernoulli   |  60 |  30 |   0.2   |          50 |        50 |          0 |              0 |          50 |        50 |      47.3  |      1.51 |        0.624 |   0.777   |  29        |     296        |  541        |  932        |
| b_n60_m60_p0.025  | bernoulli   |  60 |  60 |   0.025 |          50 |        50 |          0 |             50 |          50 |        50 |       5.68 |      1.03 |        1.2   |   3.96    |  73.5      |       1.44e+03 |    5.83e+03 |    1.51e+04 |
| b_n60_m60_p0.05   | bernoulli   |  60 |  60 |   0.05  |          50 |        50 |          0 |             25 |          50 |        50 |      18.7  |      2.61 |        0.868 |   2.11    |  45.6      |       8.98e+04 |    2.27e+05 |    8.05e+05 |
| b_n60_m60_p0.075  | bernoulli   |  60 |  60 |   0.075 |          50 |        50 |          0 |              0 |          50 |        50 |      30.8  |      2.12 |        0.988 |   1.5     |  48.4      |       4.97e+04 |    9.17e+04 |    1.6e+05  |
| b_n60_m60_p0.1    | bernoulli   |  60 |  60 |   0.1   |          50 |        50 |          0 |              0 |          50 |        50 |      39.3  |      1.91 |        0.797 |   1.26    |  40.9      |       6.07e+03 |    1.3e+04  |    3.42e+04 |
| b_n60_m60_p0.15   | bernoulli   |  60 |  60 |   0.15  |          50 |        50 |          0 |              0 |          50 |        50 |      50    |      1.32 |        0.668 |   1.04    |  31.1      |     211        |  452        |  729        |
| b_n60_m60_p0.2    | bernoulli   |  60 |  60 |   0.2   |          50 |        50 |          0 |              0 |          50 |        50 |      54.7  |      0.8  |        0.609 |   1.67    |  32.9      |      27        |   42.2      |   61        |
| b_n60_m120_p0.025 | bernoulli   |  60 | 120 |   0.025 |          50 |        50 |          0 |             47 |          50 |        50 |      10.9  |      2.13 |        0.896 |   3.25    |  48.4      |       8.02e+04 |    2.55e+05 |    4.11e+05 |
| b_n60_m120_p0.05  | bernoulli   |  60 | 120 |   0.05  |          50 |        50 |          0 |              3 |          50 |        50 |      30.9  |      1.87 |        1.24  |   2.45    |  62.1      |       1.23e+05 |    2.45e+05 |    4.81e+05 |
| b_n60_m120_p0.075 | bernoulli   |  60 | 120 |   0.075 |          50 |        50 |          0 |              0 |          50 |        50 |      43.2  |      1.72 |        0.762 |   1.85    |  41.6      |       4.25e+03 |    8.19e+03 |    1.55e+04 |
| b_n60_m120_p0.1   | bernoulli   |  60 | 120 |   0.1   |          50 |        50 |          0 |              0 |          50 |        50 |      49.7  |      1.04 |        0.477 |   0.807   |  28        |     322        |  656        |  930        |
| b_n60_m120_p0.15  | bernoulli   |  60 | 120 |   0.15  |          50 |        50 |          0 |              0 |          50 |        50 |      55.8  |      0.64 |        0.755 |   2.29    |  42        |      22        |   29.1      |   41        |
| b_n60_m120_p0.2   | bernoulli   |  60 | 120 |   0.2   |          50 |        46 |          0 |              0 |          50 |        50 |      58.3  |      0.44 |        0.29  |   0.516   |  15        |       1        |    3.1      |    8        |
| b_n75_m37_p0.025  | bernoulli   |  75 |  37 |   0.025 |          50 |        50 |          0 |             50 |          50 |        50 |       6.72 |      1.1  |        0.891 |   3.55    |  59.2      |       1.57e+03 |    1.1e+04  |    2.49e+04 |
| b_n75_m37_p0.05   | bernoulli   |  75 |  37 |   0.05  |          50 |        50 |          0 |             27 |          50 |        50 |      15.5  |      2.43 |        0.787 |   2.15    |  45.6      |       9.43e+04 |    3.98e+05 |    1.03e+06 |
| b_n75_m37_p0.075  | bernoulli   |  75 |  37 |   0.075 |          50 |        50 |          0 |              3 |          50 |        50 |      28.3  |      2.57 |        1.2   |   2.88    |  61.9      |       2.24e+05 |    4.46e+05 |    9.22e+05 |
| b_n75_m37_p0.1    | bernoulli   |  75 |  37 |   0.1   |          50 |        50 |          0 |              0 |          50 |        50 |      39.9  |      2.96 |        0.99  |   1.62    |  49.5      |       7.42e+04 |    1.4e+05  |    2.8e+05  |
| b_n75_m37_p0.15   | bernoulli   |  75 |  37 |   0.15  |          50 |        50 |          0 |              1 |          50 |        50 |      54.7  |      1.91 |        0.893 |   1.57    |  46.7      |       4.86e+03 |    8.06e+03 |    1.28e+04 |
| b_n75_m37_p0.2    | bernoulli   |  75 |  37 |   0.2   |          50 |        50 |          0 |              0 |          50 |        50 |      63.7  |      1.27 |        1.33  |   3.42    |  72        |     328        |  547        |  920        |
| b_n75_m75_p0.025  | bernoulli   |  75 |  75 |   0.025 |          50 |        50 |          0 |             50 |          50 |        50 |       9.08 |      1.85 |        1.43  |   5.27    |  82.7      |       6.39e+04 |    3.37e+05 |    8.11e+05 |
| b_n75_m75_p0.05   | bernoulli   |  75 |  75 |   0.05  |          50 |        50 |          0 |             12 |          50 |        50 |      30.1  |      2.09 |        4.55  |  76       | 410        |       1.57e+06 |    7.38e+06 |    5.05e+07 |
| b_n75_m75_p0.075  | bernoulli   |  75 |  75 |   0.075 |          50 |        50 |          0 |              0 |          50 |        50 |      45.9  |      2.38 |        1.94  |   3.88    |  99        |       1.85e+05 |    3.67e+05 |    8.27e+05 |
| b_n75_m75_p0.1    | bernoulli   |  75 |  75 |   0.1   |          50 |        50 |          0 |              0 |          50 |        50 |      56.4  |      1.28 |        1.29  |   2.35    |  68.6      |       7.77e+03 |    1.59e+04 |    4.26e+04 |
| b_n75_m75_p0.15   | bernoulli   |  75 |  75 |   0.15  |          50 |        50 |          0 |              0 |          50 |        50 |      66.4  |      0.94 |        2.37  |   3.71    | 120        |     198        |  350        |  575        |
| b_n75_m75_p0.2    | bernoulli   |  75 |  75 |   0.2   |          50 |        50 |          0 |              0 |          50 |        50 |      70.8  |      0.65 |        1.72  |   5.71    | 100        |      19        |   29.1      |   43        |
| b_n75_m150_p0.025 | bernoulli   |  75 | 150 |   0.025 |          50 |        50 |          0 |             41 |          48 |        46 |      20    |      2.31 |       26.3   | 397       |   3.1e+03  |       1e+07    |    7.71e+07 |    1.83e+08 |
| b_n75_m150_p0.05  | bernoulli   |  75 | 150 |   0.05  |          50 |        50 |          0 |              0 |          50 |        50 |      46.6  |      1.7  |        4.99  |   8.91    | 258        |       3.21e+05 |    8.09e+05 |    1.16e+06 |
| b_n75_m150_p0.075 | bernoulli   |  75 | 150 |   0.075 |          50 |        50 |          0 |              0 |          50 |        50 |      59.4  |      1.45 |        2.38  |   4.5     | 123        |       4.47e+03 |    7.57e+03 |    1.17e+04 |
| b_n75_m150_p0.1   | bernoulli   |  75 | 150 |   0.1   |          50 |        50 |          0 |              0 |          50 |        50 |      65.8  |      0.95 |        2.88  |   4.12    | 148        |     316        |  472        |    1.15e+03 |
| b_n75_m150_p0.15  | bernoulli   |  75 | 150 |   0.15  |          50 |        50 |          0 |              0 |          50 |        50 |      71.6  |      0.57 |        3.35  |   7.18    | 187        |      15        |   21        |   29        |
| b_n75_m150_p0.2   | bernoulli   |  75 | 150 |   0.2   |          50 |        35 |          0 |              0 |          50 |        50 |      73.6  |      0.52 |        0.597 |   1.51    |  33.9      |       1        |    2        |    2        |

### Per class

6785 instances, 6766 distinct MOSP graphs within their cells (19 isomorphic repeats).

### Campaign summary by size

| generator   |   n |   m |   cells |   instances |   classes |   complete |   decomposable |   certified |   refuted_both |   core_seconds |
|:------------|----:|----:|--------:|------------:|----------:|-----------:|---------------:|------------:|---------------:|---------------:|
| fixed       |  50 |  25 |       9 |         450 |       450 |          0 |             61 |         450 |            450 |     183        |
| fixed       |  50 |  50 |       9 |         450 |       450 |          0 |             41 |         450 |            450 |     256        |
| fixed       |  50 | 100 |       9 |         450 |       450 |          0 |              0 |         450 |            450 |     272        |
| fixed       |  60 |  30 |       9 |         450 |       450 |          0 |             65 |         450 |            450 |     236        |
| fixed       |  60 |  60 |       9 |         450 |       450 |          0 |             49 |         450 |            450 |     411        |
| fixed       |  60 | 120 |       9 |         450 |       450 |          0 |              2 |         450 |            450 |     719        |
| fixed       |  75 |  37 |       9 |         450 |       450 |          0 |             65 |         450 |            450 |     537        |
| fixed       |  75 |  75 |       9 |         450 |       450 |          0 |             44 |         450 |            450 |       2.56e+03 |
| fixed       |  75 | 150 |       9 |         450 |       450 |          0 |              4 |         449 |            443 |       1.86e+04 |
| fixed       | 100 | 100 |       3 |          35 |        35 |          0 |             25 |          26 |             26 |       9.91e+03 |
| bernoulli   |  50 |  25 |       6 |         300 |       300 |          0 |            122 |         300 |            300 |     139        |
| bernoulli   |  50 |  50 |       6 |         300 |       300 |          0 |             89 |         300 |            300 |     180        |
| bernoulli   |  50 | 100 |       6 |         300 |       300 |          0 |             59 |         300 |            300 |     152        |
| bernoulli   |  60 |  30 |       6 |         300 |       300 |          0 |            106 |         300 |            300 |     176        |
| bernoulli   |  60 |  60 |       6 |         300 |       300 |          0 |             75 |         300 |            300 |     272        |
| bernoulli   |  60 | 120 |       6 |         300 |       296 |          0 |             50 |         300 |            300 |     237        |
| bernoulli   |  75 |  37 |       6 |         300 |       300 |          0 |             81 |         300 |            300 |     335        |
| bernoulli   |  75 |  75 |       6 |         300 |       300 |          0 |             62 |         300 |            300 |     881        |
| bernoulli   |  75 | 150 |       6 |         300 |       285 |          0 |             41 |         298 |            296 |       3.85e+03 |

6785 instances in 138 cells; 6766 distinct MOSP graphs within their cells (19 isomorphic repeats); 11.08 core-hours.

### distinct MOSP graphs / instances: bernoulli, m = 0n

| p   |
|-----|

### distinct MOSP graphs / instances: bernoulli, m = 1n

|     p | 50    | 60    | 75    |
|------:|:------|:------|:------|
| 0.025 | 50/50 | 50/50 | 50/50 |
| 0.05  | 50/50 | 50/50 | 50/50 |
| 0.075 | 50/50 | 50/50 | 50/50 |
| 0.1   | 50/50 | 50/50 | 50/50 |
| 0.15  | 50/50 | 50/50 | 50/50 |
| 0.2   | 50/50 | 50/50 | 50/50 |

### distinct MOSP graphs / instances: bernoulli, m = 2n

|     p | 50    | 60    | 75    |
|------:|:------|:------|:------|
| 0.025 | 50/50 | 50/50 | 50/50 |
| 0.05  | 50/50 | 50/50 | 50/50 |
| 0.075 | 50/50 | 50/50 | 50/50 |
| 0.1   | 50/50 | 50/50 | 50/50 |
| 0.15  | 50/50 | 50/50 | 50/50 |
| 0.2   | 50/50 | 46/50 | 35/50 |

### distinct MOSP graphs / instances: fixed, m = 0n

| d   |
|-----|

### distinct MOSP graphs / instances: fixed, m = 1n

|   d | 50    | 60    | 75    | 100   |
|----:|:------|:------|:------|:------|
|   2 | 50/50 | 50/50 | 50/50 | 25/25 |
|   3 | 50/50 | 50/50 | 50/50 | 5/5   |
|   4 | 50/50 | 50/50 | 50/50 | 5/5   |
|   5 | 50/50 | 50/50 | 50/50 | ·     |
|   6 | 50/50 | 50/50 | 50/50 | ·     |
|   7 | 50/50 | 50/50 | 50/50 | ·     |
|   8 | 50/50 | 50/50 | 50/50 | ·     |
|   9 | 50/50 | 50/50 | 50/50 | ·     |
|  10 | 50/50 | 50/50 | 50/50 | ·     |

### distinct MOSP graphs / instances: fixed, m = 2n

|   d | 50    | 60    | 75    |
|----:|:------|:------|:------|
|   2 | 50/50 | 50/50 | 50/50 |
|   3 | 50/50 | 50/50 | 50/50 |
|   4 | 50/50 | 50/50 | 50/50 |
|   5 | 50/50 | 50/50 | 50/50 |
|   6 | 50/50 | 50/50 | 50/50 |
|   7 | 50/50 | 50/50 | 50/50 |
|   8 | 50/50 | 50/50 | 50/50 |
|   9 | 50/50 | 50/50 | 50/50 |
|  10 | 50/50 | 50/50 | 50/50 |

### share of complete graphs: bernoulli, m = 0n

| p   |
|-----|

### share of complete graphs: bernoulli, m = 1n

|     p | 50   | 60   | 75   |
|------:|:-----|:-----|:-----|
| 0.025 | 0%   | 0%   | 0%   |
| 0.05  | 0%   | 0%   | 0%   |
| 0.075 | 0%   | 0%   | 0%   |
| 0.1   | 0%   | 0%   | 0%   |
| 0.15  | 0%   | 0%   | 0%   |
| 0.2   | 0%   | 0%   | 0%   |

### share of complete graphs: bernoulli, m = 2n

|     p | 50   | 60   | 75   |
|------:|:-----|:-----|:-----|
| 0.025 | 0%   | 0%   | 0%   |
| 0.05  | 0%   | 0%   | 0%   |
| 0.075 | 0%   | 0%   | 0%   |
| 0.1   | 0%   | 0%   | 0%   |
| 0.15  | 0%   | 0%   | 0%   |
| 0.2   | 0%   | 0%   | 0%   |

### share of complete graphs: fixed, m = 0n

| d   |
|-----|

### share of complete graphs: fixed, m = 1n

|   d | 50   | 60   | 75   | 100   |
|----:|:-----|:-----|:-----|:------|
|   2 | 0%   | 0%   | 0%   | 0%    |
|   3 | 0%   | 0%   | 0%   | 0%    |
|   4 | 0%   | 0%   | 0%   | 0%    |
|   5 | 0%   | 0%   | 0%   | ·     |
|   6 | 0%   | 0%   | 0%   | ·     |
|   7 | 0%   | 0%   | 0%   | ·     |
|   8 | 0%   | 0%   | 0%   | ·     |
|   9 | 0%   | 0%   | 0%   | ·     |
|  10 | 0%   | 0%   | 0%   | ·     |

### share of complete graphs: fixed, m = 2n

|   d | 50   | 60   | 75   |
|----:|:-----|:-----|:-----|
|   2 | 0%   | 0%   | 0%   |
|   3 | 0%   | 0%   | 0%   |
|   4 | 0%   | 0%   | 0%   |
|   5 | 0%   | 0%   | 0%   |
|   6 | 0%   | 0%   | 0%   |
|   7 | 0%   | 0%   | 0%   |
|   8 | 0%   | 0%   | 0%   |
|   9 | 0%   | 0%   | 0%   |
|  10 | 0%   | 0%   | 0%   |

### share with more than one component: bernoulli, m = 0n

| p   |
|-----|

### share with more than one component: bernoulli, m = 1n

|     p | 50   | 60   | 75   |
|------:|:-----|:-----|:-----|
| 0.025 | 100% | 100% | 100% |
| 0.05  | 68%  | 50%  | 24%  |
| 0.075 | 10%  | 0%   | 0%   |
| 0.1   | 0%   | 0%   | 0%   |
| 0.15  | 0%   | 0%   | 0%   |
| 0.2   | 0%   | 0%   | 0%   |

### share with more than one component: bernoulli, m = 2n

|     p | 50   | 60   | 75   |
|------:|:-----|:-----|:-----|
| 0.025 | 100% | 94%  | 82%  |
| 0.05  | 18%  | 6%   | 0%   |
| 0.075 | 0%   | 0%   | 0%   |
| 0.1   | 0%   | 0%   | 0%   |
| 0.15  | 0%   | 0%   | 0%   |
| 0.2   | 0%   | 0%   | 0%   |

### share with more than one component: fixed, m = 0n

| d   |
|-----|

### share with more than one component: fixed, m = 1n

|   d | 50   | 60   | 75   | 100   |
|----:|:-----|:-----|:-----|:------|
|   2 | 82%  | 96%  | 86%  | 96%   |
|   3 | 0%   | 2%   | 2%   | 20%   |
|   4 | 0%   | 0%   | 0%   | 0%    |
|   5 | 0%   | 0%   | 0%   | ·     |
|   6 | 0%   | 0%   | 0%   | ·     |
|   7 | 0%   | 0%   | 0%   | ·     |
|   8 | 0%   | 0%   | 0%   | ·     |
|   9 | 0%   | 0%   | 0%   | ·     |
|  10 | 0%   | 0%   | 0%   | ·     |

### share with more than one component: fixed, m = 2n

|   d | 50   | 60   | 75   |
|----:|:-----|:-----|:-----|
|   2 | 0%   | 4%   | 8%   |
|   3 | 0%   | 0%   | 0%   |
|   4 | 0%   | 0%   | 0%   |
|   5 | 0%   | 0%   | 0%   |
|   6 | 0%   | 0%   | 0%   |
|   7 | 0%   | 0%   | 0%   |
|   8 | 0%   | 0%   | 0%   |
|   9 | 0%   | 0%   | 0%   |
|  10 | 0%   | 0%   | 0%   |

### Cost by size

| generator   |   n |   m |   instances |   sec_mean |   sec_p90 |   sec_max |   nodes_median |   nodes_max | worst_cell        |
|:------------|----:|----:|------------:|-----------:|----------:|----------:|---------------:|------------:|:------------------|
| fixed       |  50 |  25 |         450 |      0.407 |     0.513 |   0.877   |       1.46e+03 |    1.4e+04  | f_n50_m25_d2      |
| fixed       |  50 |  50 |         450 |      0.568 |     0.843 |   1.65    |       1.15e+03 |    1.17e+05 | f_n50_m50_d3      |
| fixed       |  50 | 100 |         450 |      0.605 |     1.15  |   3.27    |     176        |    7.75e+05 | f_n50_m100_d2     |
| fixed       |  60 |  30 |         450 |      0.525 |     0.758 |   1.21    |       6.72e+03 |    7.87e+04 | f_n60_m30_d8      |
| fixed       |  60 |  60 |         450 |      0.914 |     1.43  |   3.98    |       4.47e+03 |    8.8e+05  | f_n60_m60_d3      |
| fixed       |  60 | 120 |         450 |      1.6   |     3.57  |  11       |     718        |    6.47e+06 | f_n60_m120_d2     |
| fixed       |  75 |  37 |         450 |      1.19  |     1.81  |   4.02    |       6.01e+04 |    1.32e+06 | f_n75_m37_d5      |
| fixed       |  75 |  75 |         450 |      5.7   |    12.8   | 140       |       4.03e+04 |    1.12e+08 | f_n75_m75_d3      |
| fixed       |  75 | 150 |         450 |     41.3   |   109     | 903       |       5.63e+03 |    6.4e+08  | f_n75_m150_d2     |
| fixed       | 100 | 100 |          35 |    283     |   906     |   1.6e+03 |       2.95e+05 |    7e+08    | f_n100_m100_d4    |
| bernoulli   |  50 |  25 |         300 |      0.463 |     0.732 |   1.85    |       1.06e+03 |    1.21e+04 | b_n50_m25_p0.025  |
| bernoulli   |  50 |  50 |         300 |      0.601 |     0.858 |  18.5     |       1.25e+03 |    1.11e+05 | b_n50_m50_p0.025  |
| bernoulli   |  50 | 100 |         300 |      0.508 |     0.817 |   2.15    |     616        |    1.34e+05 | b_n50_m100_p0.05  |
| bernoulli   |  60 |  30 |         300 |      0.587 |     0.892 |   3.43    |       3.77e+03 |    1.79e+05 | b_n60_m30_p0.025  |
| bernoulli   |  60 |  60 |         300 |      0.908 |     1.4   |   3.96    |       3.82e+03 |    8.05e+05 | b_n60_m60_p0.025  |
| bernoulli   |  60 | 120 |         300 |      0.79  |     1.37  |   3.25    |       1.08e+03 |    4.81e+05 | b_n60_m120_p0.05  |
| bernoulli   |  75 |  37 |         300 |      1.12  |     1.6   |   3.55    |       1.47e+04 |    1.03e+06 | b_n75_m37_p0.2    |
| bernoulli   |  75 |  75 |         300 |      2.94  |     4.2   |  76       |       1.35e+04 |    5.05e+07 | b_n75_m75_p0.05   |
| bernoulli   |  75 | 150 |         300 |     12.8   |    20.6   | 397       |     878        |    1.83e+08 | b_n75_m150_p0.025 |

### The two configurations

|   n |   instances |   csearch_fewer |    equal |   csearch_more |   median_ratio |
|----:|------------:|----------------:|---------:|---------------:|---------------:|
|  50 |    2.25e+03 |        1.17e+03 | 1.08e+03 |              6 |          0.951 |
|  60 |    2.25e+03 |        1.11e+03 | 1.13e+03 |             10 |          1     |
|  75 |    2.25e+03 |        1.04e+03 | 1.21e+03 |              1 |          1     |
| 100 |   26        |       26        | 0        |              0 |          0.604 |

### Item 02 grid costed at the pilot's rates

252 cells; budget 100800 core-seconds (2.5 h x 16 workers x 0.7); sum of per-instance seconds over cells 133.94 s; **affordable per cell: 752**.

| generator   |   n |   m |   cells |   sec_per_instance_sum | ratio_fallback   |
|:------------|----:|----:|--------:|-----------------------:|:-----------------|
| bernoulli   |  10 |  10 |       9 |                   4.65 | False            |
| bernoulli   |  10 |  20 |       9 |                   3.93 | False            |
| bernoulli   |  15 |  15 |       9 |                   4.65 | False            |
| bernoulli   |  15 |  30 |       9 |                   3.93 | False            |
| bernoulli   |  20 |  20 |       9 |                   4.65 | False            |
| bernoulli   |  20 |  40 |       9 |                   3.93 | False            |
| bernoulli   |  25 |  25 |       9 |                   4.65 | False            |
| bernoulli   |  25 |  50 |       9 |                   3.93 | False            |
| bernoulli   |  30 |  30 |       9 |                   4.65 | False            |
| bernoulli   |  30 |  60 |       9 |                   3.93 | False            |
| bernoulli   |  35 |  35 |       9 |                   4.65 | False            |
| bernoulli   |  35 |  70 |       9 |                   3.93 | False            |
| bernoulli   |  40 |  40 |       9 |                   4.65 | False            |
| bernoulli   |  40 |  80 |       9 |                   3.93 | False            |
| fixed       |  10 |  10 |       9 |                   5.11 | False            |
| fixed       |  10 |  20 |       9 |                   5.44 | False            |
| fixed       |  15 |  15 |       9 |                   5.11 | False            |
| fixed       |  15 |  30 |       9 |                   5.44 | False            |
| fixed       |  20 |  20 |       9 |                   5.11 | False            |
| fixed       |  20 |  40 |       9 |                   5.44 | False            |
| fixed       |  25 |  25 |       9 |                   5.11 | False            |
| fixed       |  25 |  50 |       9 |                   5.44 | False            |
| fixed       |  30 |  30 |       9 |                   5.11 | False            |
| fixed       |  30 |  60 |       9 |                   5.44 | False            |
| fixed       |  35 |  35 |       9 |                   5.11 | False            |
| fixed       |  35 |  70 |       9 |                   5.44 | False            |
| fixed       |  40 |  40 |       9 |                   5.11 | False            |
| fixed       |  40 |  80 |       9 |                   5.44 | False            |


wrote reports/upward_ensemble_tables.md
