6135 instances at 0-40 customers, ('default', 'csearch'), 4 workers, deadline 60.0
  100/6135 40 customers ['unsat', 'unsat'] 0 s
  200/6135 30 customers ['unsat', 'unsat'] 9 s
  300/6135 30 customers ['unsat', 'unsat'] 9 s
  400/6135 30 customers ['unsat', 'unsat'] 9 s
  500/6135 30 customers ['unsat', 'unsat'] 10 s
  600/6135 30 customers ['unsat', 'unsat'] 10 s
  700/6135 30 customers ['unsat', 'unsat'] 10 s
  800/6135 30 customers ['unsat', 'unsat'] 10 s
  900/6135 30 customers ['unsat', 'unsat'] 10 s
  1000/6135 30 customers ['unsat', 'unsat'] 10 s
  1100/6135 30 customers ['unsat', 'unsat'] 10 s
  1200/6135 30 customers ['unsat', 'unsat'] 11 s
  1300/6135 30 customers ['unsat', 'unsat'] 11 s
  1400/6135 30 customers ['unsat', 'unsat'] 11 s
  1500/6135 30 customers ['unsat', 'unsat'] 11 s
  1600/6135 30 customers ['unsat', 'unsat'] 11 s
  1700/6135 30 customers ['unsat', 'unsat'] 11 s
  1800/6135 30 customers ['unsat', 'unsat'] 11 s
  1900/6135 30 customers ['unsat', 'unsat'] 11 s
  2000/6135 28 customers ['unsat', 'unsat'] 11 s
  2100/6135 20 customers ['unsat', 'unsat'] 12 s
  2200/6135 20 customers ['unsat', 'unsat'] 12 s
  2300/6135 20 customers ['unsat', 'unsat'] 12 s
  2400/6135 20 customers ['unsat', 'unsat'] 12 s
  2500/6135 20 customers ['unsat', 'unsat'] 12 s
  2600/6135 20 customers ['unsat', 'unsat'] 12 s
  2700/6135 20 customers ['unsat', 'unsat'] 12 s
  2800/6135 20 customers ['unsat', 'unsat'] 12 s
  2900/6135 20 customers ['unsat', 'unsat'] 12 s
  3000/6135 20 customers ['unsat', 'unsat'] 12 s
  3100/6135 20 customers ['unsat', 'unsat'] 12 s
  3200/6135 20 customers ['unsat', 'unsat'] 12 s
  3300/6135 20 customers ['unsat', 'unsat'] 12 s
  3400/6135 15 customers ['unsat', 'unsat'] 12 s
  3500/6135 15 customers ['unsat', 'unsat'] 12 s
  3600/6135 15 customers ['unsat', 'unsat'] 12 s
  3700/6135 15 customers ['unsat', 'unsat'] 12 s
  3800/6135 15 customers ['unsat', 'unsat'] 13 s
  3900/6135 15 customers ['unsat', 'unsat'] 13 s
  4000/6135 15 customers ['unsat', 'unsat'] 13 s
  4100/6135 15 customers ['unsat', 'unsat'] 13 s
  4200/6135 15 customers ['unsat', 'unsat'] 13 s
  4300/6135 15 customers ['unsat', 'unsat'] 13 s
  4400/6135 15 customers ['unsat', 'unsat'] 13 s
  4500/6135 15 customers ['unsat', 'unsat'] 13 s
  4600/6135 10 customers ['unsat', 'unsat'] 13 s
  4700/6135 10 customers ['unsat', 'unsat'] 13 s
  4800/6135 10 customers ['unsat', 'unsat'] 13 s
  4900/6135 10 customers ['unsat', 'unsat'] 13 s
  5000/6135 10 customers ['unsat', 'unsat'] 13 s
  5100/6135 10 customers ['unsat', 'unsat'] 13 s
  5200/6135 10 customers ['unsat', 'unsat'] 13 s
  5300/6135 10 customers ['unsat', 'unsat'] 13 s
  5400/6135 10 customers ['unsat', 'unsat'] 13 s
  5500/6135 10 customers ['unsat', 'unsat'] 13 s
  5600/6135 10 customers ['unsat', 'unsat'] 13 s
  5700/6135 10 customers ['unsat', 'unsat'] 13 s
  5800/6135 10 customers ['unsat', 'unsat'] 13 s
  5900/6135 10 customers ['unsat', 'unsat'] 13 s
  6000/6135 10 customers ['unsat', 'unsat'] 13 s
  6100/6135 10 customers ['unsat', 'unsat'] 14 s
# Certificates for the repaired rules: tables (loop0008 item 05)

*Generated by `python -m paper2.certificates --stage tables` from `paper2/data/certificates/repaired.csv`: 12572 rows, 6286 instances at 9–75 customers. Checker: `paper2/certificate_check.py`.*

## By size band and configuration

| band   | config   |   instances |   refuted |   unknown (deadline) |   sat below optimum |   verified |   rejected |   definite steps |   better steps |   matching edges | nodes median / max   | gz bytes median / max   | check ms median / p90 / max   |   check s total |   emit s total |
|:-------|:---------|------------:|----------:|---------------------:|--------------------:|-----------:|-----------:|-----------------:|---------------:|-----------------:|:---------------------|:------------------------|:------------------------------|----------------:|---------------:|
| 0–10   | csearch  |        1614 |      1614 |                    0 |                   0 |       1614 |          0 |              307 |             92 |               32 | 1 / 14               | 332 / 519               | 0.04 / 0.1 / 0                |            0.08 |            0.1 |
| 0–10   | default  |        1614 |      1614 |                    0 |                   0 |       1614 |          0 |              333 |              0 |               34 | 1 / 16               | 332 / 519               | 0.04 / 0.1 / 0                |            0.08 |            0.1 |
| 11–20  | csearch  |        2508 |      2508 |                    0 |                   0 |       2508 |          0 |             2657 |           1171 |              658 | 3 / 106              | 356 / 1431              | 0.08 / 0.4 / 2                |            0.4  |            0.5 |
| 11–20  | default  |        2508 |      2508 |                    0 |                   0 |       2508 |          0 |             3161 |              0 |              753 | 3 / 151              | 356 / 1833              | 0.08 / 0.4 / 2                |            0.42 |            0.5 |
| 21–30  | csearch  |        1816 |      1816 |                    0 |                   0 |       1816 |          0 |            14796 |           6148 |             5675 | 8 / 1671             | 414 / 17199             | 0.24 / 2.6 / 33               |            1.9  |            2.1 |
| 21–30  | default  |        1816 |      1816 |                    0 |                   0 |       1816 |          0 |            20289 |              0 |             6843 | 8 / 2196             | 413 / 21998             | 0.25 / 3.0 / 41               |            2.2  |            2.3 |
| 31–40  | csearch  |         197 |       197 |                    0 |                   0 |        197 |          0 |            46337 |          18176 |            17150 | 35 / 38753           | 650 / 392188            | 1.27 / 95.8 / 1304            |            6.47 |            7.9 |
| 31–40  | default  |         197 |       197 |                    0 |                   0 |        197 |          0 |            63680 |              0 |            20426 | 40 / 52534           | 650 / 512789            | 1.50 / 112.7 / 1692           |            8.18 |            8.6 |
| 41–50  | csearch  |         120 |       120 |                    0 |                   0 |        120 |          0 |           530424 |         120302 |           152597 | 1244 / 240164        | 12045 / 2242150         | 33.24 / 2150.2 / 6857         |           74.15 |           85.9 |
| 41–50  | default  |         120 |       120 |                    0 |                   0 |        120 |          0 |           748952 |              0 |           191780 | 1392 / 260859        | 12665 / 2588603         | 37.01 / 2552.1 / 7909         |           92.78 |           95.5 |
| 51–60  | csearch  |           1 |         1 |                    0 |                   0 |          1 |          0 |             5155 |           2709 |             1885 | 12742 / 12742        | 126508 / 126508         | 278.86 / 278.9 / 279          |            0.28 |            0.3 |
| 51–60  | default  |           1 |         1 |                    0 |                   0 |          1 |          0 |            24685 |              0 |             8797 | 69336 / 69336        | 661951 / 661951         | 1198.43 / 1198.4 / 1198       |            1.2  |            1.4 |
| 61–75  | csearch  |          30 |        19 |                   11 |                   0 |         19 |          0 |           103095 |          31404 |            37261 | 3068 / 520327        | 26516 / 5332005         | 143.70 / 7887.0 / 34602       |           64.17 |           70.5 |
| 61–75  | default  |          30 |        20 |                   10 |                   0 |         20 |          0 |           312897 |              0 |           110118 | 3946 / 1139656       | 34162 / 11555563        | 187.03 / 15057.6 / 68221      |          137.47 |          111.2 |

## Totals per configuration

| config   |   instances |   verified |   rejected |   unknown |   nodes |   steps |   definite |   subset |   better |   matching edges |   gz MB |   check s |   µs per node |
|:---------|------------:|-----------:|-----------:|----------:|--------:|--------:|-----------:|---------:|---------:|-----------------:|--------:|----------:|--------------:|
| csearch  |        6286 |       6275 |          0 |        11 | 3353245 | 1621327 |     702771 |   738554 |   180002 |           215258 |   35.47 |     147.4 |          44   |
| default  |        6286 |       6276 |          0 |        10 | 5361282 | 2364303 |    1173997 |  1190306 |        0 |           338751 |   54.77 |     242.3 |          45.2 |

## Not refuted within the deadline (or satisfiable)

| instance_name      |   n |   m |   optimum | config   | status   |   branches |   emit_seconds |
|:-------------------|----:|----:|----------:|:---------|:---------|-----------:|---------------:|
| SP3                |  75 |  75 |        34 | default  | unknown  |     980224 |        60.0011 |
| SP3                |  75 |  75 |        34 | csearch  | unknown  |     760320 |        60.0109 |
| Random-75-75-2-2_0 |  75 |  75 |        17 | default  | unknown  |     942080 |        60.0125 |
| Random-75-75-2-2_0 |  75 |  75 |        17 | csearch  | unknown  |     783360 |        60.0042 |
| Random-75-75-2-1_0 |  75 |  75 |        16 | default  | unknown  |     964608 |        60.0103 |
| Random-75-75-2-1_0 |  75 |  75 |        16 | csearch  | unknown  |     793088 |        60.0168 |
| SP3_0              |  75 |  75 |        34 | default  | unknown  |    1552384 |        60.0041 |
| SP3_0              |  75 |  75 |        34 | csearch  | unknown  |    1196032 |        60.001  |
| Random-75-75-2-3_0 |  75 |  75 |        17 | default  | unknown  |    1050368 |        60.0066 |
| Random-75-75-2-3_0 |  75 |  75 |        17 | csearch  | unknown  |     856320 |        60.0132 |
| Random-75-75-2-5_0 |  75 |  75 |        16 | default  | unknown  |    1043200 |        60.0091 |
| Random-75-75-2-5_0 |  75 |  75 |        16 | csearch  | unknown  |     754432 |        60.0014 |
| Random-75-75-2-4_0 |  75 |  75 |        13 | default  | unknown  |    1000960 |        60.0062 |
| Random-75-75-2-4_0 |  75 |  75 |        13 | csearch  | unknown  |    1195776 |        60.0004 |
| Random-75-75-4-1_0 |  75 |  75 |        35 | csearch  | unknown  |     718336 |        60.0098 |
| Random-75-75-4-3_0 |  75 |  75 |        37 | default  | unknown  |     903424 |        60.0045 |
| Random-75-75-4-3_0 |  75 |  75 |        37 | csearch  | unknown  |     723968 |        60.0078 |
| Random-75-75-4-4_0 |  75 |  75 |        32 | default  | unknown  |    1462016 |        60.0055 |
| Random-75-75-4-4_0 |  75 |  75 |        32 | csearch  | unknown  |    1151744 |        60.005  |
| Random-75-75-4-5_0 |  75 |  75 |        32 | default  | unknown  |     942080 |        60.2517 |
| Random-75-75-4-5_0 |  75 |  75 |        32 | csearch  | unknown  |     751104 |        60.0013 |

## Rejected

*(none)*

