repaired: 115 to run on 21 workers
Random-50-100-10-3_0: unsat 2 nodes 0.001 s audit_fail=
Random-50-100-8-2_0: unsat 16 nodes 0.001 s audit_fail=
Random-50-50-10-4_0: unsat 25 nodes 0.001 s audit_fail=
Random-50-50-10-2_0: unsat 47 nodes 0.001 s audit_fail=
Random-50-50-8-4_0: unsat 88 nodes 0.001 s audit_fail=
Random-50-100-6-2_0: unsat 91 nodes 0.001 s audit_fail=
Random-40-40-6-2_0: unsat 220 nodes 0.001 s audit_fail=
Random-40-40-6-4_0: unsat 415 nodes 0.001 s audit_fail=
Random-75-75-10-3_0: unsat 443 nodes 0.002 s audit_fail=
Random-75-75-10-1_0: unsat 534 nodes 0.002 s audit_fail=
Random-50-50-6-4_0: unsat 547 nodes 0.002 s audit_fail=
Random-50-50-6-3_0: unsat 953 nodes 0.003 s audit_fail=
Random-50-50-6-1_0: unsat 1173 nodes 0.004 s audit_fail=
Random-50-100-4-4_0: unsat 1284 nodes 0.004 s audit_fail=
Random-50-50-6-2_0: unsat 1375 nodes 0.004 s audit_fail=
Random-50-100-4-5_0: unsat 1638 nodes 0.005 s audit_fail=
Random-50-50-4-5_0: unsat 1719 nodes 0.005 s audit_fail=
Random-75-75-8-1_0: unsat 2670 nodes 0.007 s audit_fail=
Random-75-75-8-3_0: unsat 3050 nodes 0.007 s audit_fail=
Random-75-75-8-5_0: unsat 5904 nodes 0.015 s audit_fail=
Random-50-50-4-4_0: unsat 6829 nodes 0.031 s audit_fail=
Random-100-100-10-5_0: unsat 6979 nodes 0.014 s audit_fail=
Random-100-100-10-1_0: unsat 7013 nodes 0.018 s audit_fail=
Random-50-50-4-3_0: unsat 7388 nodes 0.014 s audit_fail=
Random-100-100-10-2_0: unsat 7452 nodes 0.02 s audit_fail=
Random-100-100-10-3_0: unsat 22881 nodes 0.046 s audit_fail=
Random-50-50-4-2_0: unsat 29081 nodes 0.058 s audit_fail=
Random-50-50-2-5_0: unsat 32076 nodes 0.056 s audit_fail=
Random-75-75-6-3_0: unsat 37039 nodes 0.11 s audit_fail=
Random-75-75-6-2_0: unsat 37122 nodes 0.076 s audit_fail=
Random-100-100-8-1_0: unsat 44237 nodes 0.101 s audit_fail=
Random-50-100-2-1_0: unsat 55325 nodes 0.085 s audit_fail=
Random-50-100-2-2_0: unsat 61509 nodes 0.092 s audit_fail=
Random-125-125-10-4_0: unsat 65635 nodes 0.135 s audit_fail=
Random-125-125-10-1_0: unsat 71324 nodes 0.149 s audit_fail=
Random-50-100-2-3_0: unsat 71514 nodes 0.106 s audit_fail=
Random-50-100-2-4_0: unsat 76080 nodes 0.099 s audit_fail=
Random-125-125-10-3_0: unsat 86581 nodes 0.135 s audit_fail=
Random-75-75-6-5_0: unsat 88537 nodes 0.133 s audit_fail=
Random-75-75-6-4_0: unsat 92992 nodes 0.122 s audit_fail=
Random-100-100-8-2_0: unsat 93656 nodes 0.149 s audit_fail=
Random-100-50-10-4_0: unsat 110685 nodes 0.177 s audit_fail=
Random-75-75-6-1_0: unsat 126935 nodes 0.161 s audit_fail=
Random-100-100-8-4_0: unsat 150242 nodes 0.191 s audit_fail=
Random-125-125-10-2_0: unsat 164086 nodes 0.244 s audit_fail=
Random-100-50-10-2_0: unsat 164713 nodes 0.205 s audit_fail=
Random-100-100-8-5_0: unsat 165587 nodes 0.202 s audit_fail=
Random-50-100-2-5_0: unsat 179511 nodes 0.155 s audit_fail=
Random-100-50-10-3_0: unsat 223169 nodes 0.248 s audit_fail=
Random-125-125-10-5_0: unsat 241173 nodes 0.272 s audit_fail=
Random-100-100-8-3_0: unsat 262475 nodes 0.327 s audit_fail=
Random-75-75-4-2_0: unsat 308516 nodes 0.355 s audit_fail=
Random-100-50-10-1_0: unsat 338981 nodes 0.377 s audit_fail=
Random-75-75-2-1_0: unsat 348979 nodes 0.362 s audit_fail=
Random-100-50-10-5_0: unsat 362751 nodes 0.525 s audit_fail=
Random-75-75-4-1_0: unsat 503374 nodes 0.51 s audit_fail=
Random-100-50-8-2_0: unsat 613289 nodes 0.747 s audit_fail=
Random-75-75-2-3_0: unsat 870426 nodes 0.787 s audit_fail=
Random-125-125-8-1_0: unsat 1058407 nodes 1.098 s audit_fail=
Random-75-75-4-5_0: unsat 1289347 nodes 1.17 s audit_fail=
Random-125-125-8-4_0: unsat 1331898 nodes 1.392 s audit_fail=
Random-100-50-8-1_0: unsat 1340462 nodes 1.573 s audit_fail=
Random-100-50-8-4_0: unsat 1518997 nodes 1.54 s audit_fail=
Random-75-75-4-4_0: unsat 1910664 nodes 1.507 s audit_fail=
Random-100-50-8-3_0: unsat 1967666 nodes 2.047 s audit_fail=
Random-100-50-6-4_0: unsat 2393070 nodes 2.321 s audit_fail=
Random-75-75-2-2_0: unsat 2413576 nodes 1.888 s audit_fail=
Random-100-100-6-2_0: unsat 3086336 nodes 2.473 s audit_fail=
Random-100-100-6-1_0: unsat 3116649 nodes 2.452 s audit_fail=
Random-100-50-8-5_0: unsat 2454987 nodes 3.046 s audit_fail=
Random-125-125-8-2_0: unsat 2817917 nodes 3.019 s audit_fail=
Random-75-75-4-3_0: unsat 2905686 nodes 2.752 s audit_fail=
Random-100-50-6-1_0: unsat 2982321 nodes 3.042 s audit_fail=
Random-75-75-2-4_0: unsat 3151616 nodes 2.453 s audit_fail=
Random-100-100-6-5_0: unsat 3547950 nodes 2.76 s audit_fail=
Random-75-75-2-5_0: unsat 3551424 nodes 2.663 s audit_fail=
Random-100-50-4-5_0: unsat 3466168 nodes 2.926 s audit_fail=
SP3: unsat 1398869 nodes 1.102 s audit_fail=
SP3_0: unsat 1398869 nodes 1.12 s audit_fail=
Random-100-100-6-4_0: unsat 4166995 nodes 3.664 s audit_fail=
Random-100-50-6-3_0: unsat 4361401 nodes 4.563 s audit_fail=
Random-100-100-6-3_0: unsat 5301972 nodes 4.349 s audit_fail=
Random-125-125-8-3_0: unsat 6153953 nodes 5.608 s audit_fail=
Random-125-125-8-5_0: unsat 17120155 nodes 14.935 s audit_fail=
Random-100-50-6-5_0: unsat 23061664 nodes 19.698 s audit_fail=
Random-100-50-4-2_0: unsat 39380970 nodes 21.052 s audit_fail=
Random-100-50-4-1_0: unsat 30636502 nodes 25.145 s audit_fail=
Random-100-50-6-2_0: unsat 39000004 nodes 25.9 s audit_fail=
SP4: unsat 49601080 nodes 37.127 s audit_fail=
SP4_0: unsat 49601080 nodes 53.45 s audit_fail=
Random-125-125-6-1_0: unsat 61850290 nodes 65.004 s audit_fail=
Random-100-50-4-3_0: unsat 119355702 nodes 94.608 s audit_fail=
Random-100-100-4-2_0: unsat 177309806 nodes 129.463 s audit_fail=
Random-100-100-4-1_0: unsat 195426927 nodes 138.948 s audit_fail=
Random-100-50-4-4_0: unsat 244306650 nodes 162.609 s audit_fail=
Random-125-125-6-3_0: unsat 274772294 nodes 220.497 s audit_fail=
Random-100-100-4-4_0: unsat 427274058 nodes 293.737 s audit_fail=
Random-125-125-6-4_0: unsat 399764722 nodes 413.124 s audit_fail=
Random-100-100-2-2_0: unsat 857633617 nodes 544.559 s audit_fail=
Random-125-125-6-2_0: unsat 626234831 nodes 580.889 s audit_fail=
Random-100-100-4-5_0: unsat 917412915 nodes 645.981 s audit_fail=
Random-100-100-4-3_0: unsat 1221375206 nodes 849.051 s audit_fail=
Random-125-125-6-5_0: unsat 1522347373 nodes 1216.294 s audit_fail=
Random-100-100-2-4_0: unsat 3578415731 nodes 1359.668 s audit_fail=
Random-100-100-2-5_0: unsat 12429560110 nodes 6593.701 s audit_fail=
Random-100-100-2-1_0: unsat 15364879955 nodes 8647.05 s audit_fail=
Random-100-100-2-3_0: unsat 21409927591 nodes 10489.158 s audit_fail=
Random-125-125-4-3_0: unsat 37191364697 nodes 26756.713 s audit_fail=
Random-125-125-4-1_0: unknown 51239546880 nodes 36328.824 s audit_fail=
Random-125-125-2-4_0: unknown 62811291648 nodes 36315.327 s audit_fail=
Random-125-125-4-5_0: unknown 55221448704 nodes 36298.326 s audit_fail=
Random-125-125-4-2_0: unknown 49899880448 nodes 36288.823 s audit_fail=
Random-125-125-2-1_0: unknown 68768235520 nodes 36259.316 s audit_fail=
Random-125-125-2-5_0: unknown 67785359360 nodes 36223.312 s audit_fail=
Random-125-125-4-4_0: unknown 54793908224 nodes 36213.812 s audit_fail=
