cert: 115 to run on 2 workers
Random-50-100-10-3_0: unsat 2 nodes check=True repaired_fail=0
Random-50-100-8-2_0: unsat 16 nodes check=True repaired_fail=0
Random-50-50-10-4_0: unsat 25 nodes check=True repaired_fail=0
Random-50-50-10-2_0: unsat 47 nodes check=True repaired_fail=0
Random-50-50-8-4_0: unsat 88 nodes check=True repaired_fail=0
Random-50-100-6-2_0: unsat 91 nodes check=True repaired_fail=0
Random-40-40-6-2_0: unsat 222 nodes check=True repaired_fail=0
Random-40-40-6-4_0: unsat 421 nodes check=True repaired_fail=0
Random-75-75-10-3_0: unsat 444 nodes check=True repaired_fail=0
Random-75-75-10-1_0: unsat 539 nodes check=True repaired_fail=0
Random-50-50-6-4_0: unsat 596 nodes check=True repaired_fail=0
Random-50-50-6-3_0: unsat 1027 nodes check=True repaired_fail=0
Random-50-50-6-1_0: unsat 1278 nodes check=True repaired_fail=0
Random-50-100-4-4_0: unsat 1359 nodes check=True repaired_fail=0
Random-50-50-6-2_0: unsat 1424 nodes check=True repaired_fail=0
Random-50-100-4-5_0: unsat 1649 nodes check=True repaired_fail=0
Random-50-50-4-5_0: unsat 2213 nodes check=True repaired_fail=0
Random-75-75-8-1_0: unsat 2736 nodes check=True repaired_fail=0
Random-75-75-8-3_0: unsat 3067 nodes check=True repaired_fail=0
Random-75-75-8-5_0: unsat 6161 nodes check=True repaired_fail=0
Random-50-50-4-4_0: unsat 8490 nodes check=True repaired_fail=0
Random-100-100-10-5_0: unsat 7041 nodes check=True repaired_fail=0
Random-100-100-10-1_0: unsat 7030 nodes check=True repaired_fail=0
Random-50-50-4-3_0: unsat 11213 nodes check=True repaired_fail=15
Random-100-100-10-2_0: unsat 7528 nodes check=True repaired_fail=0
Random-100-100-10-3_0: unsat 23161 nodes check=True repaired_fail=0
Random-50-50-4-2_0: unsat 63277 nodes check=True repaired_fail=1
Random-50-50-2-5_0: unsat 111511 nodes check=True repaired_fail=20
Random-75-75-6-3_0: unsat 38193 nodes check=True repaired_fail=0
Random-75-75-6-2_0: unsat 42781 nodes check=True repaired_fail=6
Random-100-100-8-1_0: unsat 44495 nodes check=True repaired_fail=0
Random-50-100-2-1_0: unsat 92394 nodes check=True repaired_fail=15
Random-50-100-2-2_0: unsat 118021 nodes check=True repaired_fail=10
Random-125-125-10-4_0: unsat 65929 nodes check=True repaired_fail=0
Random-125-125-10-1_0: unsat 71753 nodes check=True repaired_fail=0
Random-50-100-2-3_0: unsat 120377 nodes check=True repaired_fail=57
Random-50-100-2-4_0: unsat 102750 nodes check=True repaired_fail=2
Random-125-125-10-3_0: unsat 87411 nodes check=True repaired_fail=0
Random-75-75-6-5_0: unsat 97177 nodes check=True repaired_fail=34
Random-75-75-6-4_0: unsat 104759 nodes check=True repaired_fail=20
Random-100-100-8-2_0: unsat 95999 nodes check=True repaired_fail=10
Random-100-50-10-4_0: unsat 156361 nodes check=True repaired_fail=25
Random-75-75-6-1_0: unsat 169534 nodes check=True repaired_fail=11
Random-100-100-8-4_0: unsat 156110 nodes check=True repaired_fail=0
Random-125-125-10-2_0: unsat 165973 nodes check=True repaired_fail=2
Random-100-50-10-2_0: unsat 265387 nodes check=True repaired_fail=364
Random-100-100-8-5_0: unsat 172457 nodes check=True repaired_fail=2
Random-50-100-2-5_0: unsat 241413 nodes check=True repaired_fail=77
Random-100-50-10-3_0: unsat 330451 nodes check=True repaired_fail=192
Random-125-125-10-5_0: unsat 242953 nodes check=True repaired_fail=0
Random-100-100-8-3_0: unsat 287534 nodes check=True repaired_fail=20
Random-75-75-4-2_0: unsat 607373 nodes check=True repaired_fail=110
Random-100-50-10-1_0: unsat 508505 nodes check=True repaired_fail=166
Random-75-75-2-1_0: unknown 2000001 nodes check= repaired_fail=
Random-100-50-10-5_0: unsat 618036 nodes check=True repaired_fail=242
Random-75-75-4-1_0: unsat 1139376 nodes check=True repaired_fail=372
Random-100-50-8-2_0: unsat 1203665 nodes check=True repaired_fail=1100
Random-75-75-2-3_0: unknown 2000001 nodes check= repaired_fail=
Random-125-125-8-1_0: unsat 1090510 nodes check=True repaired_fail=35
Random-75-75-4-5_0: unknown 2000001 nodes check= repaired_fail=
Random-125-125-8-4_0: unsat 1384489 nodes check=True repaired_fail=32
Random-100-50-8-1_0: unknown 2000001 nodes check= repaired_fail=
Random-100-50-8-4_0: unknown 2000001 nodes check= repaired_fail=
Random-75-75-4-4_0: unknown 2000001 nodes check= repaired_fail=
Random-100-50-8-3_0: unknown 2000001 nodes check= repaired_fail=
Random-100-50-6-4_0: unknown 2000001 nodes check= repaired_fail=
Random-75-75-2-2_0: unknown 2000001 nodes check= repaired_fail=
Random-100-50-8-5_0: unknown 2000001 nodes check= repaired_fail=
Random-125-125-8-2_0: unknown 2000001 nodes check= repaired_fail=
Random-75-75-4-3_0: unknown 2000001 nodes check= repaired_fail=
Random-100-50-6-1_0: unknown 2000001 nodes check= repaired_fail=
Random-100-100-6-2_0: unknown 2000001 nodes check= repaired_fail=
Random-100-100-6-1_0: unknown 2000001 nodes check= repaired_fail=
Random-75-75-2-4_0: unknown 2000001 nodes check= repaired_fail=
Random-100-50-4-5_0: unknown 2000001 nodes check= repaired_fail=
Random-100-100-6-5_0: unknown 2000001 nodes check= repaired_fail=
Random-75-75-2-5_0: unknown 2000001 nodes check= repaired_fail=
Random-100-100-6-4_0: unknown 2000001 nodes check= repaired_fail=
Random-100-50-6-3_0: unknown 2000001 nodes check= repaired_fail=
Random-100-100-6-3_0: unknown 2000001 nodes check= repaired_fail=
Random-125-125-8-3_0: unknown 2000001 nodes check= repaired_fail=
Random-125-125-8-5_0: unknown 2000001 nodes check= repaired_fail=
Random-100-50-6-5_0: unknown 2000001 nodes check= repaired_fail=
Random-100-50-4-1_0: unknown 2000001 nodes check= repaired_fail=
Random-100-50-6-2_0: unknown 2000001 nodes check= repaired_fail=
Random-100-50-4-2_0: unknown 2000001 nodes check= repaired_fail=
Random-125-125-6-1_0: unknown 2000001 nodes check= repaired_fail=
Random-100-50-4-3_0: unknown 2000001 nodes check= repaired_fail=
SP3: unknown 2000001 nodes check= repaired_fail=
SP3_0: unknown 2000001 nodes check= repaired_fail=
Random-100-100-4-2_0: unknown 2000001 nodes check= repaired_fail=
Random-100-100-4-1_0: unknown 2000001 nodes check= repaired_fail=
Random-100-50-4-4_0: unknown 2000001 nodes check= repaired_fail=
Random-100-100-4-4_0: unknown 2000001 nodes check= repaired_fail=
Random-100-100-2-2_0: unknown 2000001 nodes check= repaired_fail=
Random-100-100-4-3_0: unknown 2000001 nodes check= repaired_fail=
Random-100-100-4-5_0: unknown 2000001 nodes check= repaired_fail=
SP4: unknown 2000001 nodes check= repaired_fail=
SP4_0: unknown 2000001 nodes check= repaired_fail=
Random-125-125-6-3_0: unknown 2000001 nodes check= repaired_fail=
Random-100-100-2-5_0: unknown 2000001 nodes check= repaired_fail=
Random-100-100-2-4_0: unknown 2000001 nodes check= repaired_fail=
Random-100-100-2-1_0: unknown 2000001 nodes check= repaired_fail=
Random-125-125-6-4_0: unknown 2000001 nodes check= repaired_fail=
Random-125-125-6-2_0: unknown 2000001 nodes check= repaired_fail=
Random-100-100-2-3_0: unknown 2000001 nodes check= repaired_fail=
Random-125-125-6-5_0: unknown 2000001 nodes check= repaired_fail=
Random-125-125-4-3_0: unknown 2000001 nodes check= repaired_fail=
Random-125-125-4-1_0: unknown 2000001 nodes check= repaired_fail=
Random-125-125-2-4_0: unknown 2000001 nodes check= repaired_fail=
Random-125-125-4-5_0: unknown 2000001 nodes check= repaired_fail=
Random-125-125-4-2_0: unknown 2000001 nodes check= repaired_fail=
Random-125-125-2-1_0: unknown 2000001 nodes check= repaired_fail=
Random-125-125-2-5_0: unknown 2000001 nodes check= repaired_fail=
Random-125-125-4-4_0: unknown 2000001 nodes check= repaired_fail=
