[1/881] vsplib-tree  TREE_22_3_rot1           old 3 refutation 107 0.001s | rep 3 refutation 107 0.001s | 0s
[2/881] vsplib-tree  TREE_22_3_rot2           old 3 refutation 102 0.001s | rep 3 refutation 102 0.0s | 0s
[3/881] vsplib-tree  TREE_22_3_rot3           old 3 refutation 90 0.0s | rep 3 refutation 90 0.0s | 0s
[4/881] vsplib-tree  TREE_22_3_rot4           old 3 refutation 97 0.0s | rep 3 refutation 97 0.0s | 0s
[5/881] vsplib-tree  TREE_22_3_rot5           old 3 refutation 90 0.0s | rep 3 refutation 90 0.0s | 0s
[6/881] vsplib-tree  TREE_67_4_rot1           old 4 refutation 4355 0.011s | rep 4 refutation 4355 0.008s | 0s
[7/881] vsplib-tree  TREE_67_4_rot2           old 4 refutation 4309 0.008s | rep 4 refutation 4309 0.008s | 0s
[8/881] vsplib-tree  TREE_67_4_rot3           old 4 refutation 3881 0.007s | rep 4 refutation 3881 0.007s | 0s
[9/881] vsplib-tree  TREE_67_4_rot4           old 4 refutation 4306 0.006s | rep 4 refutation 4306 0.007s | 0s
[10/881] vsplib-tree  TREE_67_4_rot5           old 4 refutation 3880 0.005s | rep 4 refutation 3880 0.005s | 0s
[11/881] vsplib-tree  TREE_202_5_rot3          old 5 refutation 1880937 1.808s | rep 5 refutation 1897353 1.885s | 4s
[12/881] vsplib-tree  TREE_202_5_rot57         old 5 refutation 1909008 1.815s | rep 5 refutation 1925668 1.928s | 4s
[13/881] vsplib-tree  TREE_202_5_rot4          old 5 refutation 2040575 1.951s | rep 5 refutation 2057701 2.03s | 4s
[14/881] vsplib-tree  TREE_202_5_rot1          old 5 refutation 2048795 1.975s | rep 5 refutation 2065965 2.047s | 4s
[15/881] vsplib-tree  TREE_202_5_rot2          old 5 refutation 2046650 1.946s | rep 5 refutation 2063798 2.124s | 4s
[16/881] vsplib-tree  TREE_202_5_rot56         old 5 refutation 1888842 1.991s | rep 5 refutation 1905098 2.091s | 4s
[17/881] vsplib-tree  TREE_202_5_rot60         old 5 refutation 2038726 2.091s | rep 5 refutation 2055496 2.206s | 4s
[18/881] vsplib-tree  TREE_202_5_rot58         old 5 refutation 2074638 2.712s | rep 5 refutation 2091232 3.045s | 6s
[19/881] vsplib-tree  TREE_202_5_rot59         old 5 refutation 2040132 3.045s | rep 5 refutation 2056762 3.013s | 6s
[20/881] vsplib-tree  TREE_22_3_rot1           old 3 refutation 121 0.001s | rep 3 refutation 121 0.001s | 6s
[21/881] vsplib-tree  TREE_22_3_rot2           old 3 refutation 90 0.001s | rep 3 refutation 90 0.001s | 6s
[22/881] vsplib-tree  TREE_22_3_rot3           old 3 refutation 111 0.001s | rep 3 refutation 111 0.001s | 6s
[23/881] vsplib-tree  TREE_22_3_rot4           old 3 refutation 101 0.0s | rep 3 refutation 101 0.001s | 6s
[24/881] vsplib-tree  TREE_22_3_rot5           old 3 refutation 90 0.001s | rep 3 refutation 90 0.0s | 6s
[25/881] vsplib-tree  TREE_67_4_rot10          old 4 refutation 4475 0.009s | rep 4 refutation 4475 0.01s | 6s
[26/881] vsplib-tree  TREE_67_4_rot6           old 4 refutation 3857 0.008s | rep 4 refutation 3857 0.008s | 6s
[27/881] vsplib-tree  TREE_67_4_rot7           old 4 refutation 3618 0.008s | rep 4 refutation 3618 0.008s | 6s
[28/881] vsplib-tree  TREE_67_4_rot8           old 4 refutation 4658 0.009s | rep 4 refutation 4658 0.01s | 6s
[29/881] vsplib-tree  TREE_67_4_rot9           old 4 refutation 3618 0.008s | rep 4 refutation 3618 0.008s | 6s
[30/881] vsplib-tree  TREE_202_5_rot56         old 5 refutation 2631248 2.467s | rep 5 refutation 2631248 2.522s | 9s
[31/881] vsplib-tree  TREE_202_5_rot10         old 5 refutation 2973872 4.258s | rep 5 refutation 2973872 4.352s | 9s
[32/881] vsplib-tree  TREE_22_3_rot1           old 3 refutation 132 0.001s | rep 3 refutation 132 0.001s | 9s
[33/881] vsplib-tree  TREE_22_3_rot2           old 3 refutation 90 0.001s | rep 3 refutation 90 0.001s | 9s
[34/881] vsplib-tree  TREE_22_3_rot3           old 3 refutation 117 0.001s | rep 3 refutation 117 0.001s | 9s
[35/881] vsplib-tree  TREE_22_3_rot4           old 3 refutation 90 0.0s | rep 3 refutation 90 0.001s | 9s
[36/881] vsplib-tree  TREE_22_3_rot5           old 3 refutation 102 0.0s | rep 3 refutation 102 0.0s | 9s
[37/881] vsplib-tree  TREE_202_5_rot57         old 5 refutation 2692293 2.497s | rep 5 refutation 2692293 2.589s | 9s
[38/881] vsplib-tree  TREE_67_4_rot11          old 4 refutation 2959 0.007s | rep 4 refutation 2959 0.007s | 9s
[39/881] vsplib-tree  TREE_67_4_rot12          old 4 refutation 3996 0.006s | rep 4 refutation 3996 0.006s | 9s
[40/881] vsplib-tree  TREE_67_4_rot13          old 4 refutation 3112 0.007s | rep 4 refutation 3112 0.007s | 9s
[41/881] vsplib-tree  TREE_67_4_rot14          old 4 refutation 2914 0.004s | rep 4 refutation 2914 0.004s | 9s
[42/881] vsplib-tree  TREE_202_5_rot60         old 5 refutation 2570989 2.371s | rep 5 refutation 2570989 2.475s | 9s
[43/881] vsplib-tree  TREE_67_4_rot15          old 4 refutation 4128 0.009s | rep 4 refutation 4128 0.009s | 9s
[44/881] vsplib-tree  TREE_202_5_rot6          old 5 refutation 2638003 2.423s | rep 5 refutation 2638003 2.552s | 9s
[45/881] vsplib-grids grid_10                  old 10 refutation 102037 0.101s | rep 10 refutation 102165 0.105s | 9s
[46/881] vsplib-tree  TREE_202_5_rot7          old 5 refutation 2650201 2.626s | rep 5 refutation 2650201 2.736s | 9s
[47/881] vsplib-tree  TREE_202_5_rot59         old 5 refutation 3007444 2.74s | rep 5 refutation 3007444 2.837s | 10s
[48/881] vsplib-tree  TREE_202_5_rot8          old 5 refutation 2999539 2.969s | rep 5 refutation 2999539 3.114s | 10s
[49/881] vsplib-grids grid_11                  old 11 refutation 449997 0.353s | rep 11 refutation 451003 0.359s | 11s
[50/881] vsplib-tree  TREE_202_5_rot9          old 5 refutation 2649999 3.496s | rep 5 refutation 2649999 3.692s | 13s
[51/881] vsplib-tree  TREE_202_5_rot57         old 5 refutation 3320931 3.021s | rep 5 refutation 3320931 3.128s | 15s
[52/881] vsplib-grids grid_12                  old 12 refutation 2003850 3.078s | rep 12 refutation 2012619 3.128s | 15s
[53/881] vsplib-tree  TREE_202_5_rot11         old 5 refutation 3377504 4.712s | rep 5 refutation 3377504 5.016s | 16s
[54/881] vsplib-grids grid_13                  old 13 refutation 39551465 30.129s | rep 13 refutation 40243841 31.748s | 71s
[55/881] vsplib-grids grid_14                  old 14 budget 181092352 120.021s | rep 14 budget 119259136 120.022s | 249s
[56/881] vsplib-grids grid_15                  old 15 budget 135634944 120.018s | rep 15 budget 127049728 120.017s | 249s
[57/881] vsplib-grids grid_16                  old 16 budget 129024000 120.017s | rep 16 budget 120602624 120.017s | 250s
[58/881] vsplib-grids grid_17                  old 17 budget 76509184 120.035s | rep 17 budget 73580544 120.036s | 250s
[59/881] vsplib-grids grid_18                  old 18 budget 69574656 120.033s | rep 18 budget 66105344 120.036s | 251s
[60/881] vsplib-grids grid_19                  old 19 budget 36069376 120.044s | rep 19 budget 38035456 120.042s | 253s
[61/881] vsplib-grids grid_20                  old 20 budget 50675712 120.039s | rep 20 budget 48963584 120.035s | 255s
[62/881] vsplib-grids grid_21                  old 21 budget 32571392 120.039s | rep 21 budget 26746880 120.059s | 255s
[63/881] vsplib-grids grid_22                  old 22 budget 25939968 120.054s | rep 22 budget 25673728 120.051s | 256s
[64/881] vsplib-grids grid_23                  old 23 budget 36343808 120.039s | rep 23 budget 36397056 120.031s | 311s
[65/881] vsplib-grids grid_24                  old 24 budget 24580096 120.042s | rep 24 budget 34942976 120.046s | 490s
[66/881] vsplib-grids grid_25                  old 25 budget 25366528 120.07s | rep 25 budget 30449664 120.049s | 490s
[67/881] vsplib-grids grid_26                  old 26 budget 32616448 120.048s | rep 26 budget 32444416 120.045s | 490s
[68/881] vsplib-grids grid_27                  old 27 budget 30552064 120.046s | rep 27 budget 29237248 120.047s | 491s
[69/881] vsplib-grids grid_28                  old 28 budget 30613504 120.036s | rep 28 budget 29491200 120.041s | 491s
[70/881] vsplib-grids grid_29                  old 29 budget 30052352 120.047s | rep 29 budget 20086784 120.036s | 493s
[71/881] vsplib-grids grid_30                  old 30 budget 28807168 120.052s | rep 30 budget 26943488 120.045s | 495s
[72/881] vsplib-grids grid_31                  old 31 budget 24481792 120.042s | rep 31 budget 22405120 120.054s | 495s
[73/881] vsplib-grids grid_32                  old 32 budget 15429632 120.062s | rep 32 budget 21819392 120.042s | 496s
[74/881] vsplib-grids grid_33                  old 33 budget 270336 121.027s | rep 33 budget 245760 120.301s | 552s
[75/881] vsplib-grids grid_34                  old 34 budget 249856 121.532s | rep 34 budget 204800 120.227s | 731s
[76/881] vsplib-grids grid_35                  old 35 budget 118784 121.675s | rep 35 budget 94208 121.013s | 732s
[77/881] vsplib-grids grid_36                  old 36 budget 208896 121.909s | rep 36 budget 159744 120.989s | 733s
[78/881] vsplib-grids grid_38                  old 38 budget 163840 121.901s | rep 38 budget 118784 121.865s | 735s
[79/881] vsplib-grids grid_37                  old 37 budget 143360 121.54s | rep 37 budget 151552 122.707s | 735s
[80/881] vsplib-grids grid_39                  old 39 budget 126976 121.359s | rep 39 budget 135168 121.968s | 736s
[81/881] vsplib-grids grid_40                  old 40 budget 126976 120.258s | rep 40 budget 106496 122.114s | 737s
[82/881] vsplib-grids grid_5                   old 5 refutation 102 0.001s | rep 5 refutation 102 0.0s | 737s
[83/881] vsplib-grids grid_41                  old 41 budget 86016 120.429s | rep 41 budget 94208 122.123s | 738s
[84/881] vsplib-grids grid_42                  old 42 budget 90112 120.532s | rep 42 budget 61440 123.396s | 740s
[85/881] vsplib-grids grid_43                  old 43 budget 69632 123.43s | rep 43 budget 77824 125.661s | 801s
[86/881] vsplib-grids grid_45                  old 45 budget 57344 121.185s | rep 45 budget 24576 121.694s | 975s
[87/881] vsplib-grids grid_47                  old 47 budget 45056 121.131s | rep 47 budget 28672 121.06s | 977s
[88/881] vsplib-grids grid_6                   old 6 refutation 396 0.001s | rep 6 refutation 396 0.001s | 977s
[89/881] vsplib-grids grid_7                   old 7 refutation 1577 0.003s | rep 7 refutation 1577 0.003s | 977s
[90/881] vsplib-grids grid_8                   old 8 refutation 6278 0.01s | rep 8 refutation 6278 0.01s | 977s
[91/881] vsplib-grids grid_9                   old 9 refutation 24281 0.035s | rep 9 refutation 24287 0.035s | 977s
[92/881] vsplib-grids grid_46                  old 46 budget 32768 122.349s | rep 46 budget 53248 123.687s | 979s
[93/881] vsplib-grids grid_48                  old 48 budget 16384 123.215s | rep 48 budget 24576 122.731s | 981s
[94/881] vsplib-grids grid_44                  old 44 budget 49152 126.667s | rep 44 budget 16384 123.066s | 981s
[95/881] vsplib-grids grid_49                  old 49 budget 20480 125.407s | rep 49 budget 4096 123.239s | 985s
[96/881] vsplib-hb    ash85                    old 8 refutation 1658 0.006s | rep 8 refutation 1658 0.005s | 985s
[97/881] vsplib-hb    bcspwr01                 old 4 refutation 1102 0.002s | rep 4 refutation 1102 0.002s | 985s
[98/881] vsplib-hb    bcspwr02                 old 3 bound 678 0.002s | rep 3 bound 678 0.002s | 985s
[99/881] vsplib-hb    bcspwr03                 old 6 refutation 58851 0.067s | rep 6 refutation 58851 0.071s | 985s
[100/881] vsplib-hb    ash292                   old 15 refutation 1384345 4.201s | rep 15 refutation 1387620 4.362s | 990s
[101/881] vsplib-grids grid_50                  old 50 budget 8192 120.369s | rep 50 budget 4096 145.721s | 1004s
[102/881] vsplib-hb    bcsstk01                 old 13 refutation 1596 0.006s | rep 13 refutation 1596 0.005s | 1004s
[103/881] vsplib-hb    bcsstk02                 old 65 bound 0 0.002s | rep 65 bound 0 0.002s | 1004s
[104/881] vsplib-hb    bcsstk03                 old 3 bound 0 0.002s | rep 3 bound 0 0.002s | 1004s
[105/881] vsplib-hb    bcsstk04                 old 34 refutation 5116 0.018s | rep 34 refutation 5161 0.019s | 1004s
[106/881] vsplib-hb    bcsstk05                 old 20 bound 0 0.01s | rep 20 bound 0 0.01s | 1004s
[107/881] vsplib-grids grid_51                  old 51 budget 4096 138.603s | rep 51 budget 4096 130.8s | 1007s
[108/881] vsplib-grids grid_52                  old 52 budget 4096 143.109s | rep 52 budget 4096 165.285s | 1049s
[109/881] vsplib-hb    bcsstk19                 old 11 refutation 1234437 8.53s | rep 11 refutation 1234475 8.664s | 1066s
[110/881] vsplib-grids grid_53                  old 53 budget 4096 153.737s | rep 53 budget 4096 149.009s | 1104s
[111/881] vsplib-hb    bcsstk22                 old 8 refutation 25064 0.032s | rep 8 refutation 25062 0.034s | 1104s
[112/881] vsplib-hb    can__144                 old 8 refutation 144 0.005s | rep 8 refutation 144 0.005s | 1104s
[113/881] vsplib-hb    can__161                 old 18 refutation 218994 0.29s | rep 18 refutation 219607 0.302s | 1105s
[114/881] vsplib-hb    can__187                 old 12 refutation 53072 0.232s | rep 12 refutation 53313 0.239s | 1105s
[115/881] vsplib-hb    494_bus                  old 10 budget 50249728 120.03s | rep 10 budget 48775168 120.037s | 1217s
[116/881] vsplib-hb    662_bus                  old 16 budget 35180544 120.033s | rep 16 budget 33804288 120.042s | 1219s
[117/881] vsplib-hb    685_bus                  old 20 budget 36774396 120.038s | rep 20 budget 36586843 120.038s | 1221s
[118/881] vsplib-hb    can__268                 old 22 refutation 1037260 1.954s | rep 22 refutation 1044116 1.957s | 1223s
[119/881] vsplib-hb    bcspwr04                 old 14 budget 80621568 120.036s | rep 14 budget 80670720 120.049s | 1226s
[120/881] vsplib-hb    bcspwr05                 old 10 budget 38803121 120.045s | rep 10 budget 32622257 120.045s | 1230s
[121/881] vsplib-hb    bcsstk06                 old 42 budget 50872320 120.042s | rep 42 budget 51228672 120.036s | 1244s
[122/881] vsplib-hb    can___24                 old 5 bound 0 0.001s | rep 5 bound 0 0.0s | 1244s
[123/881] vsplib-hb    can___61                 old 8 refutation 98 0.002s | rep 8 refutation 98 0.002s | 1244s
[124/881] vsplib-hb    can___62                 old 4 refutation 1094 0.004s | rep 4 refutation 1094 0.004s | 1244s
[125/881] vsplib-hb    can___73                 old 10 refutation 802790 0.563s | rep 10 refutation 815431 0.581s | 1247s
[126/881] vsplib-hb    can___96                 old 13 refutation 7811 0.034s | rep 13 refutation 7811 0.034s | 1247s
[127/881] vsplib-hb    dwt__162                 old 10 refutation 9033 0.038s | rep 10 refutation 9025 0.039s | 1247s
[128/881] vsplib-hb    bcsstk07                 old 42 budget 52408320 120.038s | rep 42 budget 53874688 120.04s | 1247s
[129/881] vsplib-hb    dwt__198                 old 7 refutation 156 0.005s | rep 7 refutation 156 0.005s | 1247s
[130/881] vsplib-hb    dwt__193                 old 29 refutation 152251 0.546s | rep 29 refutation 152175 0.555s | 1248s
[131/881] vsplib-hb    dwt__221                 old 11 refutation 15759 0.08s | rep 11 refutation 15949 0.082s | 1248s
[132/881] vsplib-hb    dwt__209                 old 18 refutation 3397843 3.992s | rep 18 refutation 3418164 4.136s | 1256s
[133/881] vsplib-hb    dwt__234                 old 7 refutation 2308407 1.922s | rep 7 refutation 2308407 2.03s | 1258s
[134/881] vsplib-hb    bcsstk20                 old 10 budget 65552384 120.034s | rep 10 budget 49102848 120.042s | 1306s
[135/881] vsplib-hb    dwt__310                 old 11 refutation 15625 0.13s | rep 11 refutation 15634 0.133s | 1306s
[136/881] vsplib-grids grid_54                  old 54 budget 4096 167.662s | rep 54 budget 4096 182.091s | 1325s
[137/881] vsplib-hb    dwt__361                 old 14 refutation 176481 0.577s | rep 14 refutation 176735 0.588s | 1326s
[138/881] vsplib-hb    can__229                 old 20 budget 129294318 120.016s | rep 20 budget 124566186 120.015s | 1345s
[139/881] vsplib-hb    dwt__492                 old 9 refutation 112621 0.232s | rep 9 refutation 112588 0.237s | 1346s
[140/881] vsplib-hb    can__256                 old 24 budget 196165632 120.015s | rep 24 budget 189931520 120.017s | 1457s
[141/881] vsplib-hb    can__292                 old 23 budget 87891074 120.045s | rep 23 budget 87871205 120.047s | 1461s
[142/881] vsplib-hb    can__445                 old 55 budget 71204864 120.034s | rep 55 budget 67330048 120.036s | 1463s
[143/881] vsplib-hb    dwt__512                 old 18 refutation 3410131 3.529s | rep 18 refutation 3478506 3.687s | 1464s
[144/881] vsplib-hb    can__634                 old 53 budget 24302553 120.049s | rep 53 budget 25037137 120.053s | 1466s
[145/881] vsplib-hb    can__715                 old 42 budget 26595328 120.056s | rep 42 budget 27459584 120.05s | 1470s
[146/881] vsplib-hb    dwt__245                 old 12 budget 137822208 120.015s | rep 12 budget 133144576 120.016s | 1496s
[147/881] vsplib-hb    dwt__307                 old 29 budget 61248832 120.04s | rep 29 budget 61863232 120.054s | 1498s
[148/881] vsplib-hb    dwt___59                 old 5 refutation 573 0.003s | rep 5 refutation 573 0.003s | 1498s
[149/881] vsplib-hb    dwt___66                 old 2 bound 0 0.002s | rep 2 bound 0 0.002s | 1498s
[150/881] vsplib-hb    dwt___72                 old 3 refutation 341 0.003s | rep 3 refutation 341 0.003s | 1498s
[151/881] vsplib-hb    dwt___87                 old 8 refutation 19341 0.03s | rep 8 refutation 19375 0.032s | 1498s
[152/881] vsplib-hb    dwt__346                 old 23 budget 39112704 120.052s | rep 23 budget 43597824 120.03s | 1546s
[153/881] vsplib-hb    dwt__419                 old 20 budget 63159540 120.033s | rep 20 budget 60175828 120.033s | 1566s
[154/881] vsplib-hb    dwt__503                 old 30 budget 57272519 120.036s | rep 30 budget 53087579 120.043s | 1586s
[155/881] vsplib-hb    dwt__592                 old 25 budget 44838912 120.04s | rep 25 budget 53592064 120.037s | 1701s
[156/881] vsplib-hb    dwt__607                 old 35 budget 51056640 120.042s | rep 35 budget 49225728 120.043s | 1703s
[157/881] vsplib-hb    nos1                     old 3 bound 0 0.007s | rep 3 bound 0 0.007s | 1703s
[158/881] vsplib-hb    nos2                     old 3 refutation 6 0.127s | rep 3 refutation 6 0.124s | 1703s
[159/881] vsplib-hb    dwt__758                 old 20 budget 38182036 120.038s | rep 20 budget 46861248 120.044s | 1704s
[160/881] vsplib-hb    nos4                     old 8 refutation 8333 0.015s | rep 8 refutation 8333 0.014s | 1704s
[161/881] vsplib-hb    dwt__869                 old 25 budget 35758080 120.039s | rep 25 budget 23609344 120.034s | 1706s
[162/881] vsplib-hb    dwt__878                 old 23 budget 19136512 120.033s | rep 23 budget 22945792 120.041s | 1710s
[163/881] vsplib-hb    dwt__918                 old 26 budget 58804722 120.043s | rep 26 budget 58833927 120.04s | 1736s
[164/881] vsplib-hb    gr_30_30                 old 31 budget 19992576 120.041s | rep 31 budget 26984448 120.044s | 1738s
[165/881] vsplib-hb    plat362                  old 34 refutation 4104924 9.813s | rep 34 refutation 4215557 10.444s | 1756s
[166/881] coloring     david                    old 13 refutation 598205 0.4s | rep 13 refutation 611759 0.429s | 1758s
[167/881] coloring     fpsol2.i.1               old 67 refutation 2355931 3.34s | rep 67 refutation 2355944 3.574s | 1765s
[168/881] vsplib-hb    lshp_265                 old 17 budget 113389568 120.033s | rep 17 budget 98279424 120.031s | 1786s
[169/881] vsplib-hb    lshp_406                 old 21 budget 60026880 120.038s | rep 21 budget 58195968 120.037s | 1806s
[170/881] vsplib-hb    lshp_577                 old 25 budget 42991616 120.038s | rep 25 budget 35422208 120.044s | 1826s
[171/881] vsplib-hb    lshp_778                 old 29 budget 25018368 120.041s | rep 29 budget 32727040 120.047s | 1941s
[172/881] coloring     huck                     old 10 bound 1432 0.004s | rep 10 bound 1432 0.004s | 1941s
[173/881] vsplib-hb    nos3                     old 43 budget 22151168 120.046s | rep 43 budget 21331968 120.049s | 1943s
[174/881] vsplib-hb    nos5                     old 56 budget 62283776 120.034s | rep 56 budget 58650624 120.04s | 1945s
[175/881] vsplib-hb    nos6                     old 15 budget 22839296 120.04s | rep 15 budget 22343680 120.038s | 1946s
[176/881] coloring     jean                     old 10 refutation 948178 0.511s | rep 10 refutation 948154 0.551s | 1948s
[177/881] vsplib-hb    nos7                     old 66 budget 38870207 120.043s | rep 66 budget 37985471 120.043s | 1950s
[178/881] coloring     anna                     old 14 budget 289042552 120.015s | rep 14 budget 275675182 120.015s | 1978s
[179/881] coloring     fpsol2.i.2               old 43 budget 112933678 120.038s | rep 43 budget 109067068 120.035s | 2005s
[180/881] coloring     fpsol2.i.3               old 43 budget 107853757 120.037s | rep 43 budget 102082509 120.038s | 2026s
[181/881] coloring     homer                    old 36 budget 55087104 120.038s | rep 36 budget 55173120 120.037s | 2066s
[182/881] coloring     games120                 old 32 refutation 133884909 74.771s | rep 32 refutation 136062891 80.812s | 2090s
[183/881] coloring     inithx.i.1               old 57 budget 92226872 120.042s | rep 57 budget 82389492 120.041s | 2181s
[184/881] coloring     inithx.i.2               old 40 budget 60728393 120.037s | rep 40 budget 59655240 120.037s | 2183s
[185/881] coloring     inithx.i.3               old 40 budget 61995145 120.037s | rep 40 budget 60221576 120.044s | 2185s
[186/881] coloring     le450_15a                old 264 budget 45969408 120.037s | rep 264 budget 45359104 120.031s | 2188s
[187/881] coloring     le450_15b                old 273 budget 52982515 120.04s | rep 273 budget 52868633 120.038s | 2190s
[188/881] coloring     le450_15c                old 354 budget 40847312 120.036s | rep 354 budget 40507344 120.036s | 2218s
[189/881] coloring     miles1000                old 49 bound 0 0.005s | rep 49 bound 0 0.005s | 2218s
[190/881] coloring     miles1500                old 77 bound 0 0.005s | rep 77 bound 0 0.005s | 2218s
[191/881] coloring     miles250                 old 10 refutation 12799 0.017s | rep 10 refutation 12797 0.019s | 2219s
[192/881] coloring     miles500                 old 22 bound 0 0.008s | rep 22 bound 0 0.008s | 2219s
[193/881] coloring     miles750                 old 36 refutation 3219 0.015s | rep 36 refutation 3229 0.016s | 2219s
[194/881] coloring     mulsol.i.1               old 50 bound 0 0.007s | rep 50 bound 0 0.007s | 2219s
[195/881] coloring     mulsol.i.2               old 32 bound 66128 0.106s | rep 32 bound 66142 0.108s | 2219s
[196/881] coloring     mulsol.i.3               old 32 bound 66437 0.108s | rep 32 bound 66451 0.109s | 2219s
[197/881] coloring     mulsol.i.4               old 32 bound 67149 0.106s | rep 32 bound 67163 0.11s | 2219s
[198/881] coloring     mulsol.i.5               old 31 bound 32796 0.06s | rep 31 bound 32811 0.061s | 2219s
[199/881] coloring     myciel2                  old 2 bound 0 0.0s | rep 2 bound 0 0.0s | 2219s
[200/881] coloring     myciel3                  old 5 refutation 15 0.0s | rep 5 refutation 15 0.0s | 2219s
[201/881] coloring     myciel4                  old 10 refutation 477 0.001s | rep 10 refutation 477 0.001s | 2219s
[202/881] coloring     myciel5                  old 20 refutation 685211 0.291s | rep 20 refutation 685211 0.294s | 2221s
[203/881] coloring     le450_15d                old 356 budget 37449728 120.044s | rep 356 budget 39096320 120.032s | 2245s
[204/881] coloring     le450_25a                old 228 budget 52121600 120.033s | rep 228 budget 50495488 120.04s | 2266s
[205/881] coloring     queen10_10               old 72 refutation 3386638 2.717s | rep 72 refutation 3386647 2.662s | 2279s
[206/881] coloring     le450_25b                old 233 budget 51491580 120.039s | rep 233 budget 51860222 120.033s | 2306s
[207/881] coloring     le450_25c                old 321 budget 49406832 120.035s | rep 321 budget 46887934 120.037s | 2330s
[208/881] coloring     queen11_11               old 87 refutation 33891626 29.877s | rep 87 refutation 33889623 30.004s | 2418s
[209/881] coloring     le450_25d                old 334 budget 47808512 120.039s | rep 334 budget 47558656 120.042s | 2421s
[210/881] coloring     le450_5a                 old 245 budget 49115493 120.033s | rep 245 budget 47669607 120.034s | 2423s
[211/881] coloring     le450_5b                 old 261 budget 54924123 120.037s | rep 261 budget 55157599 120.03s | 2425s
[212/881] coloring     queen5_5                 old 18 refutation 135 0.001s | rep 18 refutation 135 0.001s | 2425s
[213/881] coloring     queen6_6                 old 25 refutation 462 0.001s | rep 25 refutation 462 0.002s | 2425s
[214/881] coloring     queen7_7                 old 35 refutation 5221 0.013s | rep 35 refutation 5221 0.012s | 2425s
[215/881] coloring     queen8_12                old 65 refutation 562363 0.434s | rep 65 refutation 562524 0.437s | 2427s
[216/881] coloring     queen8_8                 old 45 refutation 24172 0.046s | rep 45 refutation 24172 0.051s | 2427s
[217/881] coloring     queen9_9                 old 58 refutation 332998 0.263s | rep 58 refutation 332998 0.267s | 2428s
[218/881] coloring     le450_5c                 old 267 budget 46968832 120.042s | rep 267 budget 45727744 120.04s | 2428s
[219/881] coloring     le450_5d                 old 270 budget 55582720 120.031s | rep 270 budget 54734848 120.031s | 2430s
[220/881] coloring     zeroin.i.1               old 50 bound 240 0.007s | rep 50 bound 240 0.007s | 2430s
[221/881] coloring     zeroin.i.2               old 32 bound 6401680 4.791s | rep 32 bound 6401703 5.037s | 2440s
[222/881] coloring     zeroin.i.3               old 32 bound 7184828 5.401s | rep 32 bound 7184851 5.818s | 2451s
[223/881] named        AhrensSzekeresGeneralizedQuadrangleGraph_3 old 18 refutation 378 0.001s | rep 18 refutation 378 0.001s | 2451s
[224/881] coloring     myciel6                  old 38 budget 264679493 120.009s | rep 38 budget 258924613 120.009s | 2461s
[225/881] coloring     myciel7                  old 72 budget 177033789 120.016s | rep 72 budget 171168321 120.016s | 2485s
[226/881] coloring     queen12_12               old 103 budget 100653886 120.017s | rep 103 budget 100555687 120.016s | 2546s
[227/881] named        BarbellGraph_10_5        old 9 bound 0 0.0s | rep 9 bound 0 0.0s | 2546s
[228/881] named        BidiakisCube             old 4 refutation 12 0.0s | rep 4 refutation 12 0.0s | 2546s
[229/881] coloring     queen13_13               old 121 budget 92607138 120.018s | rep 121 budget 92781416 120.021s | 2570s
[230/881] named        BlanusaFirstSnarkGraph   old 5 refutation 45 0.0s | rep 5 refutation 45 0.0s | 2570s
[231/881] named        BlanusaSecondSnarkGraph  old 5 refutation 45 0.0s | rep 5 refutation 45 0.0s | 2570s
[232/881] named        BrinkmannGraph           old 8 refutation 216 0.001s | rep 8 refutation 216 0.001s | 2570s
[233/881] named        BrouwerHaemersGraph      old 56 refutation 2449275 1.663s | rep 56 refutation 2449275 1.677s | 2578s
[234/881] coloring     queen14_14               old 140 budget 84634722 120.019s | rep 140 budget 83735595 120.02s | 2658s
[235/881] named        BuckyBall                old 10 refutation 238772 0.134s | rep 10 refutation 238772 0.143s | 2659s
[236/881] coloring     queen15_15               old 162 budget 83153946 120.018s | rep 162 budget 82436288 120.019s | 2661s
[237/881] coloring     queen16_16               old 185 budget 77260189 120.021s | rep 185 budget 77651071 120.019s | 2663s
[238/881] named        ChvatalGraph             old 6 refutation 16 0.0s | rep 6 refutation 16 0.0s | 2663s
[239/881] named        CirculantGraph_20_5      old 2 bound 0 0.0s | rep 2 bound 0 0.0s | 2663s
[240/881] named        CircularLadderGraph_20   old 4 refutation 40 0.001s | rep 4 refutation 40 0.001s | 2663s
[241/881] named        ClebschGraph             old 9 refutation 136 0.0s | rep 9 refutation 136 0.0s | 2663s
[242/881] named        CompleteBipartiteGraph_25_20 old 20 bound 0 0.001s | rep 20 bound 0 0.001s | 2663s
[243/881] named        CompleteGraph_15         old 14 bound 0 0.0s | rep 14 bound 0 0.0s | 2663s
[244/881] named        CoxeterGraph             old 9 refutation 16487 0.022s | rep 9 refutation 16487 0.021s | 2663s
[245/881] coloring     school1                  old 182 budget 65372160 120.045s | rep 182 budget 65900544 120.035s | 2668s
[246/881] named        CycleGraph_100           old 2 bound 0 0.002s | rep 2 bound 0 0.002s | 2668s
[247/881] coloring     school1_nsh              old 156 budget 71041024 120.035s | rep 156 budget 72642560 120.037s | 2669s
[248/881] named        DesarguesGraph           old 6 refutation 170 0.001s | rep 6 refutation 170 0.001s | 2669s
[249/881] named        DodecahedralGraph        old 6 refutation 290 0.001s | rep 6 refutation 290 0.001s | 2669s
[250/881] named        CubeGraph_6              old 23 refutation 7495085 3.639s | rep 23 refutation 7495085 3.748s | 2681s
[251/881] named        DoubleStarSnark          old 7 refutation 1295 0.002s | rep 7 refutation 1295 0.002s | 2682s
[252/881] named        DurerGraph               old 4 refutation 18 0.0s | rep 4 refutation 18 0.0s | 2682s
[253/881] named        DyckGraph                old 9 refutation 20578 0.025s | rep 9 refutation 20578 0.026s | 2682s
[254/881] named        EllinghamHorton54Graph   old 7 refutation 3643 0.006s | rep 7 refutation 3643 0.006s | 2682s
[255/881] named        EllinghamHorton78Graph   old 6 refutation 663 0.003s | rep 6 refutation 663 0.003s | 2682s
[256/881] named        ErreraGraph              old 6 refutation 12 0.0s | rep 6 refutation 12 0.0s | 2682s
[257/881] named        F26AGraph                old 8 refutation 3884 0.005s | rep 8 refutation 3884 0.006s | 2682s
[258/881] named        FibonacciTree_10         old 3 refutation 13515 0.025s | rep 3 refutation 13515 0.026s | 2682s
[259/881] named        FlowerSnark              old 6 refutation 195 0.001s | rep 6 refutation 195 0.001s | 2682s
[260/881] named        Balaban10Cage            old 15 budget 229649228 120.007s | rep 15 budget 223804236 120.009s | 2691s
[261/881] named        FolkmanGraph             old 7 refutation 153 0.0s | rep 7 refutation 153 0.001s | 2691s
[262/881] named        Balaban11Cage            old 24 budget 233664512 120.009s | rep 24 budget 217661440 120.01s | 2701s
[263/881] named        FranklinGraph            old 5 refutation 48 0.0s | rep 5 refutation 48 0.001s | 2701s
[264/881] named        FriendshipGraph_10       old 2 bound 0 0.0s | rep 2 bound 0 0.0s | 2701s
[265/881] named        FruchtGraph              old 4 refutation 23 0.0s | rep 4 refutation 23 0.0s | 2701s
[266/881] named        GeneralizedPetersenGraph_10_4 old 6 refutation 190 0.001s | rep 6 refutation 190 0.001s | 2701s
[267/881] named        GoethalsSeidelGraph_2_3  old 12 refutation 16 0.0s | rep 12 refutation 16 0.0s | 2701s
[268/881] named        GoldnerHararyGraph       old 4 refutation 13 0.0s | rep 4 refutation 13 0.0s | 2701s
[269/881] named        GossetGraph              old 43 refutation 14924 0.029s | rep 43 refutation 14924 0.031s | 2701s
[270/881] named        BalancedTree_3_5         old 5 budget 110203954 120.031s | rep 5 budget 105767986 120.033s | 2725s
[271/881] named        GrayGraph                old 13 refutation 19747143 7.225s | rep 13 refutation 19747143 7.55s | 2738s
[272/881] named        Grid2dGraph_5_5          old 5 refutation 104 0.001s | rep 5 refutation 104 0.0s | 2738s
[273/881] named        GrotzschGraph            old 5 refutation 15 0.0s | rep 5 refutation 15 0.0s | 2738s
[274/881] named        HallJankoGraph           old 82 refutation 4283297 3.314s | rep 82 refutation 4283297 3.29s | 2753s
[275/881] named        HanoiTowerGraph_4_3      old 14 refutation 78226 0.077s | rep 14 refutation 78772 0.079s | 2754s
[276/881] named        HararyGraph_6_15         old 6 bound 0 0.0s | rep 6 bound 0 0.0s | 2754s
[277/881] named        HarborthGraph            old 5 refutation 111 0.001s | rep 5 refutation 111 0.001s | 2754s
[278/881] named        BiggsSmithGraph          old 19 budget 228126720 120.008s | rep 19 budget 218873856 120.008s | 2786s
[279/881] named        BubbleSortGraph_5        old 23 budget 268312576 120.009s | rep 23 budget 248762368 120.009s | 2818s
[280/881] named        HeawoodGraph             old 6 refutation 119 0.001s | rep 6 refutation 119 0.0s | 2818s
[281/881] named        HerschelGraph            old 4 refutation 8 0.0s | rep 4 refutation 8 0.0s | 2818s
[282/881] named        HexahedralGraph          old 4 refutation 8 0.0s | rep 4 refutation 8 0.0s | 2818s
[283/881] named        CameronGraph             old 161 budget 76677120 120.018s | rep 161 budget 76472320 120.016s | 2899s
[284/881] named        HoffmanGraph             old 7 refutation 104 0.001s | rep 7 refutation 104 0.0s | 2899s
[285/881] named        Cell120                  old 67 budget 53047296 120.036s | rep 67 budget 51363840 120.035s | 2901s
[286/881] named        HoltGraph                old 10 refutation 2071 0.005s | rep 10 refutation 2071 0.005s | 2902s
[287/881] named        HortonGrap               old 8 refutation 37400 0.049s | rep 8 refutation 37394 0.051s | 2902s
[288/881] named        HouseGraph               old 2 bound 0 0.0s | rep 2 bound 0 0.0s | 2902s
[289/881] named        HouseXGraph              old 3 bound 0 0.0s | rep 3 bound 0 0.0s | 2902s
[290/881] named        HyperStarGraph_10_2      old 8 bound 0 0.001s | rep 8 bound 0 0.001s | 2903s
[291/881] named        DejterGraph              old 33 budget 289143984 120.008s | rep 33 budget 291816034 120.009s | 2908s
[292/881] named        IcosahedralGraph         old 6 refutation 12 0.0s | rep 6 refutation 12 0.0s | 2908s
[293/881] named        HoffmanSingletonGraph    old 27 refutation 5656090 2.669s | rep 27 refutation 5656090 2.68s | 2912s
[294/881] named        JohnsonGraph_8_2         old 18 refutation 100 0.001s | rep 18 refutation 100 0.001s | 2912s
[295/881] named        KittellGraph             old 7 refutation 66 0.0s | rep 7 refutation 66 0.0s | 2912s
[296/881] named        FoldedCubeGraph_7        old 31 budget 250408960 120.008s | rep 31 budget 248475648 120.007s | 2922s
[297/881] named        Klein7RegularGraph       old 13 refutation 542 0.001s | rep 13 refutation 542 0.001s | 2922s
[298/881] named        KneserGraph_10_2         old 36 refutation 405 0.001s | rep 36 refutation 405 0.001s | 2922s
[299/881] named        KneserGraph_8_3          old 32 refutation 2312055 1.152s | rep 32 refutation 2312055 1.161s | 2927s
[300/881] named        KrackhardtKiteGraph      old 4 refutation 9 0.0s | rep 4 refutation 9 0.0s | 2927s
[301/881] named        LadderGraph_20           old 2 bound 0 0.0s | rep 2 bound 0 0.0s | 2927s
[302/881] named        FosterGraph              old 20 budget 257470464 120.008s | rep 20 budget 240263168 120.009s | 2931s
[303/881] named        LollipopGraph_7_5        old 6 bound 0 0.0s | rep 6 bound 0 0.0s | 2931s
[304/881] named        Klein3RegularGraph       old 13 refutation 17729105 7.613s | rep 13 refutation 17729105 7.928s | 2950s
[305/881] named        MarkstroemGraph          old 5 refutation 128 0.0s | rep 5 refutation 128 0.001s | 2950s
[306/881] named        McGeeGraph               old 8 refutation 3812 0.006s | rep 8 refutation 3812 0.005s | 2950s
[307/881] named        MeredithGraph            old 8 refutation 1963 0.004s | rep 8 refutation 1963 0.004s | 2950s
[308/881] named        MoebiusKantorGraph       old 6 refutation 136 0.0s | rep 6 refutation 136 0.0s | 2950s
[309/881] named        MoserSpindle             old 3 bound 0 0.0s | rep 3 bound 0 0.0s | 2950s
[310/881] named        NKStarGraph_5_3          old 15 refutation 2340423 1.147s | rep 15 refutation 2340434 1.14s | 2956s
[311/881] named        NKStarGraph_8_2          old 18 refutation 9146 0.013s | rep 18 refutation 9146 0.015s | 2956s
[312/881] named        Grid2dGraph_20_40        old 20 budget 16920576 120.043s | rep 20 budget 16891904 120.05s | 2965s
[313/881] named        NauruGraph               old 8 refutation 3471 0.005s | rep 8 refutation 3471 0.006s | 2965s
[314/881] named        NonisotropicOrthogonalPolarGraph_3_5 old 10 refutation 15 0.0s | rep 10 refutation 15 0.0s | 2965s
[315/881] named        NonisotropicUnitaryPolarGraph_3_3 old 54 refutation 26103 0.045s | rep 54 refutation 26103 0.046s | 2965s
[316/881] named        OctahedralGraph          old 4 bound 0 0.0s | rep 4 bound 0 0.0s | 2965s
[317/881] named        OddGraph_3               old 5 refutation 25 0.0s | rep 5 refutation 25 0.0s | 2965s
[318/881] named        OddGraph_4               old 13 refutation 57206 0.057s | rep 13 refutation 57206 0.055s | 2966s
[319/881] named        HarriesGraph             old 15 budget 227852343 120.009s | rep 15 budget 224247863 120.008s | 2994s
[320/881] named        OrthogonalArrayBlockGraph_4_3 old 8 bound 0 0.0s | rep 8 bound 0 0.0s | 2994s
[321/881] named        OrthogonalPolarGraph_5_2 old 10 refutation 120 0.0s | rep 10 refutation 120 0.0s | 2994s
[322/881] named        PaleyGraph_17            old 12 refutation 85 0.0s | rep 12 refutation 85 0.0s | 2994s
[323/881] named        PappusGraph              old 7 refutation 873 0.001s | rep 7 refutation 873 0.002s | 2994s
[324/881] named        PasechnikGraph_1         old 2 bound 0 0.0s | rep 2 bound 0 0.0s | 2994s
[325/881] named        PasechnikGraph_2         old 36 refutation 20433 0.035s | rep 36 refutation 20433 0.036s | 2994s
[326/881] named        PasechnikGraph_3         old 102 refutation 1319603 1.132s | rep 102 refutation 1319603 1.13s | 2999s
[327/881] named        PathGraph_100            old 1 bound 0 0.002s | rep 1 bound 0 0.002s | 2999s
[328/881] named        HarriesWongGraph         old 15 budget 234975765 120.008s | rep 15 budget 222253589 120.009s | 3026s
[329/881] named        PetersenGraph            old 5 refutation 25 0.0s | rep 5 refutation 25 0.0s | 3026s
[330/881] named        PoussinGraph             old 6 refutation 15 0.0s | rep 6 refutation 15 0.0s | 3026s
[331/881] named        HigmanSimsGraph          old 74 budget 152079835 120.008s | rep 74 budget 148962779 120.009s | 3058s
[332/881] named        RingedTree_6             old 9 refutation 13257 0.016s | rep 9 refutation 13257 0.016s | 3058s
[333/881] named        HyperStarGraph_10_5      old 62 budget 168162034 120.015s | rep 62 budget 162902800 120.016s | 3143s
[334/881] named        RobertsonGraph           old 8 refutation 185 0.001s | rep 8 refutation 185 0.001s | 3143s
[335/881] named        SchlaefliGraph           old 21 refutation 243 0.001s | rep 21 refutation 243 0.001s | 3143s
[336/881] named        ShrikhandeGraph          old 9 refutation 64 0.0s | rep 9 refutation 64 0.0s | 3143s
[337/881] named        SierpinskiGasketGraph_3  old 4 refutation 21 0.0s | rep 4 refutation 21 0.0s | 3143s
[338/881] named        SierpinskiGasketGraph_5  old 6 refutation 2266 0.008s | rep 6 refutation 2266 0.008s | 3143s
[339/881] named        JohnsonGraph_10_4        old 109 budget 124699442 120.015s | rep 109 budget 122836214 120.016s | 3148s
[340/881] named        SousselierGraph          old 5 refutation 23 0.0s | rep 5 refutation 23 0.0s | 3148s
[341/881] named        SquaredSkewHadamardMatrixGraph_1 old 5 refutation 9 0.0s | rep 5 refutation 9 0.0s | 3148s
[342/881] named        SquaredSkewHadamardMatrixGraph_2 old 41 refutation 10437 0.023s | rep 41 refutation 10437 0.021s | 3148s
[343/881] named        SimsGewirtzGraph         old 34 refutation 3269291 1.519s | rep 34 refutation 3269291 1.536s | 3150s
[344/881] named        StarGraph_100            old 1 bound 0 0.002s | rep 1 bound 0 0.002s | 3150s
[345/881] named        SwitchedSquaredSkewHadamardMatrixGraph_1 old 5 refutation 25 0.0s | rep 5 refutation 25 0.0s | 3150s
[346/881] named        SwitchedSquaredSkewHadamardMatrixGraph_2 old 39 refutation 11477 0.024s | rep 39 refutation 11477 0.024s | 3151s
[347/881] named        SquaredSkewHadamardMatrixGraph_3 old 108 refutation 693283 0.572s | rep 108 refutation 693283 0.577s | 3151s
[348/881] named        SylvesterGraph           old 16 refutation 70816 0.061s | rep 16 refutation 70816 0.06s | 3151s
[349/881] named        SymplecticDualPolarGraph_4_3 old 28 refutation 33733 0.033s | rep 28 refutation 33733 0.033s | 3152s
[350/881] named        SwitchedSquaredSkewHadamardMatrixGraph_3 old 106 refutation 878838 0.734s | rep 106 refutation 878838 0.734s | 3154s
[351/881] named        SymplecticPolarGraph_4_3 old 29 refutation 83240 0.069s | rep 29 refutation 83240 0.069s | 3154s
[352/881] named        LjubljanaGraph           old 22 budget 231002454 120.008s | rep 22 budget 217297238 120.009s | 3167s
[353/881] named        SzekeresSnarkGraph       old 7 refutation 3002 0.005s | rep 7 refutation 3002 0.005s | 3167s
[354/881] named        T2starGeneralizedQuadrangleGraph_2 old 4 bound 0 0.0s | rep 4 bound 0 0.0s | 3168s
[355/881] named        T2starGeneralizedQuadrangleGraph_4 old 47 refutation 1179385 0.642s | rep 47 refutation 1179385 0.645s | 3171s
[356/881] named        TaylorTwographDescendantSRG_3 old 18 refutation 386 0.001s | rep 18 refutation 386 0.001s | 3171s
[357/881] named        TaylorTwographSRG_3      old 22 refutation 244 0.001s | rep 22 refutation 244 0.001s | 3171s
[358/881] named        TetrahedralGraph         old 3 bound 0 0.0s | rep 3 bound 0 0.0s | 3171s
[359/881] named        ThomsenGraph             old 3 bound 0 0.0s | rep 3 bound 0 0.0s | 3171s
[360/881] named        TietzeGraph              old 5 refutation 35 0.0s | rep 5 refutation 35 0.0s | 3171s
[361/881] named        Toroidal6RegularGrid2dGraph_4_6 old 9 refutation 96 0.0s | rep 9 refutation 96 0.001s | 3171s
[362/881] named        M22Graph                 old 54 refutation 93993472 65.502s | rep 54 refutation 93993472 65.254s | 3183s
[363/881] named        TruncatedTetrahedralGraph old 4 bound 0 0.0s | rep 4 bound 0 0.0s | 3183s
[364/881] named        NStarGraph_5             old 28 budget 159379768 120.01s | rep 28 budget 159412554 120.008s | 3196s
[365/881] named        TutteCoxeterGraph        old 9 refutation 19003 0.023s | rep 9 refutation 19003 0.024s | 3196s
[366/881] named        TutteGraph               old 6 refutation 1029 0.003s | rep 6 refutation 1029 0.002s | 3196s
[367/881] named        WagnerGraph              old 4 refutation 8 0.0s | rep 4 refutation 8 0.0s | 3196s
[368/881] named        WatkinsSnarkGraph        old 7 refutation 2792 0.005s | rep 7 refutation 2792 0.005s | 3196s
[369/881] named        WellsGraph               old 15 refutation 31648 0.034s | rep 15 refutation 31648 0.034s | 3196s
[370/881] named        WheelGraph_100           old 3 bound 0 0.002s | rep 3 bound 0 0.002s | 3196s
[371/881] named        WienerArayaGraph         old 7 refutation 1616 0.003s | rep 7 refutation 1616 0.003s | 3196s
[372/881] named        WorldMap                 old 7 refutation 982630 0.902s | rep 7 refutation 990882 0.936s | 3198s
[374/881] named        PerkelGraph              old 27 refutation 102323646 51.071s | rep 27 refutation 102283953 51.345s | 3199s
[376/881] named        OddGraph_5               old 41 budget 205028255 120.007s | rep 41 budget 201157536 120.008s | 3206s
[377/881] named        RingedTree_10            old 17 budget 18042880 120.041s | rep 17 budget 17494016 120.048s | 3266s
[378/881] named        RingedTree_8             old 13 budget 273104896 120.014s | rep 13 budget 206893056 120.015s | 3298s
[379/881] named        TruncatedIcosidodecahedralGraph old 12 refutation 74798110 35.97s | rep 12 refutation 75990446 39.103s | 3329s
[385/881] named        SymplecticDualPolarGraph_4_4 old 64 budget 174886912 120.009s | rep 64 budget 175198208 120.01s | 3392s
[386/881] named        SymplecticPolarGraph_4_4 old 64 budget 175984640 120.008s | rep 64 budget 175763456 120.01s | 3394s
[391/881] named        Tutte12Cage              old 27 budget 250620820 120.009s | rep 27 budget 233450388 120.009s | 3423s
[400/881] rome         grafo10298.97            old 10 budget 352631159 120.008s | rep 10 budget 328407415 120.008s | 3619s
[500/881] rome         grafo222.11              old 2 refutation 11 0.0s | rep 2 refutation 11 0.0s | 3832s
[600/881] rome         grafo435.12              old 1 bound 0 0.0s | rep 1 bound 0 0.0s | 3852s
[700/881] rome         grafo6398.41             old 4 bound 0 0.001s | rep 4 bound 0 0.001s | 3871s
[800/881] rome         grafo11502.100           old 8 budget 370905150 120.008s | rep 8 budget 344084542 120.008s | 4051s
