audit: 115 to run on 3 workers
Random-50-100-10-3_0: unsat 2 nodes 0.001 s audit_fail=0
Random-50-100-8-2_0: unsat 16 nodes 0.001 s audit_fail=0
Random-50-50-10-4_0: unsat 25 nodes 0.001 s audit_fail=0
Random-50-50-10-2_0: unsat 47 nodes 0.001 s audit_fail=0
Random-50-50-8-4_0: unsat 88 nodes 0.001 s audit_fail=0
Random-50-100-6-2_0: unsat 91 nodes 0.001 s audit_fail=0
Random-40-40-6-2_0: unsat 220 nodes 0.001 s audit_fail=0
Random-40-40-6-4_0: unsat 415 nodes 0.002 s audit_fail=0
Random-75-75-10-3_0: unsat 443 nodes 0.002 s audit_fail=0
Random-75-75-10-1_0: unsat 534 nodes 0.002 s audit_fail=0
Random-50-50-6-4_0: unsat 547 nodes 0.002 s audit_fail=0
Random-50-50-6-3_0: unsat 953 nodes 0.003 s audit_fail=0
Random-50-50-6-1_0: unsat 1173 nodes 0.003 s audit_fail=0
Random-50-100-4-4_0: unsat 1284 nodes 0.003 s audit_fail=0
Random-50-50-6-2_0: unsat 1375 nodes 0.004 s audit_fail=0
Random-50-100-4-5_0: unsat 1638 nodes 0.004 s audit_fail=0
Random-50-50-4-5_0: unsat 1824 nodes 0.004 s audit_fail=0
Random-75-75-8-1_0: unsat 2670 nodes 0.007 s audit_fail=0
Random-75-75-8-3_0: unsat 3050 nodes 0.007 s audit_fail=0
Random-75-75-8-5_0: unsat 5904 nodes 0.013 s audit_fail=0
Random-50-50-4-4_0: unsat 7169 nodes 0.014 s audit_fail=0
Random-100-100-10-5_0: unsat 6979 nodes 0.017 s audit_fail=0
Random-100-100-10-1_0: unsat 7013 nodes 0.016 s audit_fail=0
Random-50-50-4-3_0: unsat 8035 nodes 0.017 s audit_fail=11
Random-100-100-10-2_0: unsat 7452 nodes 0.016 s audit_fail=0
Random-100-100-10-3_0: unsat 22881 nodes 0.047 s audit_fail=0
Random-50-50-4-2_0: unsat 32859 nodes 0.053 s audit_fail=0
Random-50-50-2-5_0: unsat 42171 nodes 0.057 s audit_fail=15
Random-75-75-6-3_0: unsat 37039 nodes 0.056 s audit_fail=0
Random-75-75-6-2_0: unsat 37121 nodes 0.069 s audit_fail=6
Random-100-100-8-1_0: unsat 44237 nodes 0.077 s audit_fail=0
Random-50-100-2-1_0: unsat 55285 nodes 0.072 s audit_fail=13
Random-50-100-2-2_0: unsat 61509 nodes 0.077 s audit_fail=8
Random-125-125-10-4_0: unsat 65635 nodes 0.111 s audit_fail=0
Random-125-125-10-1_0: unsat 71324 nodes 0.125 s audit_fail=0
Random-50-100-2-3_0: unsat 71507 nodes 0.094 s audit_fail=56
Random-50-100-2-4_0: unsat 76080 nodes 0.089 s audit_fail=1
Random-125-125-10-3_0: unsat 86581 nodes 0.105 s audit_fail=0
Random-75-75-6-5_0: unsat 88532 nodes 0.121 s audit_fail=31
Random-75-75-6-4_0: unsat 92991 nodes 0.112 s audit_fail=18
Random-100-100-8-2_0: unsat 93656 nodes 0.141 s audit_fail=9
Random-100-50-10-4_0: unsat 110681 nodes 0.158 s audit_fail=12
Random-75-75-6-1_0: unsat 126934 nodes 0.143 s audit_fail=9
Random-100-100-8-4_0: unsat 150242 nodes 0.198 s audit_fail=0
Random-125-125-10-2_0: unsat 164085 nodes 0.216 s audit_fail=2
Random-100-50-10-2_0: unsat 164586 nodes 0.188 s audit_fail=228
Random-100-100-8-5_0: unsat 165587 nodes 0.213 s audit_fail=2
Random-50-100-2-5_0: unsat 179446 nodes 0.167 s audit_fail=76
Random-100-50-10-3_0: unsat 223115 nodes 0.242 s audit_fail=117
Random-125-125-10-5_0: unsat 241173 nodes 0.322 s audit_fail=0
Random-100-100-8-3_0: unsat 262474 nodes 0.307 s audit_fail=12
Random-75-75-4-2_0: unsat 334065 nodes 0.319 s audit_fail=72
Random-100-50-10-1_0: unsat 338958 nodes 0.384 s audit_fail=94
Random-75-75-2-1_0: unsat 399127 nodes 0.352 s audit_fail=443
Random-100-50-10-5_0: unsat 372447 nodes 0.427 s audit_fail=115
Random-75-75-4-1_0: unsat 542668 nodes 0.487 s audit_fail=250
Random-100-50-8-2_0: unsat 644258 nodes 0.623 s audit_fail=385
Random-75-75-2-3_0: unsat 1035836 nodes 0.842 s audit_fail=1266
Random-125-125-8-1_0: unsat 1058405 nodes 1.254 s audit_fail=33
Random-75-75-4-5_0: unsat 1434077 nodes 1.1 s audit_fail=5331
Random-125-125-8-4_0: unsat 1331897 nodes 1.414 s audit_fail=30
Random-100-50-8-1_0: unsat 1429824 nodes 1.391 s audit_fail=2473
Random-100-50-8-4_0: unsat 1596922 nodes 1.537 s audit_fail=1570
Random-75-75-4-4_0: unsat 2056611 nodes 1.714 s audit_fail=1093
Random-100-50-8-3_0: unsat 2051598 nodes 2.102 s audit_fail=1640
Random-100-50-6-4_0: unsat 2541504 nodes 2.36 s audit_fail=1261
Random-75-75-2-2_0: unsat 2632509 nodes 1.865 s audit_fail=1118
Random-100-50-8-5_0: unsat 2545963 nodes 2.601 s audit_fail=2525
Random-125-125-8-2_0: unsat 2817916 nodes 3.194 s audit_fail=74
Random-75-75-4-3_0: unsat 3065791 nodes 2.594 s audit_fail=1122
Random-100-50-6-1_0: unsat 3209241 nodes 3.24 s audit_fail=4564
Random-100-100-6-2_0: unsat 3086250 nodes 3.17 s audit_fail=366
Random-100-100-6-1_0: unsat 3116401 nodes 3.17 s audit_fail=735
Random-75-75-2-4_0: unsat 3677591 nodes 2.449 s audit_fail=3117
Random-100-50-4-5_0: unsat 3703630 nodes 2.683 s audit_fail=3717
Random-100-100-6-5_0: unsat 3547169 nodes 2.988 s audit_fail=2483
Random-75-75-2-5_0: unsat 4324490 nodes 3.142 s audit_fail=6129
Random-100-100-6-4_0: unsat 4164624 nodes 3.857 s audit_fail=3542
Random-100-50-6-3_0: unsat 4544155 nodes 3.819 s audit_fail=1968
Random-100-100-6-3_0: unsat 5301779 nodes 4.917 s audit_fail=944
Random-125-125-8-3_0: unsat 6153668 nodes 5.058 s audit_fail=454
Random-125-125-8-5_0: unsat 17120616 nodes 18.413 s audit_fail=1025
Random-100-50-6-5_0: unsat 28690496 nodes 21.159 s audit_fail=24520
Random-100-50-4-1_0: unsat 45265762 nodes 31.698 s audit_fail=19521
Random-100-50-6-2_0: unsat 46776231 nodes 27.649 s audit_fail=30641
Random-100-50-4-2_0: unsat 66377376 nodes 46.627 s audit_fail=10480
SP3: unsat 1471695 nodes 1.217 s audit_fail=1201
SP3_0: unsat 1471695 nodes 1.221 s audit_fail=1201
Random-125-125-6-1_0: unsat 61858208 nodes 71.434 s audit_fail=8133
Random-100-50-4-3_0: unsat 161241680 nodes 88.631 s audit_fail=25854
Random-100-100-4-2_0: unsat 177449828 nodes 182.525 s audit_fail=45664
Random-100-100-4-1_0: unsat 195268196 nodes 151.532 s audit_fail=158892
Random-100-50-4-4_0: unsat 343183223 nodes 150.469 s audit_fail=52400
Random-100-100-4-4_0: unsat 427802188 nodes 370.074 s audit_fail=151766
Random-100-100-2-2_0: unsat 857390223 nodes 526.256 s audit_fail=17407
SP4: unsat 49658117 nodes 38.579 s audit_fail=21408
SP4_0: unsat 49658117 nodes 54.261 s audit_fail=21408
Random-125-125-6-3_0: unsat 274655344 nodes 221.284 s audit_fail=94385
Random-100-100-4-3_0: unsat 1221428648 nodes 895.103 s audit_fail=481971
Random-100-100-4-5_0: unsat 918718597 nodes 678.284 s audit_fail=614925
Random-100-100-2-5_0: unknown 2237050880 nodes 1200.008 s audit_fail=742809
Random-100-100-2-4_0: unknown 4410667008 nodes 1200.008 s audit_fail=178751
Random-100-100-2-1_0: unknown 2114121728 nodes 1200.008 s audit_fail=296649
Random-125-125-6-4_0: unsat 400038970 nodes 302.948 s audit_fail=146921
Random-125-125-6-2_0: unsat 626788431 nodes 446.398 s audit_fail=451779
Random-100-100-2-3_0: unknown 2463043584 nodes 1200.008 s audit_fail=606252
Random-125-125-6-5_0: unsat 1523689200 nodes 1152.933 s audit_fail=672499
Random-125-125-4-3_0: unknown 1515855872 nodes 1200.008 s audit_fail=627854
Random-125-125-4-1_0: unknown 1535123456 nodes 1200.009 s audit_fail=1040550
Random-125-125-2-4_0: unknown 1961295872 nodes 1200.01 s audit_fail=105528
Random-125-125-4-5_0: unknown 1745735680 nodes 1200.01 s audit_fail=741056
Random-125-125-4-2_0: unknown 1537282048 nodes 1200.01 s audit_fail=1081457
Random-125-125-2-1_0: unknown 2137681920 nodes 1200.009 s audit_fail=283163
Random-125-125-2-5_0: unknown 2170408960 nodes 1200.009 s audit_fail=348325
Random-125-125-4-4_0: unknown 1768087552 nodes 1200.009 s audit_fail=774319
