[1/125] Random-100-100-10-1_0        old unsat 7013 0.0172s | rep unsat 7013 0.0159s | 0s
[2/125] Random-100-100-10-2_0        old unsat 7452 0.0166s | rep unsat 7452 0.0179s | 0s
[3/125] Random-100-100-10-4_0        old unsat 9726 0.0201s | rep unsat 9726 0.021s | 0s
[4/125] Random-100-100-10-5_0        old unsat 6979 0.0141s | rep unsat 6979 0.0138s | 0s
[5/125] Random-100-100-10-3_0        old unsat 22881 0.0433s | rep unsat 22881 0.0416s | 0s
[6/125] Random-100-100-6-2_0         old unsat 3086250 2.846s | rep unsat 3086336 2.8514s | 6s
[7/125] Random-100-100-6-1_0         old unsat 3116401 2.8914s | rep unsat 3116649 2.8876s | 6s
[8/125] Random-100-100-6-4_0         old unsat 4164624 3.8909s | rep unsat 4166995 3.9123s | 14s
[9/125] Random-100-100-6-3_0         old unsat 5301779 4.987s | rep unsat 5301972 4.8805s | 16s
[10/125] Random-100-100-8-1_0         old unsat 44237 0.0714s | rep unsat 44237 0.0707s | 16s
[11/125] Random-100-100-8-2_0         old unsat 93656 0.1245s | rep unsat 93656 0.1249s | 16s
[12/125] Random-100-100-8-3_0         old unsat 262474 0.2847s | rep unsat 262475 0.2847s | 17s
[13/125] Random-100-100-8-4_0         old unsat 150242 0.1792s | rep unsat 150242 0.1789s | 17s
[14/125] Random-100-100-8-5_0         old unsat 165587 0.1937s | rep unsat 165587 0.1928s | 17s
[15/125] Random-75-75-10-1_0          old unsat 534 0.0015s | rep unsat 534 0.0016s | 17s
[16/125] Random-75-75-10-2_0          old unsat 346 0.0012s | rep unsat 346 0.0011s | 17s
[17/125] Random-75-75-10-3_0          old unsat 443 0.0013s | rep unsat 443 0.0013s | 17s
[18/125] Random-75-75-10-4_0          old unsat 355 0.0012s | rep unsat 355 0.0011s | 17s
[19/125] Random-75-75-10-5_0          old unsat 823 0.002s | rep unsat 823 0.002s | 17s
[20/125] Random-75-75-2-1_0           old unsat 348066 0.3323s | rep unsat 348979 0.3411s | 18s
[21/125] Random-100-100-6-5_0         old unsat 3547169 3.3094s | rep unsat 3547950 3.3177s | 20s
[22/125] Random-75-75-2-3_0           old unsat 867561 0.7573s | rep unsat 870426 0.7777s | 22s
[23/125] Random-75-75-2-2_0           old unsat 2411161 2.0101s | rep unsat 2413576 2.0625s | 22s
[24/125] Random-75-75-2-4_0           old unsat 3154610 2.4846s | rep unsat 3151616 2.546s | 27s
[25/125] Random-75-75-4-1_0           old unsat 503301 0.4869s | rep unsat 503374 0.4921s | 28s
[26/125] Random-75-75-2-5_0           old unsat 3564141 3.1046s | rep unsat 3551424 3.2102s | 28s
[27/125] Random-75-75-4-2_0           old unsat 308500 0.3222s | rep unsat 308516 0.3252s | 29s
[28/125] Random-75-75-4-4_0           old unsat 1910382 1.8193s | rep unsat 1910664 1.8388s | 32s
[29/125] Random-75-75-4-3_0           old unsat 2904489 2.8487s | rep unsat 2905686 2.8792s | 34s
[30/125] Random-75-75-6-1_0           old unsat 126934 0.14s | rep unsat 126935 0.1386s | 35s
[31/125] Random-75-75-6-2_0           old unsat 37121 0.057s | rep unsat 37122 0.057s | 35s
[32/125] Random-75-75-4-5_0           old unsat 1283648 1.2032s | rep unsat 1289347 1.2252s | 35s
[33/125] Random-75-75-6-3_0           old unsat 37039 0.0586s | rep unsat 37039 0.0569s | 35s
[34/125] Random-75-75-6-4_0           old unsat 92991 0.1082s | rep unsat 92992 0.1101s | 35s
[35/125] Random-75-75-8-1_0           old unsat 2670 0.0052s | rep unsat 2670 0.0052s | 35s
[36/125] Random-75-75-8-2_0           old unsat 1851 0.0039s | rep unsat 1851 0.0039s | 35s
[37/125] Random-75-75-8-3_0           old unsat 3050 0.0057s | rep unsat 3050 0.0057s | 35s
[38/125] Random-75-75-8-4_0           old unsat 4765 0.0087s | rep unsat 4765 0.0087s | 35s
[39/125] Random-75-75-8-5_0           old unsat 5904 0.0102s | rep unsat 5904 0.0103s | 35s
[40/125] Random-75-75-6-5_0           old unsat 88532 0.1069s | rep unsat 88537 0.1074s | 35s
[41/125] Random-100-50-10-2_0         old unsat 164586 0.1894s | rep unsat 164713 0.1902s | 35s
[42/125] Random-100-50-10-1_0         old unsat 338958 0.3491s | rep unsat 338981 0.3507s | 36s
[43/125] Random-100-50-10-3_0         old unsat 223115 0.2426s | rep unsat 223169 0.246s | 36s
[44/125] Random-100-50-10-4_0         old unsat 110681 0.1366s | rep unsat 110685 0.138s | 36s
[45/125] Random-100-50-10-5_0         old unsat 362711 0.4763s | rep unsat 362751 0.4777s | 37s
[46/125] Random-100-50-2-2_0          old unsat 440239 0.4043s | rep unsat 440051 0.4209s | 38s
[47/125] Random-100-50-2-3_0          old unsat 605075 0.5602s | rep unsat 605083 0.5786s | 39s
[48/125] Random-100-50-2-4_0          old unsat 34442 0.0538s | rep unsat 34442 0.0545s | 39s
[49/125] Random-100-50-2-5_0          old unsat 607992 0.5654s | rep unsat 607410 0.5833s | 40s
[50/125] Random-100-50-2-1_0          old unsat 4190218 3.179s | rep unsat 4190406 3.2866s | 42s
[51/125] Random-100-50-4-1_0          old unsat 30317510 24.157s | rep unsat 30636502 25.0343s | 89s
[52/125] Random-100-50-4-2_0          old unsat 39287460 29.2068s | rep unsat 39380970 31.0299s | 103s
[53/125] Random-100-50-4-3_0          old unsat 118612332 90.2048s | rep unsat 119355702 92.3373s | 272s
[54/125] Random-100-50-4-5_0          old unsat 3462664 3.3219s | rep unsat 3466168 3.4277s | 278s
[55/125] Random-100-50-6-1_0          old unsat 2978478 3.2672s | rep unsat 2982321 3.3186s | 285s
[56/125] Random-100-50-4-4_0          old unsat 241102556 109.5549s | rep unsat 244306650 111.9797s | 324s
[57/125] Random-100-50-6-3_0          old unsat 4360374 3.5222s | rep unsat 4361401 3.5535s | 331s
[58/125] Random-100-50-6-4_0          old unsat 2392670 1.9242s | rep unsat 2393070 1.9462s | 335s
[59/125] Random-100-50-6-2_0          old unsat 38905631 33.5024s | rep unsat 39000004 34.2584s | 353s
[60/125] Random-100-50-8-1_0          old unsat 1338508 1.5588s | rep unsat 1340462 1.5764s | 356s
[61/125] Random-100-50-8-2_0          old unsat 613060 0.7231s | rep unsat 613289 0.7277s | 357s
[62/125] Random-100-50-8-3_0          old unsat 1966130 2.2297s | rep unsat 1967666 2.2403s | 362s
[63/125] Random-100-50-6-5_0          old unsat 22914404 14.5254s | rep unsat 23061664 14.9867s | 365s
[64/125] Random-100-50-8-4_0          old unsat 1518136 1.7541s | rep unsat 1518997 1.7758s | 365s
[65/125] Random-50-100-10-1_0         old unsat 3 0.0006s | rep unsat 3 0.0007s | 365s
[66/125] Random-50-100-10-2_0         old unsat 1 0.0006s | rep unsat 1 0.0005s | 365s
[67/125] Random-50-100-10-3_0         old unsat 2 0.0005s | rep unsat 2 0.0005s | 365s
[68/125] Random-50-100-10-4_0         old unsat 3 0.0006s | rep unsat 3 0.0005s | 365s
[69/125] Random-50-100-10-5_0         old unsat 4 0.0005s | rep unsat 4 0.0005s | 365s
[70/125] Random-50-100-2-1_0          old unsat 55285 0.0672s | rep unsat 55325 0.0673s | 366s
[71/125] Random-50-100-2-2_0          old unsat 61509 0.0713s | rep unsat 61509 0.0722s | 366s
[72/125] Random-50-100-2-3_0          old unsat 71507 0.0793s | rep unsat 71514 0.0794s | 366s
[73/125] Random-50-100-2-4_0          old unsat 76080 0.0847s | rep unsat 76080 0.0853s | 366s
[74/125] Random-50-100-2-5_0          old unsat 179446 0.1488s | rep unsat 179511 0.1488s | 366s
[75/125] Random-50-100-4-1_0          old unsat 781 0.0019s | rep unsat 781 0.0019s | 366s
[76/125] Random-50-100-4-2_0          old unsat 1198 0.0026s | rep unsat 1198 0.0025s | 366s
[77/125] Random-50-100-4-3_0          old unsat 1533 0.003s | rep unsat 1533 0.0031s | 366s
[78/125] Random-50-100-4-4_0          old unsat 1284 0.0027s | rep unsat 1284 0.0026s | 366s
[79/125] Random-50-100-4-5_0          old unsat 1638 0.0032s | rep unsat 1638 0.0032s | 366s
[80/125] Random-50-100-6-1_0          old unsat 47 0.0006s | rep unsat 47 0.0006s | 366s
[81/125] Random-50-100-6-2_0          old unsat 91 0.0006s | rep unsat 91 0.0007s | 366s
[82/125] Random-50-100-6-3_0          old unsat 77 0.0006s | rep unsat 77 0.0006s | 366s
[83/125] Random-50-100-6-4_0          old unsat 66 0.0006s | rep unsat 66 0.0006s | 366s
[84/125] Random-50-100-6-5_0          old unsat 142 0.0007s | rep unsat 142 0.0007s | 366s
[85/125] Random-50-100-8-1_0          old unsat 17 0.0005s | rep unsat 17 0.0006s | 366s
[86/125] Random-50-100-8-2_0          old unsat 16 0.0005s | rep unsat 16 0.0005s | 366s
[87/125] Random-50-100-8-3_0          old unsat 9 0.0005s | rep unsat 9 0.0005s | 366s
[88/125] Random-50-100-8-4_0          old unsat 12 0.0006s | rep unsat 12 0.0005s | 366s
[89/125] Random-50-100-8-5_0          old unsat 29 0.0005s | rep unsat 29 0.0005s | 366s
[90/125] Random-50-50-10-1_0          old unsat 47 0.0004s | rep unsat 47 0.0004s | 366s
[91/125] Random-50-50-10-2_0          old unsat 47 0.0004s | rep unsat 47 0.0004s | 366s
[92/125] Random-50-50-10-3_0          old unsat 32 0.0004s | rep unsat 32 0.0004s | 366s
[93/125] Random-50-50-10-4_0          old unsat 25 0.0004s | rep unsat 25 0.0004s | 366s
[94/125] Random-50-50-10-5_0          old unsat 15 0.0004s | rep unsat 15 0.0004s | 366s
[95/125] Random-50-50-2-1_0           old unsat 20347 0.0318s | rep unsat 20347 0.032s | 366s
[96/125] Random-50-50-2-2_0           old unsat 50564 0.0666s | rep unsat 50564 0.0677s | 367s
[97/125] Random-50-50-2-3_0           old unsat 15037 0.0237s | rep unsat 15037 0.0241s | 367s
[98/125] Random-50-50-2-4_0           old unsat 5910 0.0104s | rep unsat 5913 0.0104s | 367s
[99/125] Random-50-50-2-5_0           old unsat 32057 0.0465s | rep unsat 32076 0.0488s | 367s
[100/125] Random-50-50-4-1_0           old unsat 4434 0.0079s | rep unsat 4436 0.008s | 367s
[101/125] Random-50-50-4-2_0           old unsat 29079 0.0448s | rep unsat 29081 0.0454s | 367s
[102/125] Random-50-50-4-3_0           old unsat 7366 0.0134s | rep unsat 7388 0.0134s | 367s
[103/125] Random-50-50-4-4_0           old unsat 6829 0.0124s | rep unsat 6829 0.0125s | 367s
[104/125] Random-50-50-4-5_0           old unsat 1719 0.0035s | rep unsat 1719 0.0035s | 367s
[105/125] Random-50-50-6-1_0           old unsat 1173 0.0024s | rep unsat 1173 0.0024s | 367s
[106/125] Random-50-50-6-2_0           old unsat 1375 0.0027s | rep unsat 1375 0.0026s | 367s
[107/125] Random-50-50-6-3_0           old unsat 953 0.0019s | rep unsat 953 0.0019s | 367s
[108/125] Random-50-50-6-4_0           old unsat 547 0.0012s | rep unsat 547 0.0012s | 367s
[109/125] Random-50-50-6-5_0           old unsat 677 0.0014s | rep unsat 677 0.0014s | 367s
[110/125] Random-50-50-8-1_0           old unsat 126 0.0006s | rep unsat 126 0.0005s | 367s
[111/125] Random-50-50-8-2_0           old unsat 126 0.0005s | rep unsat 126 0.0006s | 367s
[112/125] Random-50-50-8-3_0           old unsat 176 0.0006s | rep unsat 176 0.0006s | 367s
[113/125] Random-50-50-8-4_0           old unsat 88 0.0005s | rep unsat 88 0.0005s | 367s
[114/125] Random-50-50-8-5_0           old unsat 62 0.0005s | rep unsat 62 0.0004s | 367s
[115/125] Random-100-50-8-5_0          old unsat 2453251 2.0459s | rep unsat 2454987 2.0517s | 369s
[116/125] Random-100-100-4-2_0         old unsat 177449828 201.5757s | rep unsat 177309806 194.5141s | 396s
[117/125] Random-100-100-4-1_0         old unsat 195268196 205.0976s | rep unsat 195426927 209.4266s | 415s
[118/125] Random-100-100-4-4_0         old unsat 427802188 421.0789s | rep unsat 427274058 427.8085s | 849s
[119/125] Random-100-100-2-5_0         old unknown 1145970688 600.022s | rep unknown 1150431232 600.0228s | 1200s
[120/125] Random-100-100-2-4_0         old unknown 1775812608 600.0219s | rep unknown 1436123136 600.0237s | 1200s
[121/125] Random-100-100-4-3_0         old unknown 878854144 600.0218s | rep unknown 707371008 600.0243s | 1200s
[122/125] Random-100-100-2-1_0         old unknown 779079680 600.0242s | rep unknown 994156544 600.0226s | 1200s
[123/125] Random-100-100-4-5_0         old unknown 868241408 600.0221s | rep unknown 694001664 600.0243s | 1200s
[124/125] Random-100-100-2-3_0         old unknown 1054527488 600.0255s | rep unknown 1115639808 600.0222s | 1200s
[125/125] Random-100-100-2-2_0         old unknown 769413120 600.0237s | rep unknown 775475200 600.0248s | 1200s
done: 125 instances -> /home/al/dev/MOSP/paper2/data/solver_fix_cost_cs.csv
