{'instance_name': 'Random-75-75-2-1_0', 'n': 75, 'k': 15, 'rep': 0, 'variant': 'old', 'status': 'unsat', 'nodes': 348066, 'seconds': 0.2589, 'us_per_node': 0.74394}
{'instance_name': 'Random-75-75-2-1_0', 'n': 75, 'k': 15, 'rep': 0, 'variant': 'repaired', 'status': 'unsat', 'nodes': 348979, 'seconds': 0.2563, 'us_per_node': 0.7344}
{'instance_name': 'Random-75-75-2-1_0', 'n': 75, 'k': 15, 'rep': 0, 'variant': 'old, pre-counter C', 'status': 'unsat', 'nodes': 348066, 'seconds': 0.2524, 'us_per_node': 0.72527}
{'instance_name': 'Random-75-75-2-1_0', 'n': 75, 'k': 15, 'rep': 1, 'variant': 'old, pre-counter C', 'status': 'unsat', 'nodes': 348066, 'seconds': 0.2527, 'us_per_node': 0.72591}
{'instance_name': 'Random-75-75-2-1_0', 'n': 75, 'k': 15, 'rep': 1, 'variant': 'repaired', 'status': 'unsat', 'nodes': 348979, 'seconds': 0.2556, 'us_per_node': 0.73234}
{'instance_name': 'Random-75-75-2-1_0', 'n': 75, 'k': 15, 'rep': 1, 'variant': 'old', 'status': 'unsat', 'nodes': 348066, 'seconds': 0.2558, 'us_per_node': 0.73487}
{'instance_name': 'Random-75-75-2-1_0', 'n': 75, 'k': 15, 'rep': 2, 'variant': 'old', 'status': 'unsat', 'nodes': 348066, 'seconds': 0.2512, 'us_per_node': 0.72173}
{'instance_name': 'Random-75-75-2-1_0', 'n': 75, 'k': 15, 'rep': 2, 'variant': 'repaired', 'status': 'unsat', 'nodes': 348979, 'seconds': 0.2671, 'us_per_node': 0.76551}
{'instance_name': 'Random-75-75-2-1_0', 'n': 75, 'k': 15, 'rep': 2, 'variant': 'old, pre-counter C', 'status': 'unsat', 'nodes': 348066, 'seconds': 0.2565, 'us_per_node': 0.73705}
{'instance_name': 'Random-75-75-2-1_0', 'n': 75, 'k': 15, 'rep': 3, 'variant': 'old, pre-counter C', 'status': 'unsat', 'nodes': 348066, 'seconds': 0.2573, 'us_per_node': 0.73917}
{'instance_name': 'Random-75-75-2-1_0', 'n': 75, 'k': 15, 'rep': 3, 'variant': 'repaired', 'status': 'unsat', 'nodes': 348979, 'seconds': 0.2553, 'us_per_node': 0.73156}
{'instance_name': 'Random-75-75-2-1_0', 'n': 75, 'k': 15, 'rep': 3, 'variant': 'old', 'status': 'unsat', 'nodes': 348066, 'seconds': 0.2475, 'us_per_node': 0.71101}
{'instance_name': 'Random-75-75-2-1_0', 'n': 75, 'k': 15, 'rep': 4, 'variant': 'old', 'status': 'unsat', 'nodes': 348066, 'seconds': 0.2497, 'us_per_node': 0.71739}
{'instance_name': 'Random-75-75-2-1_0', 'n': 75, 'k': 15, 'rep': 4, 'variant': 'repaired', 'status': 'unsat', 'nodes': 348979, 'seconds': 0.2568, 'us_per_node': 0.7358}
{'instance_name': 'Random-75-75-2-1_0', 'n': 75, 'k': 15, 'rep': 4, 'variant': 'old, pre-counter C', 'status': 'unsat', 'nodes': 348066, 'seconds': 0.2552, 'us_per_node': 0.73318}
{'instance_name': 'Random-100-50-4-1_0', 'n': 100, 'k': 25, 'rep': 0, 'variant': 'old', 'status': 'unsat', 'nodes': 30317510, 'seconds': 16.817, 'us_per_node': 0.5547}
{'instance_name': 'Random-100-50-4-1_0', 'n': 100, 'k': 25, 'rep': 0, 'variant': 'repaired', 'status': 'unsat', 'nodes': 30636502, 'seconds': 17.3479, 'us_per_node': 0.56625}
{'instance_name': 'Random-100-50-4-1_0', 'n': 100, 'k': 25, 'rep': 0, 'variant': 'old, pre-counter C', 'status': 'unsat', 'nodes': 30317510, 'seconds': 17.2451, 'us_per_node': 0.56882}
{'instance_name': 'Random-100-50-4-1_0', 'n': 100, 'k': 25, 'rep': 1, 'variant': 'old, pre-counter C', 'status': 'unsat', 'nodes': 30317510, 'seconds': 17.1831, 'us_per_node': 0.56677}
{'instance_name': 'Random-100-50-4-1_0', 'n': 100, 'k': 25, 'rep': 1, 'variant': 'repaired', 'status': 'unsat', 'nodes': 30636502, 'seconds': 17.2286, 'us_per_node': 0.56236}
{'instance_name': 'Random-100-50-4-1_0', 'n': 100, 'k': 25, 'rep': 1, 'variant': 'old', 'status': 'unsat', 'nodes': 30317510, 'seconds': 16.6537, 'us_per_node': 0.54931}
{'instance_name': 'Random-100-50-4-1_0', 'n': 100, 'k': 25, 'rep': 2, 'variant': 'old', 'status': 'unsat', 'nodes': 30317510, 'seconds': 16.6623, 'us_per_node': 0.54959}
{'instance_name': 'Random-100-50-4-1_0', 'n': 100, 'k': 25, 'rep': 2, 'variant': 'repaired', 'status': 'unsat', 'nodes': 30636502, 'seconds': 17.356, 'us_per_node': 0.56651}
{'instance_name': 'Random-100-50-4-1_0', 'n': 100, 'k': 25, 'rep': 2, 'variant': 'old, pre-counter C', 'status': 'unsat', 'nodes': 30317510, 'seconds': 17.4081, 'us_per_node': 0.57419}
{'instance_name': 'Random-100-50-4-1_0', 'n': 100, 'k': 25, 'rep': 3, 'variant': 'old, pre-counter C', 'status': 'unsat', 'nodes': 30317510, 'seconds': 17.3344, 'us_per_node': 0.57176}
{'instance_name': 'Random-100-50-4-1_0', 'n': 100, 'k': 25, 'rep': 3, 'variant': 'repaired', 'status': 'unsat', 'nodes': 30636502, 'seconds': 17.1117, 'us_per_node': 0.55854}
{'instance_name': 'Random-100-50-4-1_0', 'n': 100, 'k': 25, 'rep': 3, 'variant': 'old', 'status': 'unsat', 'nodes': 30317510, 'seconds': 16.6025, 'us_per_node': 0.54762}
{'instance_name': 'Random-100-50-4-1_0', 'n': 100, 'k': 25, 'rep': 4, 'variant': 'old', 'status': 'unsat', 'nodes': 30317510, 'seconds': 16.547, 'us_per_node': 0.54579}
{'instance_name': 'Random-100-50-4-1_0', 'n': 100, 'k': 25, 'rep': 4, 'variant': 'repaired', 'status': 'unsat', 'nodes': 30636502, 'seconds': 16.9467, 'us_per_node': 0.55315}
{'instance_name': 'Random-100-50-4-1_0', 'n': 100, 'k': 25, 'rep': 4, 'variant': 'old, pre-counter C', 'status': 'unsat', 'nodes': 30317510, 'seconds': 16.2077, 'us_per_node': 0.5346}
{'instance_name': 'Random-100-100-2-1_0', 'n': 100, 'k': 23, 'rep': 0, 'variant': 'old', 'status': 'unknown', 'nodes': 50000001, 'seconds': 27.5035, 'us_per_node': 0.55007}
{'instance_name': 'Random-100-100-2-1_0', 'n': 100, 'k': 23, 'rep': 0, 'variant': 'repaired', 'status': 'unknown', 'nodes': 50000001, 'seconds': 28.2627, 'us_per_node': 0.56525}
{'instance_name': 'Random-100-100-2-1_0', 'n': 100, 'k': 23, 'rep': 0, 'variant': 'old, pre-counter C', 'status': 'unknown', 'nodes': 50000001, 'seconds': 28.1668, 'us_per_node': 0.56334}
{'instance_name': 'Random-100-100-2-1_0', 'n': 100, 'k': 23, 'rep': 1, 'variant': 'old, pre-counter C', 'status': 'unknown', 'nodes': 50000001, 'seconds': 28.2646, 'us_per_node': 0.56529}
{'instance_name': 'Random-100-100-2-1_0', 'n': 100, 'k': 23, 'rep': 1, 'variant': 'repaired', 'status': 'unknown', 'nodes': 50000001, 'seconds': 28.2069, 'us_per_node': 0.56414}
{'instance_name': 'Random-100-100-2-1_0', 'n': 100, 'k': 23, 'rep': 1, 'variant': 'old', 'status': 'unknown', 'nodes': 50000001, 'seconds': 27.4503, 'us_per_node': 0.54901}
{'instance_name': 'Random-100-100-2-1_0', 'n': 100, 'k': 23, 'rep': 2, 'variant': 'old', 'status': 'unknown', 'nodes': 50000001, 'seconds': 27.4726, 'us_per_node': 0.54945}
{'instance_name': 'Random-100-100-2-1_0', 'n': 100, 'k': 23, 'rep': 2, 'variant': 'repaired', 'status': 'unknown', 'nodes': 50000001, 'seconds': 28.6463, 'us_per_node': 0.57293}
{'instance_name': 'Random-100-100-2-1_0', 'n': 100, 'k': 23, 'rep': 2, 'variant': 'old, pre-counter C', 'status': 'unknown', 'nodes': 50000001, 'seconds': 27.8266, 'us_per_node': 0.55653}
{'instance_name': 'Random-100-100-2-1_0', 'n': 100, 'k': 23, 'rep': 3, 'variant': 'old, pre-counter C', 'status': 'unknown', 'nodes': 50000001, 'seconds': 26.0537, 'us_per_node': 0.52107}
{'instance_name': 'Random-100-100-2-1_0', 'n': 100, 'k': 23, 'rep': 3, 'variant': 'repaired', 'status': 'unknown', 'nodes': 50000001, 'seconds': 26.1697, 'us_per_node': 0.52339}
{'instance_name': 'Random-100-100-2-1_0', 'n': 100, 'k': 23, 'rep': 3, 'variant': 'old', 'status': 'unknown', 'nodes': 50000001, 'seconds': 25.6702, 'us_per_node': 0.5134}
{'instance_name': 'Random-100-100-2-1_0', 'n': 100, 'k': 23, 'rep': 4, 'variant': 'old', 'status': 'unknown', 'nodes': 50000001, 'seconds': 25.9264, 'us_per_node': 0.51853}
{'instance_name': 'Random-100-100-2-1_0', 'n': 100, 'k': 23, 'rep': 4, 'variant': 'repaired', 'status': 'unknown', 'nodes': 50000001, 'seconds': 27.6644, 'us_per_node': 0.55329}
{'instance_name': 'Random-100-100-2-1_0', 'n': 100, 'k': 23, 'rep': 4, 'variant': 'old, pre-counter C', 'status': 'unknown', 'nodes': 50000001, 'seconds': 27.3842, 'us_per_node': 0.54768}
{'instance_name': 'Random-125-125-2-1_0', 'n': 125, 'k': 23, 'rep': 0, 'variant': 'old', 'status': 'unknown', 'nodes': 50000001, 'seconds': 29.9918, 'us_per_node': 0.59984}
{'instance_name': 'Random-125-125-2-1_0', 'n': 125, 'k': 23, 'rep': 0, 'variant': 'repaired', 'status': 'unknown', 'nodes': 50000001, 'seconds': 30.5832, 'us_per_node': 0.61166}
{'instance_name': 'Random-125-125-2-1_0', 'n': 125, 'k': 23, 'rep': 0, 'variant': 'old, pre-counter C', 'status': 'unknown', 'nodes': 50000001, 'seconds': 30.8327, 'us_per_node': 0.61665}
{'instance_name': 'Random-125-125-2-1_0', 'n': 125, 'k': 23, 'rep': 1, 'variant': 'old, pre-counter C', 'status': 'unknown', 'nodes': 50000001, 'seconds': 31.1398, 'us_per_node': 0.6228}
{'instance_name': 'Random-125-125-2-1_0', 'n': 125, 'k': 23, 'rep': 1, 'variant': 'repaired', 'status': 'unknown', 'nodes': 50000001, 'seconds': 29.8081, 'us_per_node': 0.59616}
{'instance_name': 'Random-125-125-2-1_0', 'n': 125, 'k': 23, 'rep': 1, 'variant': 'old', 'status': 'unknown', 'nodes': 50000001, 'seconds': 27.8809, 'us_per_node': 0.55762}
{'instance_name': 'Random-125-125-2-1_0', 'n': 125, 'k': 23, 'rep': 2, 'variant': 'old', 'status': 'unknown', 'nodes': 50000001, 'seconds': 27.8369, 'us_per_node': 0.55674}
{'instance_name': 'Random-125-125-2-1_0', 'n': 125, 'k': 23, 'rep': 2, 'variant': 'repaired', 'status': 'unknown', 'nodes': 50000001, 'seconds': 28.7381, 'us_per_node': 0.57476}
{'instance_name': 'Random-125-125-2-1_0', 'n': 125, 'k': 23, 'rep': 2, 'variant': 'old, pre-counter C', 'status': 'unknown', 'nodes': 50000001, 'seconds': 28.9139, 'us_per_node': 0.57828}
{'instance_name': 'Random-125-125-2-1_0', 'n': 125, 'k': 23, 'rep': 3, 'variant': 'old, pre-counter C', 'status': 'unknown', 'nodes': 50000001, 'seconds': 28.6889, 'us_per_node': 0.57378}
{'instance_name': 'Random-125-125-2-1_0', 'n': 125, 'k': 23, 'rep': 3, 'variant': 'repaired', 'status': 'unknown', 'nodes': 50000001, 'seconds': 28.7, 'us_per_node': 0.574}
{'instance_name': 'Random-125-125-2-1_0', 'n': 125, 'k': 23, 'rep': 3, 'variant': 'old', 'status': 'unknown', 'nodes': 50000001, 'seconds': 28.1686, 'us_per_node': 0.56337}
{'instance_name': 'Random-125-125-2-1_0', 'n': 125, 'k': 23, 'rep': 4, 'variant': 'old', 'status': 'unknown', 'nodes': 50000001, 'seconds': 29.2539, 'us_per_node': 0.58508}
{'instance_name': 'Random-125-125-2-1_0', 'n': 125, 'k': 23, 'rep': 4, 'variant': 'repaired', 'status': 'unknown', 'nodes': 50000001, 'seconds': 30.3528, 'us_per_node': 0.60706}
{'instance_name': 'Random-125-125-2-1_0', 'n': 125, 'k': 23, 'rep': 4, 'variant': 'old, pre-counter C', 'status': 'unknown', 'nodes': 50000001, 'seconds': 29.502, 'us_per_node': 0.59004}
{'instance_name': 'Random-125-125-6-2_0', 'n': 125, 'k': 76, 'rep': 0, 'variant': 'old', 'status': 'unknown', 'nodes': 50000001, 'seconds': 35.592, 'us_per_node': 0.71184}
{'instance_name': 'Random-125-125-6-2_0', 'n': 125, 'k': 76, 'rep': 0, 'variant': 'repaired', 'status': 'unknown', 'nodes': 50000001, 'seconds': 35.5063, 'us_per_node': 0.71013}
{'instance_name': 'Random-125-125-6-2_0', 'n': 125, 'k': 76, 'rep': 0, 'variant': 'old, pre-counter C', 'status': 'unknown', 'nodes': 50000001, 'seconds': 36.3768, 'us_per_node': 0.72754}
{'instance_name': 'Random-125-125-6-2_0', 'n': 125, 'k': 76, 'rep': 1, 'variant': 'old, pre-counter C', 'status': 'unknown', 'nodes': 50000001, 'seconds': 33.9811, 'us_per_node': 0.67962}
{'instance_name': 'Random-125-125-6-2_0', 'n': 125, 'k': 76, 'rep': 1, 'variant': 'repaired', 'status': 'unknown', 'nodes': 50000001, 'seconds': 33.5461, 'us_per_node': 0.67092}
{'instance_name': 'Random-125-125-6-2_0', 'n': 125, 'k': 76, 'rep': 1, 'variant': 'old', 'status': 'unknown', 'nodes': 50000001, 'seconds': 32.984, 'us_per_node': 0.65968}
{'instance_name': 'Random-125-125-6-2_0', 'n': 125, 'k': 76, 'rep': 2, 'variant': 'old', 'status': 'unknown', 'nodes': 50000001, 'seconds': 33.8766, 'us_per_node': 0.67753}
{'instance_name': 'Random-125-125-6-2_0', 'n': 125, 'k': 76, 'rep': 2, 'variant': 'repaired', 'status': 'unknown', 'nodes': 50000001, 'seconds': 34.3025, 'us_per_node': 0.68605}
{'instance_name': 'Random-125-125-6-2_0', 'n': 125, 'k': 76, 'rep': 2, 'variant': 'old, pre-counter C', 'status': 'unknown', 'nodes': 50000001, 'seconds': 35.103, 'us_per_node': 0.70206}
{'instance_name': 'Random-125-125-6-2_0', 'n': 125, 'k': 76, 'rep': 3, 'variant': 'old, pre-counter C', 'status': 'unknown', 'nodes': 50000001, 'seconds': 34.886, 'us_per_node': 0.69772}
{'instance_name': 'Random-125-125-6-2_0', 'n': 125, 'k': 76, 'rep': 3, 'variant': 'repaired', 'status': 'unknown', 'nodes': 50000001, 'seconds': 33.3114, 'us_per_node': 0.66623}
{'instance_name': 'Random-125-125-6-2_0', 'n': 125, 'k': 76, 'rep': 3, 'variant': 'old', 'status': 'unknown', 'nodes': 50000001, 'seconds': 33.0038, 'us_per_node': 0.66008}
{'instance_name': 'Random-125-125-6-2_0', 'n': 125, 'k': 76, 'rep': 4, 'variant': 'old', 'status': 'unknown', 'nodes': 50000001, 'seconds': 32.676, 'us_per_node': 0.65352}
{'instance_name': 'Random-125-125-6-2_0', 'n': 125, 'k': 76, 'rep': 4, 'variant': 'repaired', 'status': 'unknown', 'nodes': 50000001, 'seconds': 32.6051, 'us_per_node': 0.6521}
{'instance_name': 'Random-125-125-6-2_0', 'n': 125, 'k': 76, 'rep': 4, 'variant': 'old, pre-counter C', 'status': 'unknown', 'nodes': 50000001, 'seconds': 34.0267, 'us_per_node': 0.68053}
{'instance_name': 'Random-125-125-4-1_0', 'n': 125, 'k': 56, 'rep': 0, 'variant': 'old', 'status': 'unknown', 'nodes': 50000001, 'seconds': 39.5819, 'us_per_node': 0.79164}
{'instance_name': 'Random-125-125-4-1_0', 'n': 125, 'k': 56, 'rep': 0, 'variant': 'repaired', 'status': 'unknown', 'nodes': 50000001, 'seconds': 38.5364, 'us_per_node': 0.77073}
{'instance_name': 'Random-125-125-4-1_0', 'n': 125, 'k': 56, 'rep': 0, 'variant': 'old, pre-counter C', 'status': 'unknown', 'nodes': 50000001, 'seconds': 39.4904, 'us_per_node': 0.78981}
{'instance_name': 'Random-125-125-4-1_0', 'n': 125, 'k': 56, 'rep': 1, 'variant': 'old, pre-counter C', 'status': 'unknown', 'nodes': 50000001, 'seconds': 39.5182, 'us_per_node': 0.79036}
{'instance_name': 'Random-125-125-4-1_0', 'n': 125, 'k': 56, 'rep': 1, 'variant': 'repaired', 'status': 'unknown', 'nodes': 50000001, 'seconds': 38.3513, 'us_per_node': 0.76703}
{'instance_name': 'Random-125-125-4-1_0', 'n': 125, 'k': 56, 'rep': 1, 'variant': 'old', 'status': 'unknown', 'nodes': 50000001, 'seconds': 38.3801, 'us_per_node': 0.7676}
{'instance_name': 'Random-125-125-4-1_0', 'n': 125, 'k': 56, 'rep': 2, 'variant': 'old', 'status': 'unknown', 'nodes': 50000001, 'seconds': 39.7424, 'us_per_node': 0.79485}
{'instance_name': 'Random-125-125-4-1_0', 'n': 125, 'k': 56, 'rep': 2, 'variant': 'repaired', 'status': 'unknown', 'nodes': 50000001, 'seconds': 40.1526, 'us_per_node': 0.80305}
{'instance_name': 'Random-125-125-4-1_0', 'n': 125, 'k': 56, 'rep': 2, 'variant': 'old, pre-counter C', 'status': 'unknown', 'nodes': 50000001, 'seconds': 40.0103, 'us_per_node': 0.80021}
{'instance_name': 'Random-125-125-4-1_0', 'n': 125, 'k': 56, 'rep': 3, 'variant': 'old, pre-counter C', 'status': 'unknown', 'nodes': 50000001, 'seconds': 39.7095, 'us_per_node': 0.79419}
{'instance_name': 'Random-125-125-4-1_0', 'n': 125, 'k': 56, 'rep': 3, 'variant': 'repaired', 'status': 'unknown', 'nodes': 50000001, 'seconds': 38.1395, 'us_per_node': 0.76279}
{'instance_name': 'Random-125-125-4-1_0', 'n': 125, 'k': 56, 'rep': 3, 'variant': 'old', 'status': 'unknown', 'nodes': 50000001, 'seconds': 37.1733, 'us_per_node': 0.74347}
{'instance_name': 'Random-125-125-4-1_0', 'n': 125, 'k': 56, 'rep': 4, 'variant': 'old', 'status': 'unknown', 'nodes': 50000001, 'seconds': 38.1745, 'us_per_node': 0.76349}
{'instance_name': 'Random-125-125-4-1_0', 'n': 125, 'k': 56, 'rep': 4, 'variant': 'repaired', 'status': 'unknown', 'nodes': 50000001, 'seconds': 37.9788, 'us_per_node': 0.75958}
{'instance_name': 'Random-125-125-4-1_0', 'n': 125, 'k': 56, 'rep': 4, 'variant': 'old, pre-counter C', 'status': 'unknown', 'nodes': 50000001, 'seconds': 38.9416, 'us_per_node': 0.77883}
done -> /home/al/dev/MOSP/paper2/data/solver_fix_cost_overhead.csv
